\BOOKMARK [1][-]{section.1}{Introduction}{}% 1
\BOOKMARK [1][-]{section.2}{Related Work}{}% 2
\BOOKMARK [2][-]{subsection.2.1}{Multi-View Generation}{section.2}% 3
\BOOKMARK [2][-]{subsection.2.2}{PBR Material Generation}{section.2}% 4
\BOOKMARK [2][-]{subsection.2.3}{Training Regularization}{section.2}% 5
\BOOKMARK [2][-]{subsection.2.4}{Cross-View Consistency in 3D}{section.2}% 6
\BOOKMARK [2][-]{subsection.2.5}{Training Stability in Diffusion Models}{section.2}% 7
\BOOKMARK [1][-]{section.3}{Method}{}% 8
\BOOKMARK [2][-]{subsection.3.1}{Problem Formulation}{section.3}% 9
\BOOKMARK [2][-]{subsection.3.2}{MV-Consistency Loss}{section.3}% 10
\BOOKMARK [2][-]{subsection.3.3}{Implementation}{section.3}% 11
\BOOKMARK [2][-]{subsection.3.4}{Why =0.01 is Optimal}{section.3}% 12
\BOOKMARK [2][-]{subsection.3.5}{Theoretical Justification}{section.3}% 13
\BOOKMARK [1][-]{section.4}{Experiments}{}% 14
\BOOKMARK [2][-]{subsection.4.1}{Setup}{section.4}% 15
\BOOKMARK [2][-]{subsection.4.2}{Main Results}{section.4}% 16
\BOOKMARK [2][-]{subsection.4.3}{Gradient Analysis}{section.4}% 17
\BOOKMARK [2][-]{subsection.4.4}{Ablation Study}{section.4}% 18
\BOOKMARK [2][-]{subsection.4.5}{Multi-Scale Validation}{section.4}% 19
\BOOKMARK [2][-]{subsection.4.6}{Comparison with Other Regularization}{section.4}% 20
\BOOKMARK [2][-]{subsection.4.7}{Computational Efficiency}{section.4}% 21
\BOOKMARK [1][-]{section.5}{Discussion}{}% 22
\BOOKMARK [1][-]{section.6}{Limitations and Future Work}{}% 23
\BOOKMARK [1][-]{section.7}{Conclusion}{}% 24
