============= length of dataset 150 =============
Loading MV-Painter pipeline...
Loading pipeline components...:   0%|          | 0/7 [00:00<?, ?it/s]Loading pipeline components...:  14%|█▍        | 1/7 [00:08<00:52,  8.72s/it]Loading pipeline components...:  29%|██▊       | 2/7 [03:06<09:02, 108.45s/it]Loading pipeline components...:  43%|████▎     | 3/7 [03:07<03:56, 59.04s/it] Loading pipeline components...:  71%|███████▏  | 5/7 [03:29<01:03, 31.95s/it]Loading pipeline components...:  86%|████████▌ | 6/7 [03:29<00:22, 22.81s/it]Loading pipeline components...: 100%|██████████| 7/7 [04:20<00:00, 31.00s/it]Loading pipeline components...: 100%|██████████| 7/7 [04:20<00:00, 37.26s/it]
Gradient checkpointing DISABLED for GeoTex-Adapter compatibility
Injected 9 GeoTex adapters (up_only mode)
FAC disabled — using legacy static scaling
GeoTex adapter params: 1.57M
GeoTex encoder params: 0.63M
Total trainable: 2.20M / 2569.03M UNet (0.09%)
Loaded GeoTex weights from /4T/CXY/MV-Painter/mvpoutput/reviewer1_main_rerun_20260928/checkpoints/geotex_step_0002000.pt
libpng warning: eXIf: duplicate
libpng warning: eXIf: duplicate
libpng warning: eXIf: duplicate
libpng warning: eXIf: duplicate
libpng warning: eXIf: duplicate
libpng warning: eXIf: duplicate
libpng warning: eXIf: duplicate
libpng warning: eXIf: duplicate
libpng warning: eXIf: duplicate
libpng warning: eXIf: duplicate
libpng warning: eXIf: duplicate
libpng warning: eXIf: duplicate
libpng warning: eXIf: duplicate
libpng warning: eXIf: duplicate
libpng warning: eXIf: duplicate
libpng warning: eXIf: duplicate
libpng warning: eXIf: duplicate
libpng warning: eXIf: duplicate
libpng warning: eXIf: duplicate
libpng warning: eXIf: duplicate
libpng warning: eXIf: duplicate
libpng warning: eXIf: duplicate
libpng warning: eXIf: duplicate
libpng warning: eXIf: duplicate
libpng warning: eXIf: duplicate
libpng warning: eXIf: duplicate
libpng warning: eXIf: duplicate
libpng warning: eXIf: duplicate
libpng warning: eXIf: duplicate
libpng warning: eXIf: duplicate
libpng warning: eXIf: duplicate
libpng warning: eXIf: duplicate
libpng warning: eXIf: duplicate
libpng warning: eXIf: duplicate
libpng warning: eXIf: duplicate
libpng warning: eXIf: duplicate
libpng warning: eXIf: duplicate
libpng warning: eXIf: duplicate
libpng warning: eXIf: duplicate
libpng warning: eXIf: duplicate
libpng warning: eXIf: duplicate
libpng warning: eXIf: duplicate
libpng warning: eXIf: duplicate
libpng warning: eXIf: duplicate
libpng warning: eXIf: duplicate
libpng warning: eXIf: duplicate
libpng warning: eXIf: duplicate
libpng warning: eXIf: duplicate
libpng warning: eXIf: duplicate
libpng warning: eXIf: duplicate
libpng warning: eXIf: duplicate
libpng warning: eXIf: duplicate
libpng warning: eXIf: duplicate
libpng warning: eXIf: duplicate
libpng warning: eXIf: duplicate
libpng warning: eXIf: duplicate
libpng warning: eXIf: duplicate
libpng warning: eXIf: duplicate
libpng warning: eXIf: duplicate
libpng warning: eXIf: duplicate
libpng warning: eXIf: duplicate
libpng warning: eXIf: duplicate
libpng warning: eXIf: duplicate
libpng warning: eXIf: duplicate
libpng warning: eXIf: duplicate
libpng warning: eXIf: duplicate
libpng warning: eXIf: duplicate
libpng warning: eXIf: duplicate
libpng warning: eXIf: duplicate
libpng warning: eXIf: duplicate
libpng warning: eXIf: duplicate
libpng warning: eXIf: duplicate
libpng warning: eXIf: duplicate
libpng warning: eXIf: duplicate
libpng warning: eXIf: duplicate
libpng warning: eXIf: duplicate
libpng warning: eXIf: duplicate
libpng warning: eXIf: duplicate
libpng warning: eXIf: duplicate
libpng warning: eXIf: duplicate
libpng warning: eXIf: duplicate
libpng warning: eXIf: duplicate
libpng warning: eXIf: duplicate
libpng warning: eXIf: duplicate
libpng warning: eXIf: duplicate
libpng warning: eXIf: duplicate
libpng warning: eXIf: duplicate
libpng warning: eXIf: duplicate
libpng warning: eXIf: duplicate
libpng warning: eXIf: duplicate
libpng warning: eXIf: duplicate
libpng warning: eXIf: duplicate
libpng warning: eXIf: duplicate
libpng warning: eXIf: duplicate
libpng warning: eXIf: duplicate
libpng warning: eXIf: duplicate
libpng warning: eXIf: duplicate
libpng warning: eXIf: duplicate
{
  "status": "complete",
  "started_utc": "2026-10-09T02:13:15.627149+00:00",
  "finished_utc": "2026-10-09T02:22:26.357966+00:00",
  "pid": 319904,
  "model_device": "cpu",
  "torch": "2.7.1+cu128",
  "torch_threads": 4,
  "uid_list_sha256": "f681e33cc4d2e7b86cba8bf986ff44bdabe927a1de34f88743eb976c09e4bb28",
  "checkpoint_sha256": "0618d6b284ab47aa16d7a89dc447f5ba4455ff6c9d918e5e129478a99e0114c0",
  "config_sha256": "295311ba717b2e360a6ab1eb54306afcfaa5ac66a7441410868b69714818ba8b",
  "runner_sha256": "be419fa51b36d9e9ddad327829feab9bc3fe85f1aa7a3d569e20946ebb2f04d2",
  "input_provenance_csv_sha256": "cc5162631846f67d3f387e2a7cf477a3e8c3c4cb7584d3d1f51bdefa7544d31b",
  "lock_sha256": "9b31ce5da8e6d2f0f47206567f4ab77da970258a38cdc8e790a66dfc54a83ee8",
  "n": 98,
  "view0_closer_count": 84,
  "view0_higher_cosine_count": 94,
  "selected_view14_max_abs_delta_median": 3.6739569902420044,
  "view0_max_abs_delta_median": 2.566420078277588,
  "median_max_abs_improvement_for_view0": 0.9830833673477173,
  "interpretation_scope": "input/cache source identity only; no prediction, GT quality, or repair outcomes read",
  "csv_sha256": "b67e073f652f598f6f071fcebc8037295ab983d5b8d7b3edfc00ed338dbfe2b7"
}
