auditing c3/obj_0013 ...
auditing c3/obj_0015 ...
auditing c3/obj_0038 ...
auditing c3/obj_0048 ...
auditing c3/obj_0054 ...
auditing c3/obj_0066 ...
auditing c3/obj_0068 ...
auditing c3/obj_0078 ...
auditing c3/obj_0082 ...
auditing c3/obj_0083 ...
auditing c3/obj_0110 ...
auditing c3/obj_0111 ...
auditing fixed_high/obj_0013 ...
auditing fixed_high/obj_0015 ...
auditing fixed_high/obj_0038 ...
auditing fixed_high/obj_0048 ...
auditing fixed_high/obj_0054 ...
auditing fixed_high/obj_0066 ...
auditing fixed_high/obj_0068 ...
auditing fixed_high/obj_0078 ...
auditing fixed_high/obj_0082 ...
auditing fixed_high/obj_0083 ...
auditing fixed_high/obj_0110 ...
auditing fixed_high/obj_0111 ...
auditing fixed_low/obj_0013 ...
auditing fixed_low/obj_0015 ...
auditing fixed_low/obj_0038 ...
auditing fixed_low/obj_0048 ...
auditing fixed_low/obj_0054 ...
auditing fixed_low/obj_0066 ...
auditing fixed_low/obj_0068 ...
auditing fixed_low/obj_0078 ...
auditing fixed_low/obj_0082 ...
auditing fixed_low/obj_0083 ...
auditing fixed_low/obj_0110 ...
auditing fixed_low/obj_0111 ...
auditing global_c3/obj_0013 ...
auditing global_c3/obj_0015 ...
auditing global_c3/obj_0038 ...
auditing global_c3/obj_0048 ...
auditing global_c3/obj_0054 ...
auditing global_c3/obj_0066 ...
auditing global_c3/obj_0068 ...
auditing global_c3/obj_0078 ...
auditing global_c3/obj_0082 ...
auditing global_c3/obj_0083 ...
auditing global_c3/obj_0110 ...
auditing global_c3/obj_0111 ...
auditing global_fixed_low/obj_0013 ...
auditing global_fixed_low/obj_0015 ...
auditing global_fixed_low/obj_0038 ...
auditing global_fixed_low/obj_0048 ...
auditing global_fixed_low/obj_0054 ...
auditing global_fixed_low/obj_0066 ...
auditing global_fixed_low/obj_0068 ...
auditing global_fixed_low/obj_0078 ...
auditing global_fixed_low/obj_0082 ...
auditing global_fixed_low/obj_0083 ...
auditing global_fixed_low/obj_0110 ...
auditing global_fixed_low/obj_0111 ...
auditing layer_lhl/obj_0013 ...
auditing layer_lhl/obj_0015 ...
auditing layer_lhl/obj_0038 ...
auditing layer_lhl/obj_0048 ...
auditing layer_lhl/obj_0054 ...
auditing layer_lhl/obj_0066 ...
auditing layer_lhl/obj_0068 ...
auditing layer_lhl/obj_0078 ...
auditing layer_lhl/obj_0082 ...
auditing layer_lhl/obj_0083 ...
auditing layer_lhl/obj_0110 ...
auditing layer_lhl/obj_0111 ...
auditing layer_llh/obj_0013 ...
auditing layer_llh/obj_0015 ...
auditing layer_llh/obj_0038 ...
auditing layer_llh/obj_0048 ...
auditing layer_llh/obj_0054 ...
auditing layer_llh/obj_0066 ...
auditing layer_llh/obj_0068 ...
auditing layer_llh/obj_0078 ...
auditing layer_llh/obj_0082 ...
auditing layer_llh/obj_0083 ...
auditing layer_llh/obj_0110 ...
auditing layer_llh/obj_0111 ...
auditing no_adapter/obj_0013 ...
auditing no_adapter/obj_0015 ...
auditing no_adapter/obj_0038 ...
auditing no_adapter/obj_0048 ...
auditing no_adapter/obj_0054 ...
auditing no_adapter/obj_0066 ...
auditing no_adapter/obj_0068 ...
auditing no_adapter/obj_0078 ...
auditing no_adapter/obj_0082 ...
auditing no_adapter/obj_0083 ...
auditing no_adapter/obj_0110 ...
auditing no_adapter/obj_0111 ...
{
  "c3": {
    "n_objects": 12,
    "seam_dE00_mean_of_means": 12.003937200042477,
    "seam_dE00_median": 4.5034125714895625e-13,
    "seam_dE00_p90_mean": 41.22484757756635,
    "seam_dE00_frac_gt5_mean": 0.3470208811469269,
    "seam_dE00_frac_gt10_mean": 0.2769264528542062,
    "control_dE00_mean_2px": 4.419291075192103,
    "seam_to_control_ratio_mean": 2.606423158996488,
    "baked_coverage_frac_mean": 0.15740195910135904
  },
  "fixed_high": {
    "n_objects": 12,
    "seam_dE00_mean_of_means": 12.042541547944504,
    "seam_dE00_median": 0.09983098525762137,
    "seam_dE00_p90_mean": 45.69895716129968,
    "seam_dE00_frac_gt5_mean": 0.2817867911045428,
    "seam_dE00_frac_gt10_mean": 0.2286885811131176,
    "control_dE00_mean_2px": 4.131378412699556,
    "seam_to_control_ratio_mean": 2.8839675758539034,
    "baked_coverage_frac_mean": 0.15740195910135904
  },
  "fixed_low": {
    "n_objects": 12,
    "seam_dE00_mean_of_means": 11.671442070465007,
    "seam_dE00_median": 0.06794253197546905,
    "seam_dE00_p90_mean": 39.27748946347936,
    "seam_dE00_frac_gt5_mean": 0.34710562881616563,
    "seam_dE00_frac_gt10_mean": 0.284147983686491,
    "control_dE00_mean_2px": 4.639251669302062,
    "seam_to_control_ratio_mean": 2.350710099534377,
    "baked_coverage_frac_mean": 0.15740195910135904
  },
  "global_c3": {
    "n_objects": 12,
    "seam_dE00_mean_of_means": 7.544937241320384,
    "seam_dE00_median": 0.1181479804330361,
    "seam_dE00_p90_mean": 22.051710923553028,
    "seam_dE00_frac_gt5_mean": 0.364753182865248,
    "seam_dE00_frac_gt10_mean": 0.26796893362665275,
    "control_dE00_mean_2px": 4.038230299425062,
    "seam_to_control_ratio_mean": 1.7746687152706944,
    "baked_coverage_frac_mean": 0.15740195910135904
  },
  "global_fixed_low": {
    "n_objects": 12,
    "seam_dE00_mean_of_means": 8.864909313216826,
    "seam_dE00_median": 0.12228488128481757,
    "seam_dE00_p90_mean": 26.166024309081234,
    "seam_dE00_frac_gt5_mean": 0.3845652746845745,
    "seam_dE00_frac_gt10_mean": 0.2864582167434196,
    "control_dE00_mean_2px": 4.541613958688429,
    "seam_to_control_ratio_mean": 1.8237177752274256,
    "baked_coverage_frac_mean": 0.15740195910135904
  },
  "layer_lhl": {
    "n_objects": 12,
    "seam_dE00_mean_of_means": 5.59754586368302,
    "seam_dE00_median": 0.11682843665541838,
    "seam_dE00_p90_mean": 17.178767247927752,
    "seam_dE00_frac_gt5_mean": 0.3478740486651741,
    "seam_dE00_frac_gt10_mean": 0.1810894002805518,
    "control_dE00_mean_2px": 3.6524067866228553,
    "seam_to_control_ratio_mean": 1.6195427084520382,
    "baked_coverage_frac_mean": 0.15740195910135904
  },
  "layer_llh": {
    "n_objects": 12,
    "seam_dE00_mean_of_means": 4.885055602691093,
    "seam_dE00_median": 0.1319158400245731,
    "seam_dE00_p90_mean": 14.564292876562142,
    "seam_dE00_frac_gt5_mean": 0.30501667834427776,
    "seam_dE00_frac_gt10_mean": 0.18638432848841682,
    "control_dE00_mean_2px": 2.7245875985482715,
    "seam_to_control_ratio_mean": 1.7530852976711522,
    "baked_coverage_frac_mean": 0.15740195910135904
  },
  "no_adapter": {
    "n_objects": 12,
    "seam_dE00_mean_of_means": 6.466996916544093,
    "seam_dE00_median": 4.0882209056522193e-13,
    "seam_dE00_p90_mean": 17.840385480498572,
    "seam_dE00_frac_gt5_mean": 0.30089854378989933,
    "seam_dE00_frac_gt10_mean": 0.20254098058523518,
    "control_dE00_mean_2px": 5.578340695037368,
    "seam_to_control_ratio_mean": 1.2689098506124632,
    "baked_coverage_frac_mean": 0.15740195910135904
  }
}
