03:33:45 | INFO: Data are loaded, start creating Blender stuff
03:33:45 | INFO: Blender create Mesh node 0
03:33:45 | INFO: Draco Decoder: Decode primitive [unnamed]
03:33:45 | WARNING: Draco Decoder: Vertex count of accessor and decoded vertex count does not match for attribute NORMAL. Updating accessor.
03:33:45 | WARNING: Draco Decoder: Vertex count of accessor and decoded vertex count does not match for attribute POSITION. Updating accessor.
03:33:45 | WARNING: Draco Decoder: Vertex count of accessor and decoded vertex count does not match for attribute TEXCOORD_0. Updating accessor.
03:33:46 | INFO: glTF import finished in 0.29s
[CPU-BAKE] obj_0013 layer_llh
03:34:51 | INFO: Data are loaded, start creating Blender stuff
03:34:51 | INFO: Blender create Mesh node 0
03:34:51 | INFO: Draco Decoder: Decode primitive [unnamed]
03:34:51 | WARNING: Draco Decoder: Vertex count of accessor and decoded vertex count does not match for attribute NORMAL. Updating accessor.
03:34:51 | WARNING: Draco Decoder: Vertex count of accessor and decoded vertex count does not match for attribute POSITION. Updating accessor.
03:34:51 | WARNING: Draco Decoder: Vertex count of accessor and decoded vertex count does not match for attribute TEXCOORD_0. Updating accessor.
03:34:51 | INFO: glTF import finished in 0.28s
INFO Draco mesh compression is available, use library at /4T/CXY/MV-Painter/blender-4.2.4-linux-x64/4.2/python/lib/python3.11/site-packages/libextern_draco.so
03:34:57 | INFO: Starting glTF 2.0 export
03:34:57 | INFO: Extracting primitive: Mesh_0
03:34:57 | INFO: Primitives created: 1
03:34:57 | INFO: Finished glTF 2.0 export in 0.19813036918640137 s

03:34:57 | INFO: Data are loaded, start creating Blender stuff
03:34:57 | INFO: Blender create Mesh node Mesh_0
03:34:57 | INFO: glTF import finished in 0.16s
[CPU-BAKE] obj_0013 layer_lhl
03:37:04 | INFO: Data are loaded, start creating Blender stuff
03:37:04 | INFO: Blender create Mesh node 0
03:37:04 | INFO: Draco Decoder: Decode primitive [unnamed]
03:37:04 | WARNING: Draco Decoder: Vertex count of accessor and decoded vertex count does not match for attribute NORMAL. Updating accessor.
03:37:04 | WARNING: Draco Decoder: Vertex count of accessor and decoded vertex count does not match for attribute POSITION. Updating accessor.
03:37:04 | WARNING: Draco Decoder: Vertex count of accessor and decoded vertex count does not match for attribute TEXCOORD_0. Updating accessor.
03:37:04 | INFO: glTF import finished in 0.28s
03:37:10 | INFO: Starting glTF 2.0 export
03:37:10 | INFO: Extracting primitive: Mesh_0
03:37:10 | INFO: Primitives created: 1
03:37:10 | INFO: Finished glTF 2.0 export in 0.19936728477478027 s

03:37:10 | INFO: Data are loaded, start creating Blender stuff
03:37:10 | INFO: Blender create Mesh node Mesh_0
03:37:10 | INFO: glTF import finished in 0.15s
03:37:16 | INFO: Data are loaded, start creating Blender stuff
03:37:16 | INFO: Blender create Mesh node 0
03:37:16 | INFO: Draco Decoder: Decode primitive [unnamed]
03:37:16 | INFO: glTF import finished in 0.04s
[CPU-BAKE] obj_0015 layer_llh
03:37:29 | INFO: Data are loaded, start creating Blender stuff
03:37:29 | INFO: Blender create Mesh node 0
03:37:29 | INFO: Draco Decoder: Decode primitive [unnamed]
03:37:29 | INFO: glTF import finished in 0.04s
03:37:34 | INFO: Starting glTF 2.0 export
03:37:34 | INFO: Extracting primitive: Mesh_0
03:37:34 | INFO: Primitives created: 1
03:37:34 | INFO: Finished glTF 2.0 export in 0.061662912368774414 s

03:37:34 | INFO: Data are loaded, start creating Blender stuff
03:37:34 | INFO: Blender create Mesh node Mesh_0
03:37:34 | INFO: glTF import finished in 0.03s
[CPU-BAKE] obj_0015 layer_lhl
03:38:00 | INFO: Data are loaded, start creating Blender stuff
03:38:00 | INFO: Blender create Mesh node 0
03:38:00 | INFO: Draco Decoder: Decode primitive [unnamed]
03:38:00 | INFO: glTF import finished in 0.04s
03:38:04 | INFO: Starting glTF 2.0 export
03:38:04 | INFO: Extracting primitive: Mesh_0
03:38:04 | INFO: Primitives created: 1
03:38:04 | INFO: Finished glTF 2.0 export in 0.06236457824707031 s

03:38:04 | INFO: Data are loaded, start creating Blender stuff
03:38:04 | INFO: Blender create Mesh node Mesh_0
03:38:04 | INFO: glTF import finished in 0.03s
03:38:06 | INFO: Data are loaded, start creating Blender stuff
03:38:06 | INFO: Blender create Mesh node 0
03:38:06 | INFO: Draco Decoder: Decode primitive [unnamed]
03:38:06 | INFO: glTF import finished in 0.20s
[CPU-BAKE] obj_0038 layer_llh
03:39:05 | INFO: Data are loaded, start creating Blender stuff
03:39:05 | INFO: Blender create Mesh node 0
03:39:05 | INFO: Draco Decoder: Decode primitive [unnamed]
03:39:06 | INFO: glTF import finished in 0.19s
03:39:12 | INFO: Starting glTF 2.0 export
03:39:12 | INFO: Extracting primitive: Mesh_0
03:39:12 | INFO: Primitives created: 1
03:39:12 | INFO: Finished glTF 2.0 export in 0.16886496543884277 s

03:39:12 | INFO: Data are loaded, start creating Blender stuff
03:39:12 | INFO: Blender create Mesh node Mesh_0
03:39:13 | INFO: glTF import finished in 0.12s
[CPU-BAKE] obj_0038 layer_lhl
03:41:06 | INFO: Data are loaded, start creating Blender stuff
03:41:06 | INFO: Blender create Mesh node 0
03:41:06 | INFO: Draco Decoder: Decode primitive [unnamed]
03:41:07 | INFO: glTF import finished in 0.19s
03:41:13 | INFO: Starting glTF 2.0 export
03:41:13 | INFO: Extracting primitive: Mesh_0
03:41:13 | INFO: Primitives created: 1
03:41:13 | INFO: Finished glTF 2.0 export in 0.17054152488708496 s

03:41:13 | INFO: Data are loaded, start creating Blender stuff
03:41:13 | INFO: Blender create Mesh node Mesh_0
03:41:14 | INFO: glTF import finished in 0.12s
03:41:19 | INFO: Data are loaded, start creating Blender stuff
03:41:19 | INFO: Blender create Mesh node Mesh.002
03:41:19 | INFO: Draco Decoder: Decode primitive Mesh.002
03:41:19 | INFO: Blender create Mesh node Mesh.003
03:41:19 | INFO: Draco Decoder: Decode primitive Mesh.003
03:41:19 | INFO: Blender create Mesh node Mesh.004
03:41:19 | INFO: Draco Decoder: Decode primitive Mesh.004
03:41:19 | INFO: Blender create Mesh node Mesh.005
03:41:19 | INFO: Draco Decoder: Decode primitive Mesh.005
03:41:19 | INFO: Blender create Mesh node Mesh.006
03:41:19 | INFO: Draco Decoder: Decode primitive Mesh.006
03:41:19 | INFO: Blender create Mesh node Mesh.008
03:41:19 | INFO: Draco Decoder: Decode primitive Mesh.008
03:41:19 | INFO: Blender create Mesh node Mesh.009
03:41:19 | INFO: Draco Decoder: Decode primitive Mesh.009
03:41:19 | INFO: Blender create Mesh node Mesh.011
03:41:19 | INFO: Draco Decoder: Decode primitive Mesh.011
03:41:19 | INFO: Blender create Mesh node Mesh.012
03:41:19 | INFO: Draco Decoder: Decode primitive Mesh.012
03:41:19 | INFO: Blender create Mesh node Mesh.038
03:41:19 | INFO: Draco Decoder: Decode primitive Mesh.038
03:41:19 | INFO: Blender create Mesh node Mesh.040
03:41:19 | INFO: Draco Decoder: Decode primitive Mesh.040
03:41:19 | INFO: Blender create Mesh node Mesh.039
03:41:19 | INFO: Draco Decoder: Decode primitive Mesh.039
03:41:19 | INFO: Blender create Mesh node Mesh.042
03:41:19 | INFO: Draco Decoder: Decode primitive Mesh.042
03:41:19 | INFO: Blender create Mesh node Mesh
03:41:19 | INFO: Draco Decoder: Decode primitive Mesh
03:41:19 | INFO: Blender create Mesh node Mesh.001
03:41:19 | INFO: Draco Decoder: Decode primitive Mesh.001
03:41:19 | INFO: Blender create Mesh node Mesh.017
03:41:19 | INFO: Draco Decoder: Decode primitive Mesh.017
03:41:19 | INFO: Blender create Mesh node Mesh.018
03:41:19 | INFO: Draco Decoder: Decode primitive Mesh.018
03:41:19 | INFO: Blender create Mesh node Mesh.019
03:41:19 | INFO: Draco Decoder: Decode primitive Mesh.019
03:41:19 | INFO: Blender create Mesh node Mesh.020
03:41:19 | INFO: Draco Decoder: Decode primitive Mesh.020
03:41:19 | INFO: Blender create Mesh node Mesh.021
03:41:19 | INFO: Draco Decoder: Decode primitive Mesh.021
03:41:19 | INFO: Blender create Mesh node Mesh.022
03:41:19 | INFO: Draco Decoder: Decode primitive Mesh.022
03:41:19 | INFO: Blender create Mesh node Mesh.023
03:41:19 | INFO: Draco Decoder: Decode primitive Mesh.023
03:41:19 | INFO: Blender create Mesh node Mesh.007
03:41:19 | INFO: Draco Decoder: Decode primitive Mesh.007
03:41:19 | INFO: Blender create Mesh node Mesh.024
03:41:19 | INFO: Draco Decoder: Decode primitive Mesh.024
03:41:19 | INFO: Blender create Mesh node Mesh.025
03:41:19 | INFO: Draco Decoder: Decode primitive Mesh.025
03:41:19 | INFO: Blender create Mesh node Mesh.026
03:41:19 | INFO: Draco Decoder: Decode primitive Mesh.026
03:41:19 | INFO: Blender create Mesh node Mesh.027
03:41:19 | INFO: Draco Decoder: Decode primitive Mesh.027
03:41:19 | INFO: Blender create Mesh node Mesh.028
03:41:19 | INFO: Draco Decoder: Decode primitive Mesh.028
03:41:19 | INFO: Blender create Mesh node Mesh.010
03:41:19 | INFO: Draco Decoder: Decode primitive Mesh.010
03:41:19 | INFO: Blender create Mesh node Mesh.029
03:41:19 | INFO: Draco Decoder: Decode primitive Mesh.029
03:41:19 | INFO: Blender create Mesh node Mesh.016
03:41:19 | INFO: Draco Decoder: Decode primitive Mesh.016
03:41:19 | INFO: Blender create Mesh node Mesh.030
03:41:19 | INFO: Draco Decoder: Decode primitive Mesh.030
03:41:19 | INFO: Blender create Mesh node Mesh.031
03:41:19 | INFO: Draco Decoder: Decode primitive Mesh.031
03:41:19 | INFO: Blender create Mesh node Mesh.014
03:41:19 | INFO: Draco Decoder: Decode primitive Mesh.014
03:41:19 | INFO: Blender create Mesh node Mesh.015
03:41:19 | INFO: Draco Decoder: Decode primitive Mesh.015
03:41:19 | INFO: Blender create Mesh node Mesh.034
03:41:19 | INFO: Draco Decoder: Decode primitive Mesh.034
03:41:19 | INFO: Blender create Mesh node Mesh.035
03:41:19 | INFO: Draco Decoder: Decode primitive Mesh.035
03:41:19 | INFO: Blender create Mesh node Mesh.013
03:41:19 | INFO: Draco Decoder: Decode primitive Mesh.013
03:41:19 | INFO: Blender create Mesh node Mesh.036
03:41:19 | INFO: Draco Decoder: Decode primitive Mesh.036
03:41:19 | INFO: Blender create Mesh node Mesh.037
03:41:19 | INFO: Draco Decoder: Decode primitive Mesh.037
03:41:19 | INFO: Blender create Mesh node Mesh.043
03:41:19 | INFO: Draco Decoder: Decode primitive Mesh.043
03:41:19 | INFO: Blender create Mesh node Mesh.032
03:41:19 | INFO: Draco Decoder: Decode primitive Mesh.032
03:41:19 | INFO: Blender create Mesh node Mesh.033
03:41:19 | INFO: Draco Decoder: Decode primitive Mesh.033
03:41:19 | INFO: Blender create Mesh node Mesh.045
03:41:19 | INFO: Draco Decoder: Decode primitive Mesh.045
03:41:19 | INFO: Blender create Mesh node Mesh.044
03:41:19 | INFO: Draco Decoder: Decode primitive Mesh.044
03:41:19 | INFO: Blender create Mesh node Mesh.046
03:41:19 | INFO: Draco Decoder: Decode primitive Mesh.046
03:41:19 | INFO: Blender create Mesh node Mesh.047
03:41:19 | INFO: Draco Decoder: Decode primitive Mesh.047
03:41:19 | INFO: Blender create Mesh node Mesh.048
03:41:19 | INFO: Draco Decoder: Decode primitive Mesh.048
03:41:19 | INFO: Blender create Mesh node Mesh.049
03:41:19 | INFO: Draco Decoder: Decode primitive Mesh.049
03:41:19 | INFO: Blender create Mesh node Mesh.050
03:41:19 | INFO: Draco Decoder: Decode primitive Mesh.050
03:41:19 | INFO: Blender create Mesh node Mesh.041
03:41:19 | INFO: Draco Decoder: Decode primitive Mesh.041
03:41:19 | INFO: glTF import finished in 0.07s
[CPU-BAKE] obj_0048 layer_llh
03:41:21 | INFO: Data are loaded, start creating Blender stuff
03:41:21 | INFO: Blender create Mesh node Mesh.002
03:41:21 | INFO: Draco Decoder: Decode primitive Mesh.002
03:41:21 | INFO: Blender create Mesh node Mesh.003
03:41:21 | INFO: Draco Decoder: Decode primitive Mesh.003
03:41:21 | INFO: Blender create Mesh node Mesh.004
03:41:21 | INFO: Draco Decoder: Decode primitive Mesh.004
03:41:21 | INFO: Blender create Mesh node Mesh.005
03:41:21 | INFO: Draco Decoder: Decode primitive Mesh.005
03:41:21 | INFO: Blender create Mesh node Mesh.006
03:41:21 | INFO: Draco Decoder: Decode primitive Mesh.006
03:41:21 | INFO: Blender create Mesh node Mesh.008
03:41:21 | INFO: Draco Decoder: Decode primitive Mesh.008
03:41:21 | INFO: Blender create Mesh node Mesh.009
03:41:21 | INFO: Draco Decoder: Decode primitive Mesh.009
03:41:21 | INFO: Blender create Mesh node Mesh.011
03:41:21 | INFO: Draco Decoder: Decode primitive Mesh.011
03:41:21 | INFO: Blender create Mesh node Mesh.012
03:41:21 | INFO: Draco Decoder: Decode primitive Mesh.012
03:41:21 | INFO: Blender create Mesh node Mesh.038
03:41:21 | INFO: Draco Decoder: Decode primitive Mesh.038
03:41:21 | INFO: Blender create Mesh node Mesh.040
03:41:21 | INFO: Draco Decoder: Decode primitive Mesh.040
03:41:21 | INFO: Blender create Mesh node Mesh.039
03:41:21 | INFO: Draco Decoder: Decode primitive Mesh.039
03:41:21 | INFO: Blender create Mesh node Mesh.042
03:41:21 | INFO: Draco Decoder: Decode primitive Mesh.042
03:41:21 | INFO: Blender create Mesh node Mesh
03:41:21 | INFO: Draco Decoder: Decode primitive Mesh
03:41:21 | INFO: Blender create Mesh node Mesh.001
03:41:21 | INFO: Draco Decoder: Decode primitive Mesh.001
03:41:21 | INFO: Blender create Mesh node Mesh.017
03:41:21 | INFO: Draco Decoder: Decode primitive Mesh.017
03:41:21 | INFO: Blender create Mesh node Mesh.018
03:41:21 | INFO: Draco Decoder: Decode primitive Mesh.018
03:41:21 | INFO: Blender create Mesh node Mesh.019
03:41:21 | INFO: Draco Decoder: Decode primitive Mesh.019
03:41:21 | INFO: Blender create Mesh node Mesh.020
03:41:21 | INFO: Draco Decoder: Decode primitive Mesh.020
03:41:21 | INFO: Blender create Mesh node Mesh.021
03:41:21 | INFO: Draco Decoder: Decode primitive Mesh.021
03:41:21 | INFO: Blender create Mesh node Mesh.022
03:41:21 | INFO: Draco Decoder: Decode primitive Mesh.022
03:41:21 | INFO: Blender create Mesh node Mesh.023
03:41:21 | INFO: Draco Decoder: Decode primitive Mesh.023
03:41:21 | INFO: Blender create Mesh node Mesh.007
03:41:21 | INFO: Draco Decoder: Decode primitive Mesh.007
03:41:21 | INFO: Blender create Mesh node Mesh.024
03:41:21 | INFO: Draco Decoder: Decode primitive Mesh.024
Blender 4.2.4 LTS (hash e41b0e807a59 built 2024-11-19 00:31:24)
DracoDecoder | Decoded 136537 vertices, 450000 indices
DracoDecoder | Decoded 136537 vertices, 450000 indices
DracoDecoder | Decoded 136537 vertices, 450000 indices
DracoDecoder | Decoded 14263 vertices, 82560 indices
DracoDecoder | Decoded 14263 vertices, 82560 indices
DracoDecoder | Decoded 14263 vertices, 82560 indices
DracoDecoder | Decoded 76992 vertices, 388428 indices
DracoDecoder | Decoded 76992 vertices, 388428 indices
DracoDecoder | Decoded 76992 vertices, 388428 indices
DracoDecoder | Decoded 20 vertices, 30 indices
DracoDecoder | Decoded 20 vertices, 30 indices
DracoDecoder | Decoded 20 vertices, 30 indices
DracoDecoder | Decoded 20 vertices, 30 indices
DracoDecoder | Decoded 20 vertices, 30 indices
DracoDecoder | Decoded 20 vertices, 30 indices
DracoDecoder | Decoded 20 vertices, 30 indices
DracoDecoder | Decoded 20 vertices, 30 indices
DracoDecoder | Decoded 20 vertices, 30 indices
DracoDecoder | Decoded 48 vertices, 72 indices
DracoDecoder | Decoded 48 vertices, 72 indices
DracoDecoder | Decoded 48 vertices, 72 indices
DracoDecoder | Decoded 48 vertices, 72 indices
DracoDecoder | Decoded 640 vertices, 960 indices
DracoDecoder | Decoded 2320 vertices, 3480 indices
DracoDecoder | Decoded 432 vertices, 648 indices
DracoDecoder | Decoded 432 vertices, 648 indices
DracoDecoder | Decoded 48 vertices, 72 indices
DracoDecoder | Decoded 624 vertices, 936 indices
DracoDecoder | Decoded 384 vertices, 576 indices
DracoDecoder | Decoded 48 vertices, 72 indices
DracoDecoder | Decoded 48 vertices, 72 indices
DracoDecoder | Decoded 800 vertices, 1200 indices
DracoDecoder | Decoded 144 vertices, 216 indices
DracoDecoder | Decoded 240 vertices, 360 indices
DracoDecoder | Decoded 240 vertices, 360 indices
DracoDecoder | Decoded 48 vertices, 72 indices
DracoDecoder | Decoded 48 vertices, 72 indices
DracoDecoder | Decoded 51 vertices, 90 indices
DracoDecoder | Decoded 192 vertices, 288 indices
DracoDecoder | Decoded 62 vertices, 96 indices
DracoDecoder | Decoded 126 vertices, 192 indices
DracoDecoder | Decoded 372 vertices, 558 indices
DracoDecoder | Decoded 304 vertices, 456 indices
DracoDecoder | Decoded 122 vertices, 186 indices
DracoDecoder | Decoded 304 vertices, 456 indices
DracoDecoder | Decoded 8 vertices, 12 indices
DracoDecoder | Decoded 12 vertices, 18 indices
DracoDecoder | Decoded 24 vertices, 36 indices
DracoDecoder | Decoded 244 vertices, 366 indices
DracoDecoder | Decoded 130 vertices, 258 indices
DracoDecoder | Decoded 765 vertices, 2010 indices
DracoDecoder | Decoded 12 vertices, 30 indices
DracoDecoder | Decoded 24 vertices, 36 indices
DracoDecoder | Decoded 69 vertices, 144 indices
DracoDecoder | Decoded 384 vertices, 576 indices
DracoDecoder | Decoded 48 vertices, 72 indices
DracoDecoder | Decoded 48 vertices, 72 indices
DracoDecoder | Decoded 48 vertices, 72 indices
DracoDecoder | Decoded 240 vertices, 360 indices
DracoDecoder | Decoded 348 vertices, 522 indices
DracoDecoder | Decoded 20 vertices, 30 indices
DracoDecoder | Decoded 20 vertices, 30 indices
DracoDecoder | Decoded 20 vertices, 30 indices
DracoDecoder | Decoded 20 vertices, 30 indices
DracoDecoder | Decoded 20 vertices, 30 indices
DracoDecoder | Decoded 20 vertices, 30 indices
DracoDecoder | Decoded 20 vertices, 30 indices
DracoDecoder | Decoded 20 vertices, 30 indices
DracoDecoder | Decoded 20 vertices, 30 indices
DracoDecoder | Decoded 48 vertices, 72 indices
DracoDecoder | Decoded 48 vertices, 72 indices
DracoDecoder | Decoded 48 vertices, 72 indices
DracoDecoder | Decoded 48 vertices, 72 indices
DracoDecoder | Decoded 640 vertices, 960 indices
DracoDecoder | Decoded 2320 vertices, 3480 indices
DracoDecoder | Decoded 432 vertices, 648 indices
DracoDecoder | Decoded 432 vertices, 648 indices
DracoDecoder | Decoded 48 vertices, 72 indices
DracoDecoder | Decoded 624 vertices, 936 indices
DracoDecoder | Decoded 384 vertices, 576 indices
DracoDecoder | Decoded 48 vertices, 72 indices
DracoDecoder | Decoded 48 vertices, 72 indices
DracoDecoder | Decoded 800 vertices, 1200 indices
Dra03:41:21 | INFO: Blender create Mesh node Mesh.025
03:41:21 | INFO: Draco Decoder: Decode primitive Mesh.025
03:41:21 | INFO: Blender create Mesh node Mesh.026
03:41:21 | INFO: Draco Decoder: Decode primitive Mesh.026
03:41:21 | INFO: Blender create Mesh node Mesh.027
03:41:21 | INFO: Draco Decoder: Decode primitive Mesh.027
03:41:21 | INFO: Blender create Mesh node Mesh.028
03:41:21 | INFO: Draco Decoder: Decode primitive Mesh.028
03:41:21 | INFO: Blender create Mesh node Mesh.010
03:41:21 | INFO: Draco Decoder: Decode primitive Mesh.010
03:41:21 | INFO: Blender create Mesh node Mesh.029
03:41:21 | INFO: Draco Decoder: Decode primitive Mesh.029
03:41:21 | INFO: Blender create Mesh node Mesh.016
03:41:21 | INFO: Draco Decoder: Decode primitive Mesh.016
03:41:21 | INFO: Blender create Mesh node Mesh.030
03:41:21 | INFO: Draco Decoder: Decode primitive Mesh.030
03:41:21 | INFO: Blender create Mesh node Mesh.031
03:41:21 | INFO: Draco Decoder: Decode primitive Mesh.031
03:41:21 | INFO: Blender create Mesh node Mesh.014
03:41:21 | INFO: Draco Decoder: Decode primitive Mesh.014
03:41:21 | INFO: Blender create Mesh node Mesh.015
03:41:21 | INFO: Draco Decoder: Decode primitive Mesh.015
03:41:21 | INFO: Blender create Mesh node Mesh.034
03:41:21 | INFO: Draco Decoder: Decode primitive Mesh.034
03:41:21 | INFO: Blender create Mesh node Mesh.035
03:41:21 | INFO: Draco Decoder: Decode primitive Mesh.035
03:41:21 | INFO: Blender create Mesh node Mesh.013
03:41:21 | INFO: Draco Decoder: Decode primitive Mesh.013
03:41:21 | INFO: Blender create Mesh node Mesh.036
03:41:21 | INFO: Draco Decoder: Decode primitive Mesh.036
03:41:21 | INFO: Blender create Mesh node Mesh.037
03:41:21 | INFO: Draco Decoder: Decode primitive Mesh.037
03:41:21 | INFO: Blender create Mesh node Mesh.043
03:41:21 | INFO: Draco Decoder: Decode primitive Mesh.043
03:41:21 | INFO: Blender create Mesh node Mesh.032
03:41:21 | INFO: Draco Decoder: Decode primitive Mesh.032
03:41:21 | INFO: Blender create Mesh node Mesh.033
03:41:21 | INFO: Draco Decoder: Decode primitive Mesh.033
03:41:21 | INFO: Blender create Mesh node Mesh.045
03:41:21 | INFO: Draco Decoder: Decode primitive Mesh.045
03:41:21 | INFO: Blender create Mesh node Mesh.044
03:41:21 | INFO: Draco Decoder: Decode primitive Mesh.044
03:41:21 | INFO: Blender create Mesh node Mesh.046
03:41:21 | INFO: Draco Decoder: Decode primitive Mesh.046
03:41:21 | INFO: Blender create Mesh node Mesh.047
03:41:21 | INFO: Draco Decoder: Decode primitive Mesh.047
03:41:21 | INFO: Blender create Mesh node Mesh.048
03:41:21 | INFO: Draco Decoder: Decode primitive Mesh.048
03:41:21 | INFO: Blender create Mesh node Mesh.049
03:41:21 | INFO: Draco Decoder: Decode primitive Mesh.049
03:41:21 | INFO: Blender create Mesh node Mesh.050
03:41:21 | INFO: Draco Decoder: Decode primitive Mesh.050
03:41:21 | INFO: Blender create Mesh node Mesh.041
03:41:21 | INFO: Draco Decoder: Decode primitive Mesh.041
03:41:21 | INFO: glTF import finished in 0.07s
03:41:24 | INFO: Starting glTF 2.0 export
03:41:24 | INFO: Extracting primitive: Mesh.002
03:41:25 | INFO: Primitives created: 1
03:41:25 | INFO: Extracting primitive: Mesh.003
03:41:25 | INFO: Primitives created: 1
03:41:25 | INFO: Extracting primitive: Mesh.004
03:41:25 | INFO: Primitives created: 1
03:41:25 | INFO: Extracting primitive: Mesh.005
03:41:25 | INFO: Primitives created: 1
03:41:25 | INFO: Extracting primitive: Mesh.006
03:41:25 | INFO: Primitives created: 1
03:41:25 | INFO: Extracting primitive: Mesh.008
03:41:25 | INFO: Primitives created: 1
03:41:25 | INFO: Extracting primitive: Mesh.009
03:41:25 | INFO: Primitives created: 1
03:41:25 | INFO: Extracting primitive: Mesh.011
03:41:25 | INFO: Primitives created: 1
03:41:25 | INFO: Extracting primitive: Mesh.012
03:41:25 | INFO: Primitives created: 1
03:41:25 | INFO: Extracting primitive: Mesh.038
03:41:25 | INFO: Primitives created: 1
03:41:25 | INFO: Extracting primitive: Mesh.040
03:41:25 | INFO: Primitives created: 1
03:41:25 | INFO: Extracting primitive: Mesh.039
03:41:25 | INFO: Primitives created: 1
03:41:25 | INFO: Extracting primitive: Mesh.042
03:41:25 | INFO: Primitives created: 1
03:41:25 | INFO: Extracting primitive: Mesh
03:41:25 | INFO: Primitives created: 1
03:41:25 | INFO: Extracting primitive: Mesh.001
03:41:25 | INFO: Primitives created: 1
03:41:25 | INFO: Extracting primitive: Mesh.017
03:41:25 | INFO: Primitives created: 1
03:41:25 | INFO: Extracting primitive: Mesh.018
03:41:25 | INFO: Primitives created: 1
03:41:25 | INFO: Extracting primitive: Mesh.019
03:41:25 | INFO: Primitives created: 1
03:41:25 | INFO: Extracting primitive: Mesh.020
03:41:25 | INFO: Primitives created: 1
03:41:25 | INFO: Extracting primitive: Mesh.021
03:41:25 | INFO: Primitives created: 1
03:41:25 | INFO: Extracting primitive: Mesh.022
03:41:25 | INFO: Primitives created: 1
03:41:25 | INFO: Extracting primitive: Mesh.023
03:41:25 | INFO: Primitives created: 1
03:41:25 | INFO: Extracting primitive: Mesh.007
03:41:25 | INFO: Primitives created: 1
03:41:25 | INFO: Extracting primitive: Mesh.024
03:41:25 | INFO: Primitives created: 1
03:41:25 | INFO: Extracting primitive: Mesh.025
03:41:25 | INFO: Primitives created: 1
03:41:25 | INFO: Extracting primitive: Mesh.026
03:41:25 | INFO: Primitives created: 1
03:41:25 | INFO: Extracting primitive: Mesh.027
03:41:25 | INFO: Primitives created: 1
03:41:25 | INFO: Extracting primitive: Mesh.028
03:41:25 | INFO: Primitives created: 1
03:41:25 | INFO: Extracting primitive: Mesh.010
03:41:25 | INFO: Primitives created: 1
03:41:25 | INFO: Extracting primitive: Mesh.029
03:41:25 | INFO: Primitives created: 1
03:41:25 | INFO: Extracting primitive: Mesh.016
03:41:25 | INFO: Primitives created: 1
03:41:25 | INFO: Extracting primitive: Mesh.030
03:41:25 | INFO: Primitives created: 1
03:41:25 | INFO: Extracting primitive: Mesh.031
03:41:25 | INFO: Primitives created: 1
03:41:25 | INFO: Extracting primitive: Mesh.014
03:41:25 | INFO: Primitives created: 1
03:41:25 | INFO: Extracting primitive: Mesh.015
03:41:25 | INFO: Primitives created: 1
03:41:25 | INFO: Extracting primitive: Mesh.034
03:41:25 | INFO: Primitives created: 1
03:41:25 | INFO: Extracting primitive: Mesh.035
03:41:25 | INFO: Primitives created: 1
03:41:25 | INFO: Extracting primitive: Mesh.013
03:41:25 | INFO: Primitives created: 1
03:41:25 | INFO: Extracting primitive: Mesh.036
03:41:25 | INFO: Primitives created: 1
03:41:25 | INFO: Extracting primitive: Mesh.037
03:41:25 | INFO: Primitives created: 1
03:41:25 | INFO: Extracting primitive: Mesh.043
03:41:25 | INFO: Primitives created: 1
03:41:25 | INFO: Extracting primitive: Mesh.032
03:41:25 | INFO: Primitives created: 1
03:41:25 | INFO: Extracting primitive: Mesh.033
03:41:25 | INFO: Primitives created: 1
03:41:25 | INFO: Extracting primitive: Mesh.045
03:41:25 | INFO: Primitives created: 1
03:41:25 | INFO: Extracting primitive: Mesh.044
03:41:25 | INFO: Primitives created: 1
03:41:25 | INFO: Extracting primitive: Mesh.046
03:41:25 | INFO: Primitives created: 1
03:41:25 | INFO: Extracting primitive: Mesh.047
03:41:25 | INFO: Primitives created: 1
03:41:25 | INFO: Extracting primitive: Mesh.048
03:41:25 | INFO: Primitives created: 1
03:41:25 | INFO: Extracting primitive: Mesh.049
03:41:25 | INFO: Primitives created: 1
03:41:25 | INFO: Extracting primitive: Mesh.050
03:41:25 | INFO: Primitives created: 1
03:41:25 | INFO: Extracting primitive: Mesh.041
03:41:25 | INFO: Primitives created: 1
03:41:25 | INFO: Finished glTF 2.0 export in 0.09540152549743652 s

03:41:25 | INFO: Data are loaded, start creating Blender stuff
03:41:25 | INFO: Blender create Mesh node Mesh.002
03:41:25 | INFO: Blender create Mesh node Mesh.003
03:41:25 | INFO: Blender create Mesh node Mesh.004
03:41:25 | INFO: Blender create Mesh node Mesh.005
03:41:25 | INFO: Blender create Mesh node Mesh.006
03:41:25 | INFO: Blender create Mesh node Mesh.008
03:41:25 | INFO: Blender create Mesh node Mesh.009
03:41:25 | INFO: Blender create Mesh node Mesh.011
03:41:25 | INFO: Blender create Mesh node Mesh.012
03:41:25 | INFO: Blender create Mesh node Mesh.038
03:41:25 | INFO: Blender create Mesh node Mesh.040
03:41:25 | INFO: Blender create Mesh node Mesh.039
03:41:25 | INFO: Blender create Mesh node Mesh.042
03:41:25 | INFO: Blender create Mesh node Mesh
03:41:25 | INFO: Blender create Mesh node Mesh.001
03:41:25 | INFO: Blender create Mesh node Mesh.017
03:41:25 | INFO: Blender create Mesh node Mesh.018
03:41:25 | INFO: Blender create Mesh node Mesh.019
03:41:25 | INFO: Blender create Mesh node Mesh.020
03:41:25 | INFO: Blender create Mesh node Mesh.021
03:41:25 | INFO: Blender create Mesh node Mesh.022
03:41:25 | INFO: Blender create Mesh node Mesh.023
03:41:25 | INFO: Blender create Mesh node Mesh.007
03:41:25 | INFO: Blender create Mesh node Mesh.024
03:41:25 | INFO: Blender create Mesh node Mesh.025
03:41:25 | INFO: Blender create Mesh node Mesh.026
03:41:25 | INFO: Blender create Mesh node Mesh.027
03:41:25 | INFO: Blender create Mesh node Mesh.028
03:41:25 | INFO: Blender create Mesh node Mesh.010
03:41:25 | INFO: Blender create Mesh node Mesh.029
03:41:25 | INFO: Blender create Mesh node Mesh.016
03:41:25 | INFO: Blender create Mesh node Mesh.030
03:41:25 | INFO: Blender create Mesh node Mesh.031
03:41:25 | INFO: Blender create Mesh node Mesh.014
03:41:25 | INFO: Blender create Mesh node Mesh.015
03:41:25 | INFO: Blender create Mesh node Mesh.034
03:41:25 | INFO: Blender create Mesh node Mesh.035
03:41:25 | INFO: Blender create Mesh node Mesh.013
03:41:25 | INFO: Blender create Mesh node Mesh.036
03:41:25 | INFO: Blender create Mesh node Mesh.037
03:41:25 | INFO: Blender create Mesh node Mesh.043
03:41:25 | INFO: Blender create Mesh node Mesh.032
03:41:25 | INFO: Blender create Mesh node Mesh.033
03:41:25 | INFO: Blender create Mesh node Mesh.045
03:41:25 | INFO: Blender create Mesh node Mesh.044
03:41:25 | INFO: Blender create Mesh node Mesh.046
03:41:25 | INFO: Blender create Mesh node Mesh.047
03:41:25 | INFO: Blender create Mesh node Mesh.048
03:41:25 | INFO: Blender create Mesh node Mesh.049
03:41:25 | INFO: Blender create Mesh node Mesh.050
03:41:25 | INFO: Blender create Mesh node Mesh.041
03:41:25 | INFO: glTF import finished in 0.04s
[CPU-BAKE] obj_0048 layer_lhl
03:41:30 | INFO: Data are loaded, start creating Blender stuff
03:41:30 | INFO: Blender create Mesh node Mesh.002
03:41:30 | INFO: Draco Decoder: Decode primitive Mesh.002
03:41:30 | INFO: Blender create Mesh node Mesh.003
03:41:30 | INFO: Draco Decoder: Decode primitive Mesh.003
03:41:30 | INFO: Blender create Mesh node Mesh.004
03:41:30 | INFO: Draco Decoder: Decode primitive Mesh.004
03:41:30 | INFO: Blender create Mesh node Mesh.005
03:41:30 | INFO: Draco Decoder: Decode primitive Mesh.005
03:41:30 | INFO: Blender create Mesh node Mesh.006
03:41:30 | INFO: Draco Decoder: Decode primitive Mesh.006
03:41:30 | INFO: Blender create Mesh node Mesh.008
03:41:30 | INFO: Draco Decoder: Decode primitive Mesh.008
03:41:30 | INFO: Blender create Mesh node Mesh.009
03:41:30 | INFO: Draco Decoder: Decode primitive Mesh.009
03:41:30 | INFO: Blender create Mesh node Mesh.011
03:41:30 | INFO: Draco Decoder: Decode primitive Mesh.011
03:41:30 | INFO: Blender create Mesh node Mesh.012
03:41:30 | INFO: Draco Decoder: Decode primitive Mesh.012
03:41:30 | INFO: Blender create Mesh node Mesh.038
03:41:30 | INFO: Draco Decoder: Decode primitive Mesh.038
03:41:30 | INFO: Blender create Mesh node Mesh.040
03:41:30 | INFO: Draco Decoder: Decode primitive Mesh.040
03:41:30 | INFO: Blender create Mesh node Mesh.039
03:41:30 | INFO: Draco Decoder: Decode primitive Mesh.039
03:41:30 | INFO: Blender create Mesh node Mesh.042
03:41:30 | INFO: Draco Decoder: Decode primitive Mesh.042
03:41:30 | INFO: Blender create Mesh node Mesh
03:41:30 | INFO: Draco Decoder: Decode primitive Mesh
03:41:30 | INFO: Blender create Mesh node Mesh.001
03:41:30 | INFO: Draco Decoder: Decode primitive Mesh.001
03:41:30 | INFO: Blender create Mesh node Mesh.017
03:41:30 | INFO: Draco Decoder: Decode primitive Mesh.017
03:41:30 | INFO: Blender create Mesh node Mesh.018
03:41:30 | INFO: Draco Decoder: Decode primitive Mesh.018
03:41:30 | INFO: Blender create Mesh node Mesh.019
03:41:30 | INFO: Draco Decoder: Decode primitive Mesh.019
03:41:30 | INFO: Blender create Mesh node Mesh.020
03:41:30 | INFO: Draco Decoder: Decode primitive Mesh.020
03:41:30 | INFO: Blender create Mesh node Mesh.021
03:41:30 | INFO: Draco Decoder: Decode primitive Mesh.021
03:41:30 | INFO: Blender create Mesh node Mesh.022
03:41:30 | INFO: Draco Decoder: Decode primitive Mesh.022
03:41:30 | INFO: Blender create Mesh node Mesh.023
03:41:30 | INFO: Draco Decoder: Decode primitive Mesh.023
03:41:30 | INFO: Blender create Mesh node Mesh.007
03:41:30 | INFO: Draco Decoder: Decode primitive Mesh.007
03:41:30 | INFO: Blender create Mesh node Mesh.024
03:41:30 | INFO: Draco Decoder: Decode primitive Mesh.024
03:41:30 | INFO: Blender create Mesh node Mesh.025
03:41:30 | INFO: Draco Decoder: Decode primitive Mesh.025
03:41:30 | INFO: Blender create Mesh node Mesh.026
03:41:30 | INFO: Draco Decoder: Decode primitive Mesh.026
03:41:30 | INFO: Blender create Mesh node Mesh.027
03:41:30 | INFO: Draco Decoder: Decode primitive Mesh.027
03:41:30 | INFO: Blender create Mesh node Mesh.028
03:41:30 | INFO: Draco Decoder: Decode primitive Mesh.028
03:41:30 | INFO: Blender create Mesh node Mesh.010
03:41:30 | INFO: Draco Decoder: Decode primitive Mesh.010
03:41:30 | INFO: Blender create Mesh node Mesh.029
03:41:30 | INFO: Draco Decoder: Decode primitive Mesh.029
03:41:30 | INFO: Blender create Mesh node Mesh.016
03:41:30 | INFO: Draco Decoder: Decode primitive Mesh.016
03:41:30 | INFO: Blender create Mesh node Mesh.030
03:41:30 | INFO: Draco Decoder: Decode primitive Mesh.030
03:41:30 | INFO: Blender create Mesh node Mesh.031
03:41:30 | INFO: Draco Decoder: Decode primitive Mesh.031
03:41:30 | INFO: Blender create Mesh node Mesh.014
03:41:30 | INFO: Draco Decoder: Decode primitive Mesh.014
03:41:30 | INFO: Blender create Mesh node Mesh.015
03:41:30 | INFO: Draco Decoder: Decode primitive Mesh.015
03:41:30 | INFO: Blender create Mesh node Mesh.034
03:41:30 | INFO: Draco Decoder: Decode primitive Mesh.034
03:41:30 | INFO: Blender create Mesh node Mesh.035
03:41:30 | INFO: Draco Decoder: Decode primitive Mesh.035
03:41:30 | INFO: Blender create Mesh node Mesh.013
03:41:30 | INFO: Draco Decoder: Decode primitive Mesh.013
03:41:30 | INFO: Blender create Mesh node Mesh.036
03:41:30 | INFO: Draco Decoder: Decode primitive Mesh.036
03:41:30 | INFO: Blender create Mesh node Mesh.037
03:41:30 | INFO: Draco Decoder: Decode primitive Mesh.037
03:41:30 | INFO: Blender create Mesh node Mesh.043
03:41:30 | INFO: Draco Decoder: Decode primitive Mesh.043
03:41:30 | INFO: Blender create Mesh node Mesh.032
03:41:30 | INFO: Draco Decoder: Decode primitive Mesh.032
03:41:30 | INFO: Blender create Mesh node Mesh.033
03:41:30 | INFO: Draco Decoder: Decode primitive Mesh.033
03:41:30 | INFO: Blender create Mesh node Mesh.045
03:41:30 | INFO: Draco Decoder: Decode primitive Mesh.045
03:41:30 | INFO: Blender create Mesh node Mesh.044
03:41:30 | INFO: Draco Decoder: Decode primitive Mesh.044
03:41:30 | INFO: Blender create Mesh node Mesh.046
03:41:30 | INFO: Draco Decoder: Decode primitive Mesh.046
03:41:30 | INFO: Blender create Mesh node Mesh.047
03:41:30 | INFO: Draco Decoder: Decode primitive Mesh.047
03:41:30 | INFO: Blender create Mesh node Mesh.048
03:41:30 | INFO: Draco Decoder: Decode primitive Mesh.048
03:41:30 | INFO: Blender create Mesh node Mesh.049
03:41:30 | INFO: Draco Decoder: Decode primitive Mesh.049
03:41:30 | INFO: Blender create Mesh node Mesh.050
03:41:30 | INFO: Draco Decoder: Decode primitive Mesh.050
03:41:30 | INFO: Blender create Mesh node Mesh.041
03:41:30 | INFO: Draco Decoder: Decode primitive Mesh.041
03:41:30 | INFO: glTF import finished in 0.07s
03:41:34 | INFO: Starting glTF 2.0 export
03:41:34 | INFO: Extracting primitive: Mesh.002
03:41:34 | INFO: Primitives created: 1
03:41:34 | INFO: Extracting primitive: Mesh.003
03:41:34 | INFO: Primitives created: 1
03:41:34 | INFO: Extracting primitive: Mesh.004
03:41:34 | INFO: Primitives created: 1
03:41:34 | INFO: Extracting primitive: Mesh.005
03:41:34 | INFO: Primitives created: 1
03:41:34 | INFO: Extracting primitive: Mesh.006
03:41:34 | INFO: Primitives created: 1
03:41:34 | INFO: Extracting primitive: Mesh.008
03:41:34 | INFO: Primitives created: 1
03:41:34 | INFO: Extracting primitive: Mesh.009
03:41:34 | INFO: Primitives created: 1
03:41:34 | INFO: Extracting primitive: Mesh.011
03:41:34 | INFO: Primitives created: 1
03:41:34 | INFO: Extracting primitive: Mesh.012
03:41:34 | INFO: Primitives created: 1
03:41:34 | INFO: Extracting primitive: Mesh.038
03:41:34 | INFO: Primitives created: 1
03:41:34 | INFO: Extracting primitive: Mesh.040
03:41:34 | INFO: Primitives created: 1
03:41:34 | INFO: Extracting primitive: Mesh.039
03:41:34 | INFO: Primitives created: 1
03:41:34 | INFO: Extracting primitive: Mesh.042
03:41:34 | INFO: Primitives created: 1
03:41:34 | INFO: Extracting primitive: Mesh
03:41:34 | INFO: Primitives created: 1
03:41:34 | INFO: Extracting primitive: Mesh.001
03:41:34 | INFO: Primitives created: 1
03:41:34 | INFO: Extracting primitive: Mesh.017
03:41:34 | INFO: Primitives created: 1
03:41:34 | INFO: Extracting primitive: Mesh.018
03:41:34 | INFO: Primitives created: 1
03:41:34 | INFO: Extracting primitive: Mesh.019
03:41:34 | INFO: Primitives created: 1
03:41:34 | INFO: Extracting primitive: Mesh.020
03:41:34 | INFO: Primitives created: 1
03:41:34 | INFO: Extracting primitive: Mesh.021
03:41:34 | INFO: Primitives created: 1
03:41:34 | INFO: Extracting primitive: Mesh.022
03:41:34 | INFO: Primitives created: 1
03:41:34 | INFO: Extracting primitive: Mesh.023
03:41:34 | INFO: Primitives created: 1
03:41:34 | INFO: Extracting primitive: Mesh.007
03:41:34 | INFO: Primitives created: 1
03:41:34 | INFO: Extracting primitive: Mesh.024
03:41:34 | INFO: Primitives created: 1
03:41:34 | INFO: Extracting primitive: Mesh.025
03:41:34 | INFO: Primitives created: 1
03:41:34 | INFO: Extracting primitive: Mesh.026
03:41:34 | INFO: Primitives created: 1
03:41:34 | INFO: Extracting primitive: Mesh.027
03:41:34 | INFO: Primitives created: 1
03:41:34 | INFO: Extracting primitive: Mesh.028
03:41:34 | INFO: Primitives created: 1
03:41:34 | INFO: Extracting primitive: Mesh.010
03:41:34 | INFO: Primitives created: 1
03:41:34 | INFO: Extracting primitive: Mesh.029
03:41:34 | INFO: Primitives created: 1
03:41:34 | INFO: Extracting primitive: Mesh.016
03:41:34 | INFO: Primitives created: 1
03:41:34 | INFO: Extracting primitive: Mesh.030
03:41:34 | INFO: Primitives created: 1
03:41:34 | INFO: Extracting primitive: Mesh.031
03:41:34 | INFO: Primitives created: 1
03:41:34 | INFO: Extracting primitive: Mesh.014
03:41:34 | INFO: Primitives created: 1
03:41:34 | INFO: Extracting primitive: Mesh.015
03:41:34 | INFO: Primitives created: 1
03:41:34 | INFO: Extracting primitive: Mesh.034
03:41:34 | INFO: Primitives created: 1
03:41:34 | INFO: Extracting primitive: Mesh.035
03:41:34 | INFO: Primitives created: 1
03:41:34 | INFO: Extracting primitive: Mesh.013
03:41:34 | INFO: Primitives created: 1
03:41:34 | INFO: Extracting primitive: Mesh.036
03:41:34 | INFO: Primitives created: 1
03:41:34 | INFO: Extracting primitive: Mesh.037
03:41:34 | INFO: Primitives created: 1
03:41:34 | INFO: Extracting primitive: Mesh.043
03:41:34 | INFO: Primitives created: 1
03:41:34 | INFO: Extracting primitive: Mesh.032
03:41:34 | INFO: Primitives created: 1
03:41:34 | INFO: Extracting primitive: Mesh.033
03:41:34 | INFO: Primitives created: 1
03:41:34 | INFO: Extracting primitive: Mesh.045
03:41:34 | INFO: Primitives created: 1
03:41:34 | INFO: Extracting primitive: Mesh.044
03:41:34 | INFO: Primitives created: 1
03:41:34 | INFO: Extracting primitive: Mesh.046
03:41:34 | INFO: Primitives created: 1
03:41:34 | INFO: Extracting primitive: Mesh.047
03:41:34 | INFO: Primitives created: 1
03:41:34 | INFO: Extracting primitive: Mesh.048
03:41:34 | INFO: Primitives created: 1
03:41:34 | INFO: Extracting primitive: Mesh.049
03:41:34 | INFO: Primitives created: 1
03:41:34 | INFO: Extracting primitive: Mesh.050
03:41:34 | INFO: Primitives created: 1
03:41:34 | INFO: Extracting primitive: Mesh.041
03:41:34 | INFO: Primitives created: 1
03:41:34 | INFO: Finished glTF 2.0 export in 0.09924173355102539 s

03:41:34 | INFO: Data are loaded, start creating Blender stuff
03:41:34 | INFO: Blender create Mesh node Mesh.002
03:41:34 | INFO: Blender create Mesh node Mesh.003
03:41:34 | INFO: Blender create Mesh node Mesh.004
03:41:34 | INFO: Blender create Mesh node Mesh.005
03:41:34 | INFO: Blender create Mesh node Mesh.006
03:41:34 | INFO: Blender create Mesh node Mesh.008
03:41:34 | INFO: Blender create Mesh node Mesh.009
03:41:34 | INFO: Blender create Mesh node Mesh.011
03:41:34 | INFO: Blender create Mesh node Mesh.012
03:41:34 | INFO: Blender create Mesh node Mesh.038
03:41:34 | INFO: Blender create Mesh node Mesh.040
03:41:34 | INFO: Blender create Mesh node Mesh.039
03:41:34 | INFO: Blender create Mesh node Mesh.042
03:41:34 | INFO: Blender create Mesh node Mesh
03:41:34 | INFO: Blender create Mesh node Mesh.001
03:41:34 | INFO: Blender create Mesh node Mesh.017
03:41:34 | INFO: Blender create Mesh node Mesh.018
03:41:34 | INFO: Blender create Mesh node Mesh.019
03:41:34 | INFO: Blender create Mesh node Mesh.020
03:41:34 | INFO: Blender create Mesh node Mesh.021
03:41:34 | INFO: Blender create Mesh node Mesh.022
03:41:34 | INFO: Blender create Mesh node Mesh.023
03:41:34 | INFO: Blender create Mesh node Mesh.007
03:41:34 | INFO: Blender create Mesh node Mesh.024
03:41:34 | INFO: Blender create Mesh node Mesh.025
03:41:34 | INFO: Blender create Mesh node Mesh.026
03:41:34 | INFO: Blender create Mesh node Mesh.027
03:41:34 | INFO: Blender create Mesh node Mesh.028
03:41:34 | INFO: Blender create Mesh node Mesh.010
03:41:34 | INFO: Blender create Mesh node Mesh.029
03:41:34 | INFO: Blender create Mesh node Mesh.016
03:41:34 | INFO: Blender create Mesh node Mesh.030
03:41:34 | INFO: Blender create Mesh node Mesh.031
03:41:34 | INFO: Blender create Mesh node Mesh.014
03:41:34 | INFO: Blender create Mesh node Mesh.015
03:41:34 | INFO: Blender create Mesh node Mesh.034
03:41:34 | INFO: Blender create Mesh node Mesh.035
03:41:34 | INFO: Blender create Mesh node Mesh.013
03:41:34 | INFO: Blender create Mesh node Mesh.036
03:41:34 | INFO: Blender create Mesh node Mesh.037
03:41:34 | INFO: Blender create Mesh node Mesh.043
03:41:34 | INFO: Blender create Mesh node Mesh.032
03:41:34 | INFO: Blender create Mesh node Mesh.033
03:41:34 | INFO: Blender create Mesh node Mesh.045
03:41:34 | INFO: Blender create Mesh node Mesh.044
03:41:34 | INFO: Blender create Mesh node Mesh.046
03:41:34 | INFO: Blender create Mesh node Mesh.047
03:41:34 | INFO: Blender create Mesh node Mesh.048
03:41:34 | INFO: Blender create Mesh node Mesh.049
03:41:34 | INFO: Blender create Mesh node Mesh.050
03:41:34 | INFO: Blender create Mesh node Mesh.041
03:41:34 | INFO: glTF import finished in 0.04s
03:41:35 | INFO: Data are loaded, start creating Blender stuff
03:41:35 | INFO: Blender create Mesh node 0
03:41:35 | INFO: Draco Decoder: Decode primitive [unnamed]
03:41:35 | INFO: glTF import finished in 0.23s
[CPU-BAKE] obj_0054 layer_llh
03:42:40 | INFO: Data are loaded, start creating Blender stuff
03:42:40 | INFO: Blender create Mesh node 0
03:42:40 | INFO: Draco Decoder: Decode primitive [unnamed]
03:42:41 | INFO: glTF import finished in 0.23s
03:42:48 | INFO: Starting glTF 2.0 export
03:42:48 | INFO: Extracting primitive: Mesh_0
03:42:48 | INFO: Primitives created: 1
03:42:48 | INFO: Finished glTF 2.0 export in 0.23132014274597168 s

03:42:48 | INFO: Data are loaded, start creating Blender stuff
03:42:48 | INFO: Blender create Mesh node Mesh_0
03:42:48 | INFO: glTF import finished in 0.14s
[CPU-BAKE] obj_0054 layer_lhl
03:44:54 | INFO: Data are loaded, start creating Blender stuff
03:44:54 | INFO: Blender create Mesh node 0
03:44:54 | INFO: Draco Decoder: Decode primitive [unnamed]
03:44:54 | INFO: glTF import finished in 0.23s
03:45:01 | INFO: Starting glTF 2.0 export
03:45:01 | INFO: Extracting primitive: Mesh_0
03:45:01 | INFO: Primitives created: 1
03:45:01 | INFO: Finished glTF 2.0 export in 0.19574427604675293 s

03:45:01 | INFO: Data are loaded, start creating Blender stuff
03:45:01 | INFO: Blender create Mesh node Mesh_0
03:45:01 | INFO: glTF import finished in 0.14s
03:45:07 | INFO: Data are loaded, start creating Blender stuff
03:45:07 | INFO: Blender create Mesh node 0
03:45:07 | INFO: Draco Decoder: Decode primitive [unnamed]
03:45:07 | INFO: glTF import finished in 0.19s
[CPU-BAKE] obj_0066 layer_llh
03:46:02 | INFO: Data are loaded, start creating Blender stuff
03:46:02 | INFO: Blender create Mesh node 0
03:46:02 | INFO: Draco Decoder: Decode primitive [unnamed]
03:46:02 | INFO: glTF import finished in 0.18s
03:46:09 | INFO: Starting glTF 2.0 export
03:46:09 | INFO: Extracting primitive: Mesh_0
03:46:09 | INFO: Primitives created: 1
03:46:09 | INFO: Finished glTF 2.0 export in 0.16996240615844727 s

03:46:09 | INFO: Data are loaded, start creating Blender stuff
03:46:09 | INFO: Blender create Mesh node Mesh_0
03:46:09 | INFO: glTF import finished in 0.11s
[CPU-BAKE] obj_0066 layer_lhl
03:47:56 | INFO: Data are loaded, start creating Blender stuff
03:47:56 | INFO: Blender create Mesh node 0
03:47:56 | INFO: Draco Decoder: Decode primitive [unnamed]
coDecoder | Decoded 144 vertices, 216 indices
DracoDecoder | Decoded 240 vertices, 360 indices
DracoDecoder | Decoded 240 vertices, 360 indices
DracoDecoder | Decoded 48 vertices, 72 indices
DracoDecoder | Decoded 48 vertices, 72 indices
DracoDecoder | Decoded 51 vertices, 90 indices
DracoDecoder | Decoded 192 vertices, 288 indices
DracoDecoder | Decoded 62 vertices, 96 indices
DracoDecoder | Decoded 126 vertices, 192 indices
DracoDecoder | Decoded 372 vertices, 558 indices
DracoDecoder | Decoded 304 vertices, 456 indices
DracoDecoder | Decoded 122 vertices, 186 indices
DracoDecoder | Decoded 304 vertices, 456 indices
DracoDecoder | Decoded 8 vertices, 12 indices
DracoDecoder | Decoded 12 vertices, 18 indices
DracoDecoder | Decoded 24 vertices, 36 indices
DracoDecoder | Decoded 244 vertices, 366 indices
DracoDecoder | Decoded 130 vertices, 258 indices
DracoDecoder | Decoded 765 vertices, 2010 indices
DracoDecoder | Decoded 12 vertices, 30 indices
DracoDecoder | Decoded 24 vertices, 36 indices
DracoDecoder | Decoded 69 vertices, 144 indices
DracoDecoder | Decoded 384 vertices, 576 indices
DracoDecoder | Decoded 48 vertices, 72 indices
DracoDecoder | Decoded 48 vertices, 72 indices
DracoDecoder | Decoded 48 vertices, 72 indices
DracoDecoder | Decoded 240 vertices, 360 indices
DracoDecoder | Decoded 348 vertices, 522 indices
DracoDecoder | Decoded 20 vertices, 30 indices
DracoDecoder | Decoded 20 vertices, 30 indices
DracoDecoder | Decoded 20 vertices, 30 indices
DracoDecoder | Decoded 20 vertices, 30 indices
DracoDecoder | Decoded 20 vertices, 30 indices
DracoDecoder | Decoded 20 vertices, 30 indices
DracoDecoder | Decoded 20 vertices, 30 indices
DracoDecoder | Decoded 20 vertices, 30 indices
DracoDecoder | Decoded 20 vertices, 30 indices
DracoDecoder | Decoded 48 vertices, 72 indices
DracoDecoder | Decoded 48 vertices, 72 indices
DracoDecoder | Decoded 48 vertices, 72 indices
DracoDecoder | Decoded 48 vertices, 72 indices
DracoDecoder | Decoded 640 vertices, 960 indices
DracoDecoder | Decoded 2320 vertices, 3480 indices
DracoDecoder | Decoded 432 vertices, 648 indices
DracoDecoder | Decoded 432 vertices, 648 indices
DracoDecoder | Decoded 48 vertices, 72 indices
DracoDecoder | Decoded 624 vertices, 936 indices
DracoDecoder | Decoded 384 vertices, 576 indices
DracoDecoder | Decoded 48 vertices, 72 indices
DracoDecoder | Decoded 48 vertices, 72 indices
DracoDecoder | Decoded 800 vertices, 1200 indices
DracoDecoder | Decoded 144 vertices, 216 indices
DracoDecoder | Decoded 240 vertices, 360 indices
DracoDecoder | Decoded 240 vertices, 360 indices
DracoDecoder | Decoded 48 vertices, 72 indices
DracoDecoder | Decoded 48 vertices, 72 indices
DracoDecoder | Decoded 51 vertices, 90 indices
DracoDecoder | Decoded 192 vertices, 288 indices
DracoDecoder | Decoded 62 vertices, 96 indices
DracoDecoder | Decoded 126 vertices, 192 indices
DracoDecoder | Decoded 372 vertices, 558 indices
DracoDecoder | Decoded 304 vertices, 456 indices
DracoDecoder | Decoded 122 vertices, 186 indices
DracoDecoder | Decoded 304 vertices, 456 indices
DracoDecoder | Decoded 8 vertices, 12 indices
DracoDecoder | Decoded 12 vertices, 18 indices
DracoDecoder | Decoded 24 vertices, 36 indices
DracoDecoder | Decoded 244 vertices, 366 indices
DracoDecoder | Decoded 130 vertices, 258 indices
DracoDecoder | Decoded 765 vertices, 2010 indices
DracoDecoder | Decoded 12 vertices, 30 indices
DracoDecoder | Decoded 24 vertices, 36 indices
DracoDecoder | Decoded 69 vertices, 144 indices
DracoDecoder | Decoded 384 vertices, 576 indices
DracoDecoder | Decoded 48 vertices, 72 indices
DracoDecoder | Decoded 48 vertices, 72 indices
DracoDecoder | Decoded 48 vertices, 72 indices
DracoDecoder | Decoded 240 vertices, 360 indices
DracoDecoder | Decoded 348 vertices, 522 indices
DracoDecoder | Decoded 93575 vertices, 450000 indices
DracoDecoder | Decoded 93575 vertices, 450000 indices
DracoDecoder | Decoded 93575 vertices, 450000 indices
DracoDecoder | Decoded 68914 vertices, 377076 indices
DracoDecoder | Decoded 68914 vertices, 377076 indices
DracoDecoder | Decoded 68914 vertices03:47:57 | INFO: glTF import finished in 0.18s
03:48:04 | INFO: Starting glTF 2.0 export
03:48:04 | INFO: Extracting primitive: Mesh_0
03:48:04 | INFO: Primitives created: 1
03:48:04 | INFO: Finished glTF 2.0 export in 0.17261266708374023 s

03:48:04 | INFO: Data are loaded, start creating Blender stuff
03:48:04 | INFO: Blender create Mesh node Mesh_0
03:48:04 | INFO: glTF import finished in 0.11s
03:48:09 | INFO: Data are loaded, start creating Blender stuff
03:48:09 | INFO: Blender create Mesh node 0
03:48:09 | INFO: Draco Decoder: Decode primitive [unnamed]
03:48:09 | WARNING: Draco Decoder: Vertex count of accessor and decoded vertex count does not match for attribute NORMAL. Updating accessor.
03:48:09 | WARNING: Draco Decoder: Vertex count of accessor and decoded vertex count does not match for attribute POSITION. Updating accessor.
03:48:09 | WARNING: Draco Decoder: Vertex count of accessor and decoded vertex count does not match for attribute TEXCOORD_0. Updating accessor.
03:48:09 | INFO: glTF import finished in 0.28s
[CPU-BAKE] obj_0068 layer_llh
03:49:16 | INFO: Data are loaded, start creating Blender stuff
03:49:16 | INFO: Blender create Mesh node 0
03:49:16 | INFO: Draco Decoder: Decode primitive [unnamed]
03:49:16 | WARNING: Draco Decoder: Vertex count of accessor and decoded vertex count does not match for attribute NORMAL. Updating accessor.
03:49:16 | WARNING: Draco Decoder: Vertex count of accessor and decoded vertex count does not match for attribute POSITION. Updating accessor.
03:49:16 | WARNING: Draco Decoder: Vertex count of accessor and decoded vertex count does not match for attribute TEXCOORD_0. Updating accessor.
03:49:16 | INFO: glTF import finished in 0.28s
03:49:22 | INFO: Starting glTF 2.0 export
03:49:22 | INFO: Extracting primitive: Mesh_0
03:49:22 | INFO: Primitives created: 1
03:49:22 | INFO: Finished glTF 2.0 export in 0.197160005569458 s

03:49:22 | INFO: Data are loaded, start creating Blender stuff
03:49:22 | INFO: Blender create Mesh node Mesh_0
03:49:23 | INFO: glTF import finished in 0.16s
[CPU-BAKE] obj_0068 layer_lhl
03:51:33 | INFO: Data are loaded, start creating Blender stuff
03:51:33 | INFO: Blender create Mesh node 0
03:51:33 | INFO: Draco Decoder: Decode primitive [unnamed]
03:51:33 | WARNING: Draco Decoder: Vertex count of accessor and decoded vertex count does not match for attribute NORMAL. Updating accessor.
03:51:33 | WARNING: Draco Decoder: Vertex count of accessor and decoded vertex count does not match for attribute POSITION. Updating accessor.
03:51:33 | WARNING: Draco Decoder: Vertex count of accessor and decoded vertex count does not match for attribute TEXCOORD_0. Updating accessor.
03:51:33 | INFO: glTF import finished in 0.28s
03:51:39 | INFO: Starting glTF 2.0 export
03:51:39 | INFO: Extracting primitive: Mesh_0
03:51:39 | INFO: Primitives created: 1
03:51:39 | INFO: Finished glTF 2.0 export in 0.2042078971862793 s

03:51:39 | INFO: Data are loaded, start creating Blender stuff
03:51:39 | INFO: Blender create Mesh node Mesh_0
03:51:39 | INFO: glTF import finished in 0.16s
03:51:45 | INFO: Data are loaded, start creating Blender stuff
03:51:45 | INFO: Blender create Mesh node 0
03:51:45 | INFO: Draco Decoder: Decode primitive [unnamed]
03:51:45 | INFO: glTF import finished in 0.25s
[CPU-BAKE] obj_0078 layer_llh
03:52:48 | INFO: Data are loaded, start creating Blender stuff
03:52:48 | INFO: Blender create Mesh node 0
03:52:48 | INFO: Draco Decoder: Decode primitive [unnamed]
03:52:48 | INFO: glTF import finished in 0.26s
03:52:54 | INFO: Starting glTF 2.0 export
03:52:54 | INFO: Extracting primitive: Mesh_0
03:52:54 | INFO: Primitives created: 1
03:52:54 | INFO: Finished glTF 2.0 export in 0.19420742988586426 s

03:52:54 | INFO: Data are loaded, start creating Blender stuff
03:52:54 | INFO: Blender create Mesh node Mesh_0
03:52:54 | INFO: glTF import finished in 0.14s
[CPU-BAKE] obj_0078 layer_lhl
03:54:47 | INFO: Data are loaded, start creating Blender stuff
03:54:47 | INFO: Blender create Mesh node 0
03:54:47 | INFO: Draco Decoder: Decode primitive [unnamed]
03:54:47 | INFO: glTF import finished in 0.24s
03:54:54 | INFO: Starting glTF 2.0 export
03:54:54 | INFO: Extracting primitive: Mesh_0
03:54:54 | INFO: Primitives created: 1
03:54:54 | INFO: Finished glTF 2.0 export in 0.19514083862304688 s

03:54:54 | INFO: Data are loaded, start creating Blender stuff
03:54:54 | INFO: Blender create Mesh node Mesh_0
03:54:54 | INFO: glTF import finished in 0.15s
03:55:00 | INFO: Data are loaded, start creating Blender stuff
03:55:00 | INFO: Blender create Mesh node 0
03:55:00 | INFO: Draco Decoder: Decode primitive [unnamed]
03:55:00 | INFO: glTF import finished in 0.05s
[CPU-BAKE] obj_0082 layer_llh
03:55:12 | INFO: Data are loaded, start creating Blender stuff
03:55:12 | INFO: Blender create Mesh node 0
03:55:12 | INFO: Draco Decoder: Decode primitive [unnamed]
03:55:12 | INFO: glTF import finished in 0.06s
03:55:16 | INFO: Starting glTF 2.0 export
03:55:16 | INFO: Extracting primitive: Mesh_0
03:55:16 | INFO: Primitives created: 1
03:55:16 | INFO: Finished glTF 2.0 export in 0.05174398422241211 s

03:55:16 | INFO: Data are loaded, start creating Blender stuff
03:55:16 | INFO: Blender create Mesh node Mesh_0
03:55:16 | INFO: glTF import finished in 0.03s
[CPU-BAKE] obj_0082 layer_lhl
03:55:42 | INFO: Data are loaded, start creating Blender stuff
03:55:42 | INFO: Blender create Mesh node 0
03:55:42 | INFO: Draco Decoder: Decode primitive [unnamed]
03:55:42 | INFO: glTF import finished in 0.05s
03:55:45 | INFO: Starting glTF 2.0 export
03:55:45 | INFO: Extracting primitive: Mesh_0
03:55:45 | INFO: Primitives created: 1
03:55:45 | INFO: Finished glTF 2.0 export in 0.0523984432220459 s

03:55:45 | INFO: Data are loaded, start creating Blender stuff
03:55:45 | INFO: Blender create Mesh node Mesh_0
03:55:45 | INFO: glTF import finished in 0.03s
03:55:47 | INFO: Data are loaded, start creating Blender stuff
03:55:47 | INFO: Blender create Mesh node 0
03:55:47 | INFO: Draco Decoder: Decode primitive [unnamed]
03:55:47 | INFO: glTF import finished in 0.22s
[CPU-BAKE] obj_0083 layer_llh
03:56:50 | INFO: Data are loaded, start creating Blender stuff
03:56:50 | INFO: Blender create Mesh node 0
03:56:50 | INFO: Draco Decoder: Decode primitive [unnamed]
03:56:50 | INFO: glTF import finished in 0.22s
03:56:57 | INFO: Starting glTF 2.0 export
03:56:57 | INFO: Extracting primitive: Mesh_0
03:56:57 | INFO: Primitives created: 1
03:56:57 | INFO: Finished glTF 2.0 export in 0.200056791305542 s

03:56:58 | INFO: Data are loaded, start creating Blender stuff
03:56:58 | INFO: Blender create Mesh node Mesh_0
03:56:58 | INFO: glTF import finished in 0.14s
[CPU-BAKE] obj_0083 layer_lhl
03:58:59 | INFO: Data are loaded, start creating Blender stuff
03:58:59 | INFO: Blender create Mesh node 0
03:58:59 | INFO: Draco Decoder: Decode primitive [unnamed]
03:59:00 | INFO: glTF import finished in 0.22s
03:59:07 | INFO: Starting glTF 2.0 export
03:59:07 | INFO: Extracting primitive: Mesh_0
03:59:07 | INFO: Primitives created: 1
03:59:07 | INFO: Finished glTF 2.0 export in 0.20250821113586426 s

03:59:07 | INFO: Data are loaded, start creating Blender stuff
03:59:07 | INFO: Blender create Mesh node Mesh_0
03:59:08 | INFO: glTF import finished in 0.13s
03:59:13 | INFO: Data are loaded, start creating Blender stuff
03:59:13 | INFO: Blender create Mesh node 0
03:59:13 | INFO: Draco Decoder: Decode primitive [unnamed]
03:59:13 | INFO: glTF import finished in 0.04s
[CPU-BAKE] obj_0110 layer_llh
03:59:27 | INFO: Data are loaded, start creating Blender stuff
03:59:27 | INFO: Blender create Mesh node 0
03:59:27 | INFO: Draco Decoder: Decode primitive [unnamed]
03:59:27 | INFO: glTF import finished in 0.04s
03:59:31 | INFO: Starting glTF 2.0 export
03:59:31 | INFO: Extracting primitive: Mesh_0
03:59:31 | INFO: Primitives created: 1
03:59:31 | INFO: Finished glTF 2.0 export in 0.05837726593017578 s

03:59:31 | INFO: Data are loaded, start creating Blender stuff
03:59:31 | INFO: Blender create Mesh node Mesh_0
03:59:31 | INFO: glTF import finished in 0.04s
[CPU-BAKE] obj_0110 layer_lhl
03:59:59 | INFO: Data are loaded, start creating Blender stuff
03:59:59 | INFO: Blender create Mesh node 0
03:59:59 | INFO: Draco Decoder: Decode primitive [unnamed]
03:59:59 | INFO: glTF import finished in 0.04s
04:00:03 | INFO: Starting glTF 2.0 export
04:00:03 | INFO: Extracting primitive: Mesh_0
04:00:03 | INFO: Primitives created: 1
04:00:03 | INFO: Finished glTF 2.0 export in 0.05955958366394043 s

04:00:03 | INFO: Data are loaded, start creating Blender stuff
04:00:03 | INFO: Blender create Mesh node Mesh_0
04:00:03 | INFO: glTF import finished in 0.03s
04:00:04 | INFO: Data are loaded, start creating Blender stuff
04:00:04 | INFO: Blender create Mesh node 0
04:00:04 | INFO: Draco Decoder: Decode primitive [unnamed]
04:00:05 | WARNING: Draco Decoder: Vertex count of accessor and decoded vertex count does not match for attribute NORMAL. Updating accessor.
04:00:05 | WARNING: Draco Decoder: Vertex count of accessor and decoded vertex count does not match for attribute POSITION. Updating accessor.
04:00:05 | WARNING: Draco Decoder: Vertex count of accessor and decoded vertex count does not match for attribute TEXCOORD_0. Updating accessor.
04:00:05 | INFO: glTF import finished in 0.29s
[CPU-BAKE] obj_0111 layer_llh
04:01:12 | INFO: Data are loaded, start creating Blender stuff
04:01:12 | INFO: Blender create Mesh node 0
04:01:12 | INFO: Draco Decoder: Decode primitive [unnamed]
04:01:12 | WARNING: Draco Decoder: Vertex count of accessor and decoded vertex count does not match for attribute NORMAL. Updating accessor.
04:01:12 | WARNING: Draco Decoder: Vertex count of accessor and decoded vertex count does not match for attribute POSITION. Updating accessor.
04:01:12 | WARNING: Draco Decoder: Vertex count of accessor and decoded vertex count does not match for attribute TEXCOORD_0. Updating accessor.
04:01:13 | INFO: glTF import finished in 0.30s
04:01:18 | INFO: Starting glTF 2.0 export
04:01:18 | INFO: Extracting primitive: Mesh_0
04:01:19 | INFO: Primitives created: 1
04:01:19 | INFO: Finished glTF 2.0 export in 0.19960737228393555 s

04:01:19 | INFO: Data are loaded, start creating Blender stuff
04:01:19 | INFO: Blender create Mesh node Mesh_0
04:01:19 | INFO: glTF import finished in 0.16s
[CPU-BAKE] obj_0111 layer_lhl
04:03:29 | INFO: Data are loaded, start creating Blender stuff
04:03:29 | INFO: Blender create Mesh node 0
04:03:29 | INFO: Draco Decoder: Decode primitive [unnamed]
04:03:29 | WARNING: Draco Decoder: Vertex count of accessor and decoded vertex count does not match for attribute NORMAL. Updating accessor.
04:03:29 | WARNING: Draco Decoder: Vertex count of accessor and decoded vertex count does not match for attribute POSITION. Updating accessor.
04:03:29 | WARNING: Draco Decoder: Vertex count of accessor and decoded vertex count does not match for attribute TEXCOORD_0. Updating accessor.
04:03:29 | INFO: glTF import finished in 0.30s
04:03:35 | INFO: Starting glTF 2.0 export
04:03:35 | INFO: Extracting primitive: Mesh_0
04:03:35 | INFO: Primitives created: 1
04:03:35 | INFO: Finished glTF 2.0 export in 0.20303916931152344 s

04:03:36 | INFO: Data are loaded, start creating Blender stuff
04:03:36 | INFO: Blender create Mesh node Mesh_0
04:03:36 | INFO: glTF import finished in 0.16s
{
  "objects": 12,
  "methods": [
    "layer_llh",
    "layer_lhl"
  ],
  "records": 24,
  "output_dir": "/4T/CXY/MV-Painter/final/round2/main_adapter_baking/cpu_bake_12_layerwise"
}
, 377076 indices
DracoDecoder | Decoded 137315 vertices, 450000 indices
DracoDecoder | Decoded 137315 vertices, 450000 indices
DracoDecoder | Decoded 137315 vertices, 450000 indices
DracoDecoder | Decoded 105354 vertices, 450000 indices
DracoDecoder | Decoded 105354 vertices, 450000 indices
DracoDecoder | Decoded 105354 vertices, 450000 indices
DracoDecoder | Decoded 17912 vertices, 91266 indices
DracoDecoder | Decoded 17912 vertices, 91266 indices
DracoDecoder | Decoded 17912 vertices, 91266 indices
DracoDecoder | Decoded 91201 vertices, 449994 indices
DracoDecoder | Decoded 91201 vertices, 449994 indices
DracoDecoder | Decoded 91201 vertices, 449994 indices
DracoDecoder | Decoded 15098 vertices, 87060 indices
DracoDecoder | Decoded 15098 vertices, 87060 indices
DracoDecoder | Decoded 15098 vertices, 87060 indices
DracoDecoder | Decoded 141230 vertices, 450000 indices
DracoDecoder | Decoded 141230 vertices, 450000 indices
DracoDecoder | Decoded 141230 vertices, 450000 indices

Blender quit
