04:09:41 | INFO: Data are loaded, start creating Blender stuff
04:09:41 | INFO: Blender create Mesh node 0
04:09:41 | INFO: Draco Decoder: Decode primitive [unnamed]
04:09:42 | WARNING: Draco Decoder: Vertex count of accessor and decoded vertex count does not match for attribute NORMAL. Updating accessor.
04:09:42 | WARNING: Draco Decoder: Vertex count of accessor and decoded vertex count does not match for attribute POSITION. Updating accessor.
04:09:42 | WARNING: Draco Decoder: Vertex count of accessor and decoded vertex count does not match for attribute TEXCOORD_0. Updating accessor.
04:09:42 | INFO: glTF import finished in 0.29s
[CPU-BAKE] obj_0013 global_fixed_low
04:10:47 | INFO: Data are loaded, start creating Blender stuff
04:10:47 | INFO: Blender create Mesh node 0
04:10:47 | INFO: Draco Decoder: Decode primitive [unnamed]
04:10:47 | WARNING: Draco Decoder: Vertex count of accessor and decoded vertex count does not match for attribute NORMAL. Updating accessor.
04:10:47 | WARNING: Draco Decoder: Vertex count of accessor and decoded vertex count does not match for attribute POSITION. Updating accessor.
04:10:47 | WARNING: Draco Decoder: Vertex count of accessor and decoded vertex count does not match for attribute TEXCOORD_0. Updating accessor.
04:10:47 | INFO: glTF import finished in 0.28s
INFO Draco mesh compression is available, use library at /4T/CXY/MV-Painter/blender-4.2.4-linux-x64/4.2/python/lib/python3.11/site-packages/libextern_draco.so
04:10:53 | INFO: Starting glTF 2.0 export
04:10:53 | INFO: Extracting primitive: Mesh_0
04:10:53 | INFO: Primitives created: 1
04:10:53 | INFO: Finished glTF 2.0 export in 0.20400142669677734 s

04:10:53 | INFO: Data are loaded, start creating Blender stuff
04:10:53 | INFO: Blender create Mesh node Mesh_0
04:10:53 | INFO: glTF import finished in 0.16s
[CPU-BAKE] obj_0013 global_c3
04:12:59 | INFO: Data are loaded, start creating Blender stuff
04:12:59 | INFO: Blender create Mesh node 0
04:12:59 | INFO: Draco Decoder: Decode primitive [unnamed]
04:13:00 | WARNING: Draco Decoder: Vertex count of accessor and decoded vertex count does not match for attribute NORMAL. Updating accessor.
04:13:00 | WARNING: Draco Decoder: Vertex count of accessor and decoded vertex count does not match for attribute POSITION. Updating accessor.
04:13:00 | WARNING: Draco Decoder: Vertex count of accessor and decoded vertex count does not match for attribute TEXCOORD_0. Updating accessor.
04:13:00 | INFO: glTF import finished in 0.27s
04:13:06 | INFO: Starting glTF 2.0 export
04:13:06 | INFO: Extracting primitive: Mesh_0
04:13:06 | INFO: Primitives created: 1
04:13:06 | INFO: Finished glTF 2.0 export in 0.19928455352783203 s

04:13:06 | INFO: Data are loaded, start creating Blender stuff
04:13:06 | INFO: Blender create Mesh node Mesh_0
04:13:06 | INFO: glTF import finished in 0.16s
04:13:12 | INFO: Data are loaded, start creating Blender stuff
04:13:12 | INFO: Blender create Mesh node 0
04:13:12 | INFO: Draco Decoder: Decode primitive [unnamed]
04:13:12 | INFO: glTF import finished in 0.04s
[CPU-BAKE] obj_0015 global_fixed_low
04:13:25 | INFO: Data are loaded, start creating Blender stuff
04:13:25 | INFO: Blender create Mesh node 0
04:13:25 | INFO: Draco Decoder: Decode primitive [unnamed]
04:13:25 | INFO: glTF import finished in 0.04s
04:13:29 | INFO: Starting glTF 2.0 export
04:13:29 | INFO: Extracting primitive: Mesh_0
04:13:29 | INFO: Primitives created: 1
04:13:29 | INFO: Finished glTF 2.0 export in 0.05980682373046875 s

04:13:29 | INFO: Data are loaded, start creating Blender stuff
04:13:29 | INFO: Blender create Mesh node Mesh_0
04:13:29 | INFO: glTF import finished in 0.03s
[CPU-BAKE] obj_0015 global_c3
04:13:56 | INFO: Data are loaded, start creating Blender stuff
04:13:56 | INFO: Blender create Mesh node 0
04:13:56 | INFO: Draco Decoder: Decode primitive [unnamed]
04:13:56 | INFO: glTF import finished in 0.04s
04:14:00 | INFO: Starting glTF 2.0 export
04:14:00 | INFO: Extracting primitive: Mesh_0
04:14:00 | INFO: Primitives created: 1
04:14:00 | INFO: Finished glTF 2.0 export in 0.060362815856933594 s

04:14:00 | INFO: Data are loaded, start creating Blender stuff
04:14:00 | INFO: Blender create Mesh node Mesh_0
04:14:00 | INFO: glTF import finished in 0.03s
04:14:02 | INFO: Data are loaded, start creating Blender stuff
04:14:02 | INFO: Blender create Mesh node 0
04:14:02 | INFO: Draco Decoder: Decode primitive [unnamed]
04:14:02 | INFO: glTF import finished in 0.20s
[CPU-BAKE] obj_0038 global_fixed_low
04:15:00 | INFO: Data are loaded, start creating Blender stuff
04:15:00 | INFO: Blender create Mesh node 0
04:15:00 | INFO: Draco Decoder: Decode primitive [unnamed]
04:15:00 | INFO: glTF import finished in 0.19s
04:15:07 | INFO: Starting glTF 2.0 export
04:15:07 | INFO: Extracting primitive: Mesh_0
04:15:07 | INFO: Primitives created: 1
04:15:07 | INFO: Finished glTF 2.0 export in 0.1675252914428711 s

04:15:07 | INFO: Data are loaded, start creating Blender stuff
04:15:07 | INFO: Blender create Mesh node Mesh_0
04:15:07 | INFO: glTF import finished in 0.11s
[CPU-BAKE] obj_0038 global_c3
04:17:00 | INFO: Data are loaded, start creating Blender stuff
04:17:00 | INFO: Blender create Mesh node 0
04:17:00 | INFO: Draco Decoder: Decode primitive [unnamed]
04:17:00 | INFO: glTF import finished in 0.19s
04:17:07 | INFO: Starting glTF 2.0 export
04:17:07 | INFO: Extracting primitive: Mesh_0
04:17:07 | INFO: Primitives created: 1
04:17:07 | INFO: Finished glTF 2.0 export in 0.16694140434265137 s

04:17:07 | INFO: Data are loaded, start creating Blender stuff
04:17:07 | INFO: Blender create Mesh node Mesh_0
04:17:07 | INFO: glTF import finished in 0.11s
04:17:12 | INFO: Data are loaded, start creating Blender stuff
04:17:12 | INFO: Blender create Mesh node Mesh.002
04:17:12 | INFO: Draco Decoder: Decode primitive Mesh.002
04:17:12 | INFO: Blender create Mesh node Mesh.003
04:17:12 | INFO: Draco Decoder: Decode primitive Mesh.003
04:17:12 | INFO: Blender create Mesh node Mesh.004
04:17:12 | INFO: Draco Decoder: Decode primitive Mesh.004
04:17:12 | INFO: Blender create Mesh node Mesh.005
04:17:12 | INFO: Draco Decoder: Decode primitive Mesh.005
04:17:12 | INFO: Blender create Mesh node Mesh.006
04:17:12 | INFO: Draco Decoder: Decode primitive Mesh.006
04:17:12 | INFO: Blender create Mesh node Mesh.008
04:17:12 | INFO: Draco Decoder: Decode primitive Mesh.008
04:17:12 | INFO: Blender create Mesh node Mesh.009
04:17:12 | INFO: Draco Decoder: Decode primitive Mesh.009
04:17:12 | INFO: Blender create Mesh node Mesh.011
04:17:12 | INFO: Draco Decoder: Decode primitive Mesh.011
04:17:12 | INFO: Blender create Mesh node Mesh.012
04:17:12 | INFO: Draco Decoder: Decode primitive Mesh.012
04:17:12 | INFO: Blender create Mesh node Mesh.038
04:17:12 | INFO: Draco Decoder: Decode primitive Mesh.038
04:17:12 | INFO: Blender create Mesh node Mesh.040
04:17:12 | INFO: Draco Decoder: Decode primitive Mesh.040
04:17:12 | INFO: Blender create Mesh node Mesh.039
04:17:12 | INFO: Draco Decoder: Decode primitive Mesh.039
04:17:12 | INFO: Blender create Mesh node Mesh.042
04:17:12 | INFO: Draco Decoder: Decode primitive Mesh.042
04:17:12 | INFO: Blender create Mesh node Mesh
04:17:12 | INFO: Draco Decoder: Decode primitive Mesh
04:17:12 | INFO: Blender create Mesh node Mesh.001
04:17:12 | INFO: Draco Decoder: Decode primitive Mesh.001
04:17:12 | INFO: Blender create Mesh node Mesh.017
04:17:12 | INFO: Draco Decoder: Decode primitive Mesh.017
04:17:12 | INFO: Blender create Mesh node Mesh.018
04:17:12 | INFO: Draco Decoder: Decode primitive Mesh.018
04:17:12 | INFO: Blender create Mesh node Mesh.019
04:17:12 | INFO: Draco Decoder: Decode primitive Mesh.019
04:17:12 | INFO: Blender create Mesh node Mesh.020
04:17:12 | INFO: Draco Decoder: Decode primitive Mesh.020
04:17:12 | INFO: Blender create Mesh node Mesh.021
04:17:12 | INFO: Draco Decoder: Decode primitive Mesh.021
04:17:12 | INFO: Blender create Mesh node Mesh.022
04:17:12 | INFO: Draco Decoder: Decode primitive Mesh.022
04:17:12 | INFO: Blender create Mesh node Mesh.023
04:17:12 | INFO: Draco Decoder: Decode primitive Mesh.023
04:17:12 | INFO: Blender create Mesh node Mesh.007
04:17:12 | INFO: Draco Decoder: Decode primitive Mesh.007
04:17:12 | INFO: Blender create Mesh node Mesh.024
04:17:12 | INFO: Draco Decoder: Decode primitive Mesh.024
04:17:12 | INFO: Blender create Mesh node Mesh.025
04:17:12 | INFO: Draco Decoder: Decode primitive Mesh.025
04:17:12 | INFO: Blender create Mesh node Mesh.026
04:17:12 | INFO: Draco Decoder: Decode primitive Mesh.026
04:17:12 | INFO: Blender create Mesh node Mesh.027
04:17:12 | INFO: Draco Decoder: Decode primitive Mesh.027
04:17:12 | INFO: Blender create Mesh node Mesh.028
04:17:12 | INFO: Draco Decoder: Decode primitive Mesh.028
04:17:12 | INFO: Blender create Mesh node Mesh.010
04:17:12 | INFO: Draco Decoder: Decode primitive Mesh.010
04:17:12 | INFO: Blender create Mesh node Mesh.029
04:17:12 | INFO: Draco Decoder: Decode primitive Mesh.029
04:17:12 | INFO: Blender create Mesh node Mesh.016
04:17:12 | INFO: Draco Decoder: Decode primitive Mesh.016
04:17:12 | INFO: Blender create Mesh node Mesh.030
04:17:12 | INFO: Draco Decoder: Decode primitive Mesh.030
04:17:12 | INFO: Blender create Mesh node Mesh.031
04:17:12 | INFO: Draco Decoder: Decode primitive Mesh.031
04:17:12 | INFO: Blender create Mesh node Mesh.014
04:17:12 | INFO: Draco Decoder: Decode primitive Mesh.014
04:17:12 | INFO: Blender create Mesh node Mesh.015
04:17:12 | INFO: Draco Decoder: Decode primitive Mesh.015
04:17:12 | INFO: Blender create Mesh node Mesh.034
04:17:12 | INFO: Draco Decoder: Decode primitive Mesh.034
04:17:12 | INFO: Blender create Mesh node Mesh.035
04:17:12 | INFO: Draco Decoder: Decode primitive Mesh.035
04:17:12 | INFO: Blender create Mesh node Mesh.013
04:17:12 | INFO: Draco Decoder: Decode primitive Mesh.013
04:17:12 | INFO: Blender create Mesh node Mesh.036
04:17:12 | INFO: Draco Decoder: Decode primitive Mesh.036
04:17:12 | INFO: Blender create Mesh node Mesh.037
04:17:12 | INFO: Draco Decoder: Decode primitive Mesh.037
04:17:12 | INFO: Blender create Mesh node Mesh.043
04:17:12 | INFO: Draco Decoder: Decode primitive Mesh.043
04:17:12 | INFO: Blender create Mesh node Mesh.032
04:17:12 | INFO: Draco Decoder: Decode primitive Mesh.032
04:17:12 | INFO: Blender create Mesh node Mesh.033
04:17:12 | INFO: Draco Decoder: Decode primitive Mesh.033
04:17:12 | INFO: Blender create Mesh node Mesh.045
04:17:12 | INFO: Draco Decoder: Decode primitive Mesh.045
04:17:12 | INFO: Blender create Mesh node Mesh.044
04:17:12 | INFO: Draco Decoder: Decode primitive Mesh.044
04:17:12 | INFO: Blender create Mesh node Mesh.046
04:17:12 | INFO: Draco Decoder: Decode primitive Mesh.046
04:17:12 | INFO: Blender create Mesh node Mesh.047
04:17:12 | INFO: Draco Decoder: Decode primitive Mesh.047
04:17:12 | INFO: Blender create Mesh node Mesh.048
04:17:12 | INFO: Draco Decoder: Decode primitive Mesh.048
04:17:12 | INFO: Blender create Mesh node Mesh.049
04:17:12 | INFO: Draco Decoder: Decode primitive Mesh.049
04:17:12 | INFO: Blender create Mesh node Mesh.050
04:17:12 | INFO: Draco Decoder: Decode primitive Mesh.050
04:17:12 | INFO: Blender create Mesh node Mesh.041
04:17:12 | INFO: Draco Decoder: Decode primitive Mesh.041
04:17:12 | INFO: glTF import finished in 0.07s
[CPU-BAKE] obj_0048 global_fixed_low
04:17:15 | INFO: Data are loaded, start creating Blender stuff
04:17:15 | INFO: Blender create Mesh node Mesh.002
04:17:15 | INFO: Draco Decoder: Decode primitive Mesh.002
04:17:15 | INFO: Blender create Mesh node Mesh.003
04:17:15 | INFO: Draco Decoder: Decode primitive Mesh.003
04:17:15 | INFO: Blender create Mesh node Mesh.004
04:17:15 | INFO: Draco Decoder: Decode primitive Mesh.004
04:17:15 | INFO: Blender create Mesh node Mesh.005
04:17:15 | INFO: Draco Decoder: Decode primitive Mesh.005
04:17:15 | INFO: Blender create Mesh node Mesh.006
04:17:15 | INFO: Draco Decoder: Decode primitive Mesh.006
04:17:15 | INFO: Blender create Mesh node Mesh.008
04:17:15 | INFO: Draco Decoder: Decode primitive Mesh.008
04:17:15 | INFO: Blender create Mesh node Mesh.009
04:17:15 | INFO: Draco Decoder: Decode primitive Mesh.009
04:17:15 | INFO: Blender create Mesh node Mesh.011
04:17:15 | INFO: Draco Decoder: Decode primitive Mesh.011
04:17:15 | INFO: Blender create Mesh node Mesh.012
04:17:15 | INFO: Draco Decoder: Decode primitive Mesh.012
04:17:15 | INFO: Blender create Mesh node Mesh.038
04:17:15 | INFO: Draco Decoder: Decode primitive Mesh.038
04:17:15 | INFO: Blender create Mesh node Mesh.040
04:17:15 | INFO: Draco Decoder: Decode primitive Mesh.040
04:17:15 | INFO: Blender create Mesh node Mesh.039
04:17:15 | INFO: Draco Decoder: Decode primitive Mesh.039
04:17:15 | INFO: Blender create Mesh node Mesh.042
04:17:15 | INFO: Draco Decoder: Decode primitive Mesh.042
04:17:15 | INFO: Blender create Mesh node Mesh
04:17:15 | INFO: Draco Decoder: Decode primitive Mesh
04:17:15 | INFO: Blender create Mesh node Mesh.001
04:17:15 | INFO: Draco Decoder: Decode primitive Mesh.001
04:17:15 | INFO: Blender create Mesh node Mesh.017
04:17:15 | INFO: Draco Decoder: Decode primitive Mesh.017
04:17:15 | INFO: Blender create Mesh node Mesh.018
04:17:15 | INFO: Draco Decoder: Decode primitive Mesh.018
04:17:15 | INFO: Blender create Mesh node Mesh.019
04:17:15 | INFO: Draco Decoder: Decode primitive Mesh.019
04:17:15 | INFO: Blender create Mesh node Mesh.020
04:17:15 | INFO: Draco Decoder: Decode primitive Mesh.020
04:17:15 | INFO: Blender create Mesh node Mesh.021
04:17:15 | INFO: Draco Decoder: Decode primitive Mesh.021
04:17:15 | INFO: Blender create Mesh node Mesh.022
04:17:15 | INFO: Draco Decoder: Decode primitive Mesh.022
04:17:15 | INFO: Blender create Mesh node Mesh.023
04:17:15 | INFO: Draco Decoder: Decode primitive Mesh.023
04:17:15 | INFO: Blender create Mesh node Mesh.007
04:17:15 | INFO: Draco Decoder: Decode primitive Mesh.007
Blender 4.2.4 LTS (hash e41b0e807a59 built 2024-11-19 00:31:24)
Warning: Falling back to the standard locale ("C")
DracoDecoder | Decoded 136537 vertices, 450000 indices
DracoDecoder | Decoded 136537 vertices, 450000 indices
DracoDecoder | Decoded 136537 vertices, 450000 indices
DracoDecoder | Decoded 14263 vertices, 82560 indices
DracoDecoder | Decoded 14263 vertices, 82560 indices
DracoDecoder | Decoded 14263 vertices, 82560 indices
DracoDecoder | Decoded 76992 vertices, 388428 indices
DracoDecoder | Decoded 76992 vertices, 388428 indices
DracoDecoder | Decoded 76992 vertices, 388428 indices
DracoDecoder | Decoded 20 vertices, 30 indices
DracoDecoder | Decoded 20 vertices, 30 indices
DracoDecoder | Decoded 20 vertices, 30 indices
DracoDecoder | Decoded 20 vertices, 30 indices
DracoDecoder | Decoded 20 vertices, 30 indices
DracoDecoder | Decoded 20 vertices, 30 indices
DracoDecoder | Decoded 20 vertices, 30 indices
DracoDecoder | Decoded 20 vertices, 30 indices
DracoDecoder | Decoded 20 vertices, 30 indices
DracoDecoder | Decoded 48 vertices, 72 indices
DracoDecoder | Decoded 48 vertices, 72 indices
DracoDecoder | Decoded 48 vertices, 72 indices
DracoDecoder | Decoded 48 vertices, 72 indices
DracoDecoder | Decoded 640 vertices, 960 indices
DracoDecoder | Decoded 2320 vertices, 3480 indices
DracoDecoder | Decoded 432 vertices, 648 indices
DracoDecoder | Decoded 432 vertices, 648 indices
DracoDecoder | Decoded 48 vertices, 72 indices
DracoDecoder | Decoded 624 vertices, 936 indices
DracoDecoder | Decoded 384 vertices, 576 indices
DracoDecoder | Decoded 48 vertices, 72 indices
DracoDecoder | Decoded 48 vertices, 72 indices
DracoDecoder | Decoded 800 vertices, 1200 indices
DracoDecoder | Decoded 144 vertices, 216 indices
DracoDecoder | Decoded 240 vertices, 360 indices
DracoDecoder | Decoded 240 vertices, 360 indices
DracoDecoder | Decoded 48 vertices, 72 indices
DracoDecoder | Decoded 48 vertices, 72 indices
DracoDecoder | Decoded 51 vertices, 90 indices
DracoDecoder | Decoded 192 vertices, 288 indices
DracoDecoder | Decoded 62 vertices, 96 indices
DracoDecoder | Decoded 126 vertices, 192 indices
DracoDecoder | Decoded 372 vertices, 558 indices
DracoDecoder | Decoded 304 vertices, 456 indices
DracoDecoder | Decoded 122 vertices, 186 indices
DracoDecoder | Decoded 304 vertices, 456 indices
DracoDecoder | Decoded 8 vertices, 12 indices
DracoDecoder | Decoded 12 vertices, 18 indices
DracoDecoder | Decoded 24 vertices, 36 indices
DracoDecoder | Decoded 244 vertices, 366 indices
DracoDecoder | Decoded 130 vertices, 258 indices
DracoDecoder | Decoded 765 vertices, 2010 indices
DracoDecoder | Decoded 12 vertices, 30 indices
DracoDecoder | Decoded 24 vertices, 36 indices
DracoDecoder | Decoded 69 vertices, 144 indices
DracoDecoder | Decoded 384 vertices, 576 indices
DracoDecoder | Decoded 48 vertices, 72 indices
DracoDecoder | Decoded 48 vertices, 72 indices
DracoDecoder | Decoded 48 vertices, 72 indices
DracoDecoder | Decoded 240 vertices, 360 indices
DracoDecoder | Decoded 348 vertices, 522 indices
DracoDecoder | Decoded 20 vertices, 30 indices
DracoDecoder | Decoded 20 vertices, 30 indices
DracoDecoder | Decoded 20 vertices, 30 indices
DracoDecoder | Decoded 20 vertices, 30 indices
DracoDecoder | Decoded 20 vertices, 30 indices
DracoDecoder | Decoded 20 vertices, 30 indices
DracoDecoder | Decoded 20 vertices, 30 indices
DracoDecoder | Decoded 20 vertices, 30 indices
DracoDecoder | Decoded 20 vertices, 30 indices
DracoDecoder | Decoded 48 vertices, 72 indices
DracoDecoder | Decoded 48 vertices, 72 indices
DracoDecoder | Decoded 48 vertices, 72 indices
DracoDecoder | Decoded 48 vertices, 72 indices
DracoDecoder | Decoded 640 vertices, 960 indices
DracoDecoder | Decoded 2320 vertices, 3480 indices
DracoDecoder | Decoded 432 vertices, 648 indices
DracoDecoder | Decoded 432 vertices, 648 indices
DracoDecoder | Decoded 48 vertices, 72 indices
DracoDecoder | Decoded 624 vertices, 936 indices
DracoDecoder | Decoded 384 vertices, 576 indices
DracoDecoder | Decoded 48 vertices, 72 indices
DracoDecoder | Decoded 48 vertices, 72 indices
Dr04:17:15 | INFO: Blender create Mesh node Mesh.024
04:17:15 | INFO: Draco Decoder: Decode primitive Mesh.024
04:17:15 | INFO: Blender create Mesh node Mesh.025
04:17:15 | INFO: Draco Decoder: Decode primitive Mesh.025
04:17:15 | INFO: Blender create Mesh node Mesh.026
04:17:15 | INFO: Draco Decoder: Decode primitive Mesh.026
04:17:15 | INFO: Blender create Mesh node Mesh.027
04:17:15 | INFO: Draco Decoder: Decode primitive Mesh.027
04:17:15 | INFO: Blender create Mesh node Mesh.028
04:17:15 | INFO: Draco Decoder: Decode primitive Mesh.028
04:17:15 | INFO: Blender create Mesh node Mesh.010
04:17:15 | INFO: Draco Decoder: Decode primitive Mesh.010
04:17:15 | INFO: Blender create Mesh node Mesh.029
04:17:15 | INFO: Draco Decoder: Decode primitive Mesh.029
04:17:15 | INFO: Blender create Mesh node Mesh.016
04:17:15 | INFO: Draco Decoder: Decode primitive Mesh.016
04:17:15 | INFO: Blender create Mesh node Mesh.030
04:17:15 | INFO: Draco Decoder: Decode primitive Mesh.030
04:17:15 | INFO: Blender create Mesh node Mesh.031
04:17:15 | INFO: Draco Decoder: Decode primitive Mesh.031
04:17:15 | INFO: Blender create Mesh node Mesh.014
04:17:15 | INFO: Draco Decoder: Decode primitive Mesh.014
04:17:15 | INFO: Blender create Mesh node Mesh.015
04:17:15 | INFO: Draco Decoder: Decode primitive Mesh.015
04:17:15 | INFO: Blender create Mesh node Mesh.034
04:17:15 | INFO: Draco Decoder: Decode primitive Mesh.034
04:17:15 | INFO: Blender create Mesh node Mesh.035
04:17:15 | INFO: Draco Decoder: Decode primitive Mesh.035
04:17:15 | INFO: Blender create Mesh node Mesh.013
04:17:15 | INFO: Draco Decoder: Decode primitive Mesh.013
04:17:15 | INFO: Blender create Mesh node Mesh.036
04:17:15 | INFO: Draco Decoder: Decode primitive Mesh.036
04:17:15 | INFO: Blender create Mesh node Mesh.037
04:17:15 | INFO: Draco Decoder: Decode primitive Mesh.037
04:17:15 | INFO: Blender create Mesh node Mesh.043
04:17:15 | INFO: Draco Decoder: Decode primitive Mesh.043
04:17:15 | INFO: Blender create Mesh node Mesh.032
04:17:15 | INFO: Draco Decoder: Decode primitive Mesh.032
04:17:15 | INFO: Blender create Mesh node Mesh.033
04:17:15 | INFO: Draco Decoder: Decode primitive Mesh.033
04:17:15 | INFO: Blender create Mesh node Mesh.045
04:17:15 | INFO: Draco Decoder: Decode primitive Mesh.045
04:17:15 | INFO: Blender create Mesh node Mesh.044
04:17:15 | INFO: Draco Decoder: Decode primitive Mesh.044
04:17:15 | INFO: Blender create Mesh node Mesh.046
04:17:15 | INFO: Draco Decoder: Decode primitive Mesh.046
04:17:15 | INFO: Blender create Mesh node Mesh.047
04:17:15 | INFO: Draco Decoder: Decode primitive Mesh.047
04:17:15 | INFO: Blender create Mesh node Mesh.048
04:17:15 | INFO: Draco Decoder: Decode primitive Mesh.048
04:17:15 | INFO: Blender create Mesh node Mesh.049
04:17:15 | INFO: Draco Decoder: Decode primitive Mesh.049
04:17:15 | INFO: Blender create Mesh node Mesh.050
04:17:15 | INFO: Draco Decoder: Decode primitive Mesh.050
04:17:15 | INFO: Blender create Mesh node Mesh.041
04:17:15 | INFO: Draco Decoder: Decode primitive Mesh.041
04:17:15 | INFO: glTF import finished in 0.07s
04:17:18 | INFO: Starting glTF 2.0 export
04:17:18 | INFO: Extracting primitive: Mesh.002
04:17:18 | INFO: Primitives created: 1
04:17:18 | INFO: Extracting primitive: Mesh.003
04:17:18 | INFO: Primitives created: 1
04:17:18 | INFO: Extracting primitive: Mesh.004
04:17:18 | INFO: Primitives created: 1
04:17:18 | INFO: Extracting primitive: Mesh.005
04:17:18 | INFO: Primitives created: 1
04:17:18 | INFO: Extracting primitive: Mesh.006
04:17:18 | INFO: Primitives created: 1
04:17:18 | INFO: Extracting primitive: Mesh.008
04:17:18 | INFO: Primitives created: 1
04:17:18 | INFO: Extracting primitive: Mesh.009
04:17:18 | INFO: Primitives created: 1
04:17:18 | INFO: Extracting primitive: Mesh.011
04:17:18 | INFO: Primitives created: 1
04:17:18 | INFO: Extracting primitive: Mesh.012
04:17:18 | INFO: Primitives created: 1
04:17:18 | INFO: Extracting primitive: Mesh.038
04:17:18 | INFO: Primitives created: 1
04:17:18 | INFO: Extracting primitive: Mesh.040
04:17:18 | INFO: Primitives created: 1
04:17:18 | INFO: Extracting primitive: Mesh.039
04:17:18 | INFO: Primitives created: 1
04:17:18 | INFO: Extracting primitive: Mesh.042
04:17:18 | INFO: Primitives created: 1
04:17:18 | INFO: Extracting primitive: Mesh
04:17:18 | INFO: Primitives created: 1
04:17:18 | INFO: Extracting primitive: Mesh.001
04:17:18 | INFO: Primitives created: 1
04:17:18 | INFO: Extracting primitive: Mesh.017
04:17:18 | INFO: Primitives created: 1
04:17:18 | INFO: Extracting primitive: Mesh.018
04:17:18 | INFO: Primitives created: 1
04:17:18 | INFO: Extracting primitive: Mesh.019
04:17:18 | INFO: Primitives created: 1
04:17:18 | INFO: Extracting primitive: Mesh.020
04:17:18 | INFO: Primitives created: 1
04:17:18 | INFO: Extracting primitive: Mesh.021
04:17:18 | INFO: Primitives created: 1
04:17:18 | INFO: Extracting primitive: Mesh.022
04:17:18 | INFO: Primitives created: 1
04:17:18 | INFO: Extracting primitive: Mesh.023
04:17:18 | INFO: Primitives created: 1
04:17:18 | INFO: Extracting primitive: Mesh.007
04:17:18 | INFO: Primitives created: 1
04:17:18 | INFO: Extracting primitive: Mesh.024
04:17:18 | INFO: Primitives created: 1
04:17:18 | INFO: Extracting primitive: Mesh.025
04:17:18 | INFO: Primitives created: 1
04:17:18 | INFO: Extracting primitive: Mesh.026
04:17:18 | INFO: Primitives created: 1
04:17:18 | INFO: Extracting primitive: Mesh.027
04:17:18 | INFO: Primitives created: 1
04:17:18 | INFO: Extracting primitive: Mesh.028
04:17:18 | INFO: Primitives created: 1
04:17:18 | INFO: Extracting primitive: Mesh.010
04:17:18 | INFO: Primitives created: 1
04:17:18 | INFO: Extracting primitive: Mesh.029
04:17:18 | INFO: Primitives created: 1
04:17:18 | INFO: Extracting primitive: Mesh.016
04:17:18 | INFO: Primitives created: 1
04:17:18 | INFO: Extracting primitive: Mesh.030
04:17:18 | INFO: Primitives created: 1
04:17:18 | INFO: Extracting primitive: Mesh.031
04:17:18 | INFO: Primitives created: 1
04:17:18 | INFO: Extracting primitive: Mesh.014
04:17:18 | INFO: Primitives created: 1
04:17:18 | INFO: Extracting primitive: Mesh.015
04:17:18 | INFO: Primitives created: 1
04:17:18 | INFO: Extracting primitive: Mesh.034
04:17:18 | INFO: Primitives created: 1
04:17:18 | INFO: Extracting primitive: Mesh.035
04:17:18 | INFO: Primitives created: 1
04:17:18 | INFO: Extracting primitive: Mesh.013
04:17:18 | INFO: Primitives created: 1
04:17:18 | INFO: Extracting primitive: Mesh.036
04:17:18 | INFO: Primitives created: 1
04:17:18 | INFO: Extracting primitive: Mesh.037
04:17:18 | INFO: Primitives created: 1
04:17:18 | INFO: Extracting primitive: Mesh.043
04:17:18 | INFO: Primitives created: 1
04:17:18 | INFO: Extracting primitive: Mesh.032
04:17:18 | INFO: Primitives created: 1
04:17:18 | INFO: Extracting primitive: Mesh.033
04:17:18 | INFO: Primitives created: 1
04:17:18 | INFO: Extracting primitive: Mesh.045
04:17:18 | INFO: Primitives created: 1
04:17:18 | INFO: Extracting primitive: Mesh.044
04:17:18 | INFO: Primitives created: 1
04:17:18 | INFO: Extracting primitive: Mesh.046
04:17:18 | INFO: Primitives created: 1
04:17:18 | INFO: Extracting primitive: Mesh.047
04:17:18 | INFO: Primitives created: 1
04:17:18 | INFO: Extracting primitive: Mesh.048
04:17:18 | INFO: Primitives created: 1
04:17:18 | INFO: Extracting primitive: Mesh.049
04:17:18 | INFO: Primitives created: 1
04:17:18 | INFO: Extracting primitive: Mesh.050
04:17:18 | INFO: Primitives created: 1
04:17:18 | INFO: Extracting primitive: Mesh.041
04:17:18 | INFO: Primitives created: 1
04:17:18 | INFO: Finished glTF 2.0 export in 0.09661197662353516 s

04:17:18 | INFO: Data are loaded, start creating Blender stuff
04:17:18 | INFO: Blender create Mesh node Mesh.002
04:17:18 | INFO: Blender create Mesh node Mesh.003
04:17:18 | INFO: Blender create Mesh node Mesh.004
04:17:18 | INFO: Blender create Mesh node Mesh.005
04:17:18 | INFO: Blender create Mesh node Mesh.006
04:17:18 | INFO: Blender create Mesh node Mesh.008
04:17:18 | INFO: Blender create Mesh node Mesh.009
04:17:18 | INFO: Blender create Mesh node Mesh.011
04:17:18 | INFO: Blender create Mesh node Mesh.012
04:17:18 | INFO: Blender create Mesh node Mesh.038
04:17:18 | INFO: Blender create Mesh node Mesh.040
04:17:18 | INFO: Blender create Mesh node Mesh.039
04:17:18 | INFO: Blender create Mesh node Mesh.042
04:17:18 | INFO: Blender create Mesh node Mesh
04:17:18 | INFO: Blender create Mesh node Mesh.001
04:17:18 | INFO: Blender create Mesh node Mesh.017
04:17:18 | INFO: Blender create Mesh node Mesh.018
04:17:18 | INFO: Blender create Mesh node Mesh.019
04:17:18 | INFO: Blender create Mesh node Mesh.020
04:17:18 | INFO: Blender create Mesh node Mesh.021
04:17:18 | INFO: Blender create Mesh node Mesh.022
04:17:18 | INFO: Blender create Mesh node Mesh.023
04:17:18 | INFO: Blender create Mesh node Mesh.007
04:17:18 | INFO: Blender create Mesh node Mesh.024
04:17:18 | INFO: Blender create Mesh node Mesh.025
04:17:18 | INFO: Blender create Mesh node Mesh.026
04:17:18 | INFO: Blender create Mesh node Mesh.027
04:17:18 | INFO: Blender create Mesh node Mesh.028
04:17:18 | INFO: Blender create Mesh node Mesh.010
04:17:18 | INFO: Blender create Mesh node Mesh.029
04:17:18 | INFO: Blender create Mesh node Mesh.016
04:17:18 | INFO: Blender create Mesh node Mesh.030
04:17:18 | INFO: Blender create Mesh node Mesh.031
04:17:18 | INFO: Blender create Mesh node Mesh.014
04:17:18 | INFO: Blender create Mesh node Mesh.015
04:17:18 | INFO: Blender create Mesh node Mesh.034
04:17:18 | INFO: Blender create Mesh node Mesh.035
04:17:18 | INFO: Blender create Mesh node Mesh.013
04:17:18 | INFO: Blender create Mesh node Mesh.036
04:17:18 | INFO: Blender create Mesh node Mesh.037
04:17:18 | INFO: Blender create Mesh node Mesh.043
04:17:18 | INFO: Blender create Mesh node Mesh.032
04:17:18 | INFO: Blender create Mesh node Mesh.033
04:17:18 | INFO: Blender create Mesh node Mesh.045
04:17:18 | INFO: Blender create Mesh node Mesh.044
04:17:18 | INFO: Blender create Mesh node Mesh.046
04:17:18 | INFO: Blender create Mesh node Mesh.047
04:17:18 | INFO: Blender create Mesh node Mesh.048
04:17:18 | INFO: Blender create Mesh node Mesh.049
04:17:18 | INFO: Blender create Mesh node Mesh.050
04:17:18 | INFO: Blender create Mesh node Mesh.041
04:17:18 | INFO: glTF import finished in 0.04s
[CPU-BAKE] obj_0048 global_c3
04:17:24 | INFO: Data are loaded, start creating Blender stuff
04:17:24 | INFO: Blender create Mesh node Mesh.002
04:17:24 | INFO: Draco Decoder: Decode primitive Mesh.002
04:17:24 | INFO: Blender create Mesh node Mesh.003
04:17:24 | INFO: Draco Decoder: Decode primitive Mesh.003
04:17:24 | INFO: Blender create Mesh node Mesh.004
04:17:24 | INFO: Draco Decoder: Decode primitive Mesh.004
04:17:24 | INFO: Blender create Mesh node Mesh.005
04:17:24 | INFO: Draco Decoder: Decode primitive Mesh.005
04:17:24 | INFO: Blender create Mesh node Mesh.006
04:17:24 | INFO: Draco Decoder: Decode primitive Mesh.006
04:17:24 | INFO: Blender create Mesh node Mesh.008
04:17:24 | INFO: Draco Decoder: Decode primitive Mesh.008
04:17:24 | INFO: Blender create Mesh node Mesh.009
04:17:24 | INFO: Draco Decoder: Decode primitive Mesh.009
04:17:24 | INFO: Blender create Mesh node Mesh.011
04:17:24 | INFO: Draco Decoder: Decode primitive Mesh.011
04:17:24 | INFO: Blender create Mesh node Mesh.012
04:17:24 | INFO: Draco Decoder: Decode primitive Mesh.012
04:17:24 | INFO: Blender create Mesh node Mesh.038
04:17:24 | INFO: Draco Decoder: Decode primitive Mesh.038
04:17:24 | INFO: Blender create Mesh node Mesh.040
04:17:24 | INFO: Draco Decoder: Decode primitive Mesh.040
04:17:24 | INFO: Blender create Mesh node Mesh.039
04:17:24 | INFO: Draco Decoder: Decode primitive Mesh.039
04:17:24 | INFO: Blender create Mesh node Mesh.042
04:17:24 | INFO: Draco Decoder: Decode primitive Mesh.042
04:17:24 | INFO: Blender create Mesh node Mesh
04:17:24 | INFO: Draco Decoder: Decode primitive Mesh
04:17:24 | INFO: Blender create Mesh node Mesh.001
04:17:24 | INFO: Draco Decoder: Decode primitive Mesh.001
04:17:24 | INFO: Blender create Mesh node Mesh.017
04:17:24 | INFO: Draco Decoder: Decode primitive Mesh.017
04:17:24 | INFO: Blender create Mesh node Mesh.018
04:17:24 | INFO: Draco Decoder: Decode primitive Mesh.018
04:17:24 | INFO: Blender create Mesh node Mesh.019
04:17:24 | INFO: Draco Decoder: Decode primitive Mesh.019
04:17:24 | INFO: Blender create Mesh node Mesh.020
04:17:24 | INFO: Draco Decoder: Decode primitive Mesh.020
04:17:24 | INFO: Blender create Mesh node Mesh.021
04:17:24 | INFO: Draco Decoder: Decode primitive Mesh.021
04:17:24 | INFO: Blender create Mesh node Mesh.022
04:17:24 | INFO: Draco Decoder: Decode primitive Mesh.022
04:17:24 | INFO: Blender create Mesh node Mesh.023
04:17:24 | INFO: Draco Decoder: Decode primitive Mesh.023
04:17:24 | INFO: Blender create Mesh node Mesh.007
04:17:24 | INFO: Draco Decoder: Decode primitive Mesh.007
04:17:24 | INFO: Blender create Mesh node Mesh.024
04:17:24 | INFO: Draco Decoder: Decode primitive Mesh.024
04:17:24 | INFO: Blender create Mesh node Mesh.025
04:17:24 | INFO: Draco Decoder: Decode primitive Mesh.025
04:17:24 | INFO: Blender create Mesh node Mesh.026
04:17:24 | INFO: Draco Decoder: Decode primitive Mesh.026
04:17:24 | INFO: Blender create Mesh node Mesh.027
04:17:24 | INFO: Draco Decoder: Decode primitive Mesh.027
04:17:24 | INFO: Blender create Mesh node Mesh.028
04:17:24 | INFO: Draco Decoder: Decode primitive Mesh.028
04:17:24 | INFO: Blender create Mesh node Mesh.010
04:17:24 | INFO: Draco Decoder: Decode primitive Mesh.010
04:17:24 | INFO: Blender create Mesh node Mesh.029
04:17:24 | INFO: Draco Decoder: Decode primitive Mesh.029
04:17:24 | INFO: Blender create Mesh node Mesh.016
04:17:24 | INFO: Draco Decoder: Decode primitive Mesh.016
04:17:24 | INFO: Blender create Mesh node Mesh.030
04:17:24 | INFO: Draco Decoder: Decode primitive Mesh.030
04:17:24 | INFO: Blender create Mesh node Mesh.031
04:17:24 | INFO: Draco Decoder: Decode primitive Mesh.031
04:17:24 | INFO: Blender create Mesh node Mesh.014
04:17:24 | INFO: Draco Decoder: Decode primitive Mesh.014
04:17:24 | INFO: Blender create Mesh node Mesh.015
04:17:24 | INFO: Draco Decoder: Decode primitive Mesh.015
04:17:24 | INFO: Blender create Mesh node Mesh.034
04:17:24 | INFO: Draco Decoder: Decode primitive Mesh.034
04:17:24 | INFO: Blender create Mesh node Mesh.035
04:17:24 | INFO: Draco Decoder: Decode primitive Mesh.035
04:17:24 | INFO: Blender create Mesh node Mesh.013
04:17:24 | INFO: Draco Decoder: Decode primitive Mesh.013
04:17:24 | INFO: Blender create Mesh node Mesh.036
04:17:24 | INFO: Draco Decoder: Decode primitive Mesh.036
04:17:24 | INFO: Blender create Mesh node Mesh.037
04:17:24 | INFO: Draco Decoder: Decode primitive Mesh.037
04:17:24 | INFO: Blender create Mesh node Mesh.043
04:17:24 | INFO: Draco Decoder: Decode primitive Mesh.043
04:17:24 | INFO: Blender create Mesh node Mesh.032
04:17:24 | INFO: Draco Decoder: Decode primitive Mesh.032
04:17:24 | INFO: Blender create Mesh node Mesh.033
04:17:24 | INFO: Draco Decoder: Decode primitive Mesh.033
04:17:24 | INFO: Blender create Mesh node Mesh.045
04:17:24 | INFO: Draco Decoder: Decode primitive Mesh.045
04:17:24 | INFO: Blender create Mesh node Mesh.044
04:17:24 | INFO: Draco Decoder: Decode primitive Mesh.044
04:17:24 | INFO: Blender create Mesh node Mesh.046
04:17:24 | INFO: Draco Decoder: Decode primitive Mesh.046
04:17:24 | INFO: Blender create Mesh node Mesh.047
04:17:24 | INFO: Draco Decoder: Decode primitive Mesh.047
04:17:24 | INFO: Blender create Mesh node Mesh.048
04:17:24 | INFO: Draco Decoder: Decode primitive Mesh.048
04:17:24 | INFO: Blender create Mesh node Mesh.049
04:17:24 | INFO: Draco Decoder: Decode primitive Mesh.049
04:17:24 | INFO: Blender create Mesh node Mesh.050
04:17:24 | INFO: Draco Decoder: Decode primitive Mesh.050
04:17:24 | INFO: Blender create Mesh node Mesh.041
04:17:24 | INFO: Draco Decoder: Decode primitive Mesh.041
04:17:24 | INFO: glTF import finished in 0.07s
04:17:28 | INFO: Starting glTF 2.0 export
04:17:28 | INFO: Extracting primitive: Mesh.002
04:17:28 | INFO: Primitives created: 1
04:17:28 | INFO: Extracting primitive: Mesh.003
04:17:28 | INFO: Primitives created: 1
04:17:28 | INFO: Extracting primitive: Mesh.004
04:17:28 | INFO: Primitives created: 1
04:17:28 | INFO: Extracting primitive: Mesh.005
04:17:28 | INFO: Primitives created: 1
04:17:28 | INFO: Extracting primitive: Mesh.006
04:17:28 | INFO: Primitives created: 1
04:17:28 | INFO: Extracting primitive: Mesh.008
04:17:28 | INFO: Primitives created: 1
04:17:28 | INFO: Extracting primitive: Mesh.009
04:17:28 | INFO: Primitives created: 1
04:17:28 | INFO: Extracting primitive: Mesh.011
04:17:28 | INFO: Primitives created: 1
04:17:28 | INFO: Extracting primitive: Mesh.012
04:17:28 | INFO: Primitives created: 1
04:17:28 | INFO: Extracting primitive: Mesh.038
04:17:28 | INFO: Primitives created: 1
04:17:28 | INFO: Extracting primitive: Mesh.040
04:17:28 | INFO: Primitives created: 1
04:17:28 | INFO: Extracting primitive: Mesh.039
04:17:28 | INFO: Primitives created: 1
04:17:28 | INFO: Extracting primitive: Mesh.042
04:17:28 | INFO: Primitives created: 1
04:17:28 | INFO: Extracting primitive: Mesh
04:17:28 | INFO: Primitives created: 1
04:17:28 | INFO: Extracting primitive: Mesh.001
04:17:28 | INFO: Primitives created: 1
04:17:28 | INFO: Extracting primitive: Mesh.017
04:17:28 | INFO: Primitives created: 1
04:17:28 | INFO: Extracting primitive: Mesh.018
04:17:28 | INFO: Primitives created: 1
04:17:28 | INFO: Extracting primitive: Mesh.019
04:17:28 | INFO: Primitives created: 1
04:17:28 | INFO: Extracting primitive: Mesh.020
04:17:28 | INFO: Primitives created: 1
04:17:28 | INFO: Extracting primitive: Mesh.021
04:17:28 | INFO: Primitives created: 1
04:17:28 | INFO: Extracting primitive: Mesh.022
04:17:28 | INFO: Primitives created: 1
04:17:28 | INFO: Extracting primitive: Mesh.023
04:17:28 | INFO: Primitives created: 1
04:17:28 | INFO: Extracting primitive: Mesh.007
04:17:28 | INFO: Primitives created: 1
04:17:28 | INFO: Extracting primitive: Mesh.024
04:17:28 | INFO: Primitives created: 1
04:17:28 | INFO: Extracting primitive: Mesh.025
04:17:28 | INFO: Primitives created: 1
04:17:28 | INFO: Extracting primitive: Mesh.026
04:17:28 | INFO: Primitives created: 1
04:17:28 | INFO: Extracting primitive: Mesh.027
04:17:28 | INFO: Primitives created: 1
04:17:28 | INFO: Extracting primitive: Mesh.028
04:17:28 | INFO: Primitives created: 1
04:17:28 | INFO: Extracting primitive: Mesh.010
04:17:28 | INFO: Primitives created: 1
04:17:28 | INFO: Extracting primitive: Mesh.029
04:17:28 | INFO: Primitives created: 1
04:17:28 | INFO: Extracting primitive: Mesh.016
04:17:28 | INFO: Primitives created: 1
04:17:28 | INFO: Extracting primitive: Mesh.030
04:17:28 | INFO: Primitives created: 1
04:17:28 | INFO: Extracting primitive: Mesh.031
04:17:28 | INFO: Primitives created: 1
04:17:28 | INFO: Extracting primitive: Mesh.014
04:17:28 | INFO: Primitives created: 1
04:17:28 | INFO: Extracting primitive: Mesh.015
04:17:28 | INFO: Primitives created: 1
04:17:28 | INFO: Extracting primitive: Mesh.034
04:17:28 | INFO: Primitives created: 1
04:17:28 | INFO: Extracting primitive: Mesh.035
04:17:28 | INFO: Primitives created: 1
04:17:28 | INFO: Extracting primitive: Mesh.013
04:17:28 | INFO: Primitives created: 1
04:17:28 | INFO: Extracting primitive: Mesh.036
04:17:28 | INFO: Primitives created: 1
04:17:28 | INFO: Extracting primitive: Mesh.037
04:17:28 | INFO: Primitives created: 1
04:17:28 | INFO: Extracting primitive: Mesh.043
04:17:28 | INFO: Primitives created: 1
04:17:28 | INFO: Extracting primitive: Mesh.032
04:17:28 | INFO: Primitives created: 1
04:17:28 | INFO: Extracting primitive: Mesh.033
04:17:28 | INFO: Primitives created: 1
04:17:28 | INFO: Extracting primitive: Mesh.045
04:17:28 | INFO: Primitives created: 1
04:17:28 | INFO: Extracting primitive: Mesh.044
04:17:28 | INFO: Primitives created: 1
04:17:28 | INFO: Extracting primitive: Mesh.046
04:17:28 | INFO: Primitives created: 1
04:17:28 | INFO: Extracting primitive: Mesh.047
04:17:28 | INFO: Primitives created: 1
04:17:28 | INFO: Extracting primitive: Mesh.048
04:17:28 | INFO: Primitives created: 1
04:17:28 | INFO: Extracting primitive: Mesh.049
04:17:28 | INFO: Primitives created: 1
04:17:28 | INFO: Extracting primitive: Mesh.050
04:17:28 | INFO: Primitives created: 1
04:17:28 | INFO: Extracting primitive: Mesh.041
04:17:28 | INFO: Primitives created: 1
04:17:28 | INFO: Finished glTF 2.0 export in 0.09624814987182617 s

04:17:28 | INFO: Data are loaded, start creating Blender stuff
04:17:28 | INFO: Blender create Mesh node Mesh.002
04:17:28 | INFO: Blender create Mesh node Mesh.003
04:17:28 | INFO: Blender create Mesh node Mesh.004
04:17:28 | INFO: Blender create Mesh node Mesh.005
04:17:28 | INFO: Blender create Mesh node Mesh.006
04:17:28 | INFO: Blender create Mesh node Mesh.008
04:17:28 | INFO: Blender create Mesh node Mesh.009
04:17:28 | INFO: Blender create Mesh node Mesh.011
04:17:28 | INFO: Blender create Mesh node Mesh.012
04:17:28 | INFO: Blender create Mesh node Mesh.038
04:17:28 | INFO: Blender create Mesh node Mesh.040
04:17:28 | INFO: Blender create Mesh node Mesh.039
04:17:28 | INFO: Blender create Mesh node Mesh.042
04:17:28 | INFO: Blender create Mesh node Mesh
04:17:28 | INFO: Blender create Mesh node Mesh.001
04:17:28 | INFO: Blender create Mesh node Mesh.017
04:17:28 | INFO: Blender create Mesh node Mesh.018
04:17:28 | INFO: Blender create Mesh node Mesh.019
04:17:28 | INFO: Blender create Mesh node Mesh.020
04:17:28 | INFO: Blender create Mesh node Mesh.021
04:17:28 | INFO: Blender create Mesh node Mesh.022
04:17:28 | INFO: Blender create Mesh node Mesh.023
04:17:28 | INFO: Blender create Mesh node Mesh.007
04:17:28 | INFO: Blender create Mesh node Mesh.024
04:17:28 | INFO: Blender create Mesh node Mesh.025
04:17:28 | INFO: Blender create Mesh node Mesh.026
04:17:28 | INFO: Blender create Mesh node Mesh.027
04:17:28 | INFO: Blender create Mesh node Mesh.028
04:17:28 | INFO: Blender create Mesh node Mesh.010
04:17:28 | INFO: Blender create Mesh node Mesh.029
04:17:28 | INFO: Blender create Mesh node Mesh.016
04:17:28 | INFO: Blender create Mesh node Mesh.030
04:17:28 | INFO: Blender create Mesh node Mesh.031
04:17:28 | INFO: Blender create Mesh node Mesh.014
04:17:28 | INFO: Blender create Mesh node Mesh.015
04:17:28 | INFO: Blender create Mesh node Mesh.034
04:17:28 | INFO: Blender create Mesh node Mesh.035
04:17:28 | INFO: Blender create Mesh node Mesh.013
04:17:28 | INFO: Blender create Mesh node Mesh.036
04:17:28 | INFO: Blender create Mesh node Mesh.037
04:17:28 | INFO: Blender create Mesh node Mesh.043
04:17:28 | INFO: Blender create Mesh node Mesh.032
04:17:28 | INFO: Blender create Mesh node Mesh.033
04:17:28 | INFO: Blender create Mesh node Mesh.045
04:17:28 | INFO: Blender create Mesh node Mesh.044
04:17:28 | INFO: Blender create Mesh node Mesh.046
04:17:28 | INFO: Blender create Mesh node Mesh.047
04:17:28 | INFO: Blender create Mesh node Mesh.048
04:17:28 | INFO: Blender create Mesh node Mesh.049
04:17:28 | INFO: Blender create Mesh node Mesh.050
04:17:28 | INFO: Blender create Mesh node Mesh.041
04:17:28 | INFO: glTF import finished in 0.04s
04:17:29 | INFO: Data are loaded, start creating Blender stuff
04:17:29 | INFO: Blender create Mesh node 0
04:17:29 | INFO: Draco Decoder: Decode primitive [unnamed]
04:17:29 | INFO: glTF import finished in 0.23s
[CPU-BAKE] obj_0054 global_fixed_low
04:18:33 | INFO: Data are loaded, start creating Blender stuff
04:18:33 | INFO: Blender create Mesh node 0
04:18:33 | INFO: Draco Decoder: Decode primitive [unnamed]
04:18:33 | INFO: glTF import finished in 0.23s
04:18:40 | INFO: Starting glTF 2.0 export
04:18:40 | INFO: Extracting primitive: Mesh_0
04:18:41 | INFO: Primitives created: 1
04:18:41 | INFO: Finished glTF 2.0 export in 0.20029973983764648 s

04:18:41 | INFO: Data are loaded, start creating Blender stuff
04:18:41 | INFO: Blender create Mesh node Mesh_0
04:18:41 | INFO: glTF import finished in 0.13s
[CPU-BAKE] obj_0054 global_c3
04:20:45 | INFO: Data are loaded, start creating Blender stuff
04:20:45 | INFO: Blender create Mesh node 0
04:20:45 | INFO: Draco Decoder: Decode primitive [unnamed]
04:20:45 | INFO: glTF import finished in 0.23s
04:20:53 | INFO: Starting glTF 2.0 export
04:20:53 | INFO: Extracting primitive: Mesh_0
04:20:53 | INFO: Primitives created: 1
04:20:53 | INFO: Finished glTF 2.0 export in 0.19968891143798828 s

04:20:53 | INFO: Data are loaded, start creating Blender stuff
04:20:53 | INFO: Blender create Mesh node Mesh_0
04:20:53 | INFO: glTF import finished in 0.13s
04:20:59 | INFO: Data are loaded, start creating Blender stuff
04:20:59 | INFO: Blender create Mesh node 0
04:20:59 | INFO: Draco Decoder: Decode primitive [unnamed]
04:20:59 | INFO: glTF import finished in 0.18s
[CPU-BAKE] obj_0066 global_fixed_low
04:21:53 | INFO: Data are loaded, start creating Blender stuff
04:21:53 | INFO: Blender create Mesh node 0
04:21:53 | INFO: Draco Decoder: Decode primitive [unnamed]
acoDecoder | Decoded 800 vertices, 1200 indices
DracoDecoder | Decoded 144 vertices, 216 indices
DracoDecoder | Decoded 240 vertices, 360 indices
DracoDecoder | Decoded 240 vertices, 360 indices
DracoDecoder | Decoded 48 vertices, 72 indices
DracoDecoder | Decoded 48 vertices, 72 indices
DracoDecoder | Decoded 51 vertices, 90 indices
DracoDecoder | Decoded 192 vertices, 288 indices
DracoDecoder | Decoded 62 vertices, 96 indices
DracoDecoder | Decoded 126 vertices, 192 indices
DracoDecoder | Decoded 372 vertices, 558 indices
DracoDecoder | Decoded 304 vertices, 456 indices
DracoDecoder | Decoded 122 vertices, 186 indices
DracoDecoder | Decoded 304 vertices, 456 indices
DracoDecoder | Decoded 8 vertices, 12 indices
DracoDecoder | Decoded 12 vertices, 18 indices
DracoDecoder | Decoded 24 vertices, 36 indices
DracoDecoder | Decoded 244 vertices, 366 indices
DracoDecoder | Decoded 130 vertices, 258 indices
DracoDecoder | Decoded 765 vertices, 2010 indices
DracoDecoder | Decoded 12 vertices, 30 indices
DracoDecoder | Decoded 24 vertices, 36 indices
DracoDecoder | Decoded 69 vertices, 144 indices
DracoDecoder | Decoded 384 vertices, 576 indices
DracoDecoder | Decoded 48 vertices, 72 indices
DracoDecoder | Decoded 48 vertices, 72 indices
DracoDecoder | Decoded 48 vertices, 72 indices
DracoDecoder | Decoded 240 vertices, 360 indices
DracoDecoder | Decoded 348 vertices, 522 indices
DracoDecoder | Decoded 20 vertices, 30 indices
DracoDecoder | Decoded 20 vertices, 30 indices
DracoDecoder | Decoded 20 vertices, 30 indices
DracoDecoder | Decoded 20 vertices, 30 indices
DracoDecoder | Decoded 20 vertices, 30 indices
DracoDecoder | Decoded 20 vertices, 30 indices
DracoDecoder | Decoded 20 vertices, 30 indices
DracoDecoder | Decoded 20 vertices, 30 indices
DracoDecoder | Decoded 20 vertices, 30 indices
DracoDecoder | Decoded 48 vertices, 72 indices
DracoDecoder | Decoded 48 vertices, 72 indices
DracoDecoder | Decoded 48 vertices, 72 indices
DracoDecoder | Decoded 48 vertices, 72 indices
DracoDecoder | Decoded 640 vertices, 960 indices
DracoDecoder | Decoded 2320 vertices, 3480 indices
DracoDecoder | Decoded 432 vertices, 648 indices
DracoDecoder | Decoded 432 vertices, 648 indices
DracoDecoder | Decoded 48 vertices, 72 indices
DracoDecoder | Decoded 624 vertices, 936 indices
DracoDecoder | Decoded 384 vertices, 576 indices
DracoDecoder | Decoded 48 vertices, 72 indices
DracoDecoder | Decoded 48 vertices, 72 indices
DracoDecoder | Decoded 800 vertices, 1200 indices
DracoDecoder | Decoded 144 vertices, 216 indices
DracoDecoder | Decoded 240 vertices, 360 indices
DracoDecoder | Decoded 240 vertices, 360 indices
DracoDecoder | Decoded 48 vertices, 72 indices
DracoDecoder | Decoded 48 vertices, 72 indices
DracoDecoder | Decoded 51 vertices, 90 indices
DracoDecoder | Decoded 192 vertices, 288 indices
DracoDecoder | Decoded 62 vertices, 96 indices
DracoDecoder | Decoded 126 vertices, 192 indices
DracoDecoder | Decoded 372 vertices, 558 indices
DracoDecoder | Decoded 304 vertices, 456 indices
DracoDecoder | Decoded 122 vertices, 186 indices
DracoDecoder | Decoded 304 vertices, 456 indices
DracoDecoder | Decoded 8 vertices, 12 indices
DracoDecoder | Decoded 12 vertices, 18 indices
DracoDecoder | Decoded 24 vertices, 36 indices
DracoDecoder | Decoded 244 vertices, 366 indices
DracoDecoder | Decoded 130 vertices, 258 indices
DracoDecoder | Decoded 765 vertices, 2010 indices
DracoDecoder | Decoded 12 vertices, 30 indices
DracoDecoder | Decoded 24 vertices, 36 indices
DracoDecoder | Decoded 69 vertices, 144 indices
DracoDecoder | Decoded 384 vertices, 576 indices
DracoDecoder | Decoded 48 vertices, 72 indices
DracoDecoder | Decoded 48 vertices, 72 indices
DracoDecoder | Decoded 48 vertices, 72 indices
DracoDecoder | Decoded 240 vertices, 360 indices
DracoDecoder | Decoded 348 vertices, 522 indices
DracoDecoder | Decoded 93575 vertices, 450000 indices
DracoDecoder | Decoded 93575 vertices, 450000 indices
DracoDecoder | Decoded 93575 vertices, 450000 indices
DracoDecoder | Decoded 68914 vertices, 377076 indices
DracoDecoder | Decoded 68914 vertices, 304:21:53 | INFO: glTF import finished in 0.18s
04:22:00 | INFO: Starting glTF 2.0 export
04:22:00 | INFO: Extracting primitive: Mesh_0
04:22:00 | INFO: Primitives created: 1
04:22:00 | INFO: Finished glTF 2.0 export in 0.17689228057861328 s

04:22:00 | INFO: Data are loaded, start creating Blender stuff
04:22:00 | INFO: Blender create Mesh node Mesh_0
04:22:00 | INFO: glTF import finished in 0.11s
[CPU-BAKE] obj_0066 global_c3
04:23:46 | INFO: Data are loaded, start creating Blender stuff
04:23:46 | INFO: Blender create Mesh node 0
04:23:46 | INFO: Draco Decoder: Decode primitive [unnamed]
04:23:47 | INFO: glTF import finished in 0.18s
04:23:53 | INFO: Starting glTF 2.0 export
04:23:53 | INFO: Extracting primitive: Mesh_0
04:23:54 | INFO: Primitives created: 1
04:23:54 | INFO: Finished glTF 2.0 export in 0.2118222713470459 s

04:23:54 | INFO: Data are loaded, start creating Blender stuff
04:23:54 | INFO: Blender create Mesh node Mesh_0
04:23:54 | INFO: glTF import finished in 0.11s
04:23:59 | INFO: Data are loaded, start creating Blender stuff
04:23:59 | INFO: Blender create Mesh node 0
04:23:59 | INFO: Draco Decoder: Decode primitive [unnamed]
04:23:59 | WARNING: Draco Decoder: Vertex count of accessor and decoded vertex count does not match for attribute NORMAL. Updating accessor.
04:23:59 | WARNING: Draco Decoder: Vertex count of accessor and decoded vertex count does not match for attribute POSITION. Updating accessor.
04:23:59 | WARNING: Draco Decoder: Vertex count of accessor and decoded vertex count does not match for attribute TEXCOORD_0. Updating accessor.
04:23:59 | INFO: glTF import finished in 0.29s
[CPU-BAKE] obj_0068 global_fixed_low
04:25:05 | INFO: Data are loaded, start creating Blender stuff
04:25:05 | INFO: Blender create Mesh node 0
04:25:05 | INFO: Draco Decoder: Decode primitive [unnamed]
04:25:05 | WARNING: Draco Decoder: Vertex count of accessor and decoded vertex count does not match for attribute NORMAL. Updating accessor.
04:25:05 | WARNING: Draco Decoder: Vertex count of accessor and decoded vertex count does not match for attribute POSITION. Updating accessor.
04:25:05 | WARNING: Draco Decoder: Vertex count of accessor and decoded vertex count does not match for attribute TEXCOORD_0. Updating accessor.
04:25:05 | INFO: glTF import finished in 0.28s
04:25:11 | INFO: Starting glTF 2.0 export
04:25:11 | INFO: Extracting primitive: Mesh_0
04:25:11 | INFO: Primitives created: 1
04:25:11 | INFO: Finished glTF 2.0 export in 0.19753193855285645 s

04:25:11 | INFO: Data are loaded, start creating Blender stuff
04:25:11 | INFO: Blender create Mesh node Mesh_0
04:25:11 | INFO: glTF import finished in 0.16s
[CPU-BAKE] obj_0068 global_c3
04:27:18 | INFO: Data are loaded, start creating Blender stuff
04:27:18 | INFO: Blender create Mesh node 0
04:27:18 | INFO: Draco Decoder: Decode primitive [unnamed]
04:27:18 | WARNING: Draco Decoder: Vertex count of accessor and decoded vertex count does not match for attribute NORMAL. Updating accessor.
04:27:18 | WARNING: Draco Decoder: Vertex count of accessor and decoded vertex count does not match for attribute POSITION. Updating accessor.
04:27:18 | WARNING: Draco Decoder: Vertex count of accessor and decoded vertex count does not match for attribute TEXCOORD_0. Updating accessor.
04:27:18 | INFO: glTF import finished in 0.27s
04:27:24 | INFO: Starting glTF 2.0 export
04:27:24 | INFO: Extracting primitive: Mesh_0
04:27:24 | INFO: Primitives created: 1
04:27:24 | INFO: Finished glTF 2.0 export in 0.1906883716583252 s

04:27:24 | INFO: Data are loaded, start creating Blender stuff
04:27:24 | INFO: Blender create Mesh node Mesh_0
04:27:24 | INFO: glTF import finished in 0.16s
04:27:30 | INFO: Data are loaded, start creating Blender stuff
04:27:30 | INFO: Blender create Mesh node 0
04:27:30 | INFO: Draco Decoder: Decode primitive [unnamed]
04:27:30 | INFO: glTF import finished in 0.24s
[CPU-BAKE] obj_0078 global_fixed_low
04:28:30 | INFO: Data are loaded, start creating Blender stuff
04:28:30 | INFO: Blender create Mesh node 0
04:28:30 | INFO: Draco Decoder: Decode primitive [unnamed]
04:28:30 | INFO: glTF import finished in 0.23s
04:28:36 | INFO: Starting glTF 2.0 export
04:28:36 | INFO: Extracting primitive: Mesh_0
04:28:36 | INFO: Primitives created: 1
04:28:36 | INFO: Finished glTF 2.0 export in 0.19328999519348145 s

04:28:37 | INFO: Data are loaded, start creating Blender stuff
04:28:37 | INFO: Blender create Mesh node Mesh_0
04:28:37 | INFO: glTF import finished in 0.14s
[CPU-BAKE] obj_0078 global_c3
04:30:27 | INFO: Data are loaded, start creating Blender stuff
04:30:27 | INFO: Blender create Mesh node 0
04:30:27 | INFO: Draco Decoder: Decode primitive [unnamed]
04:30:28 | INFO: glTF import finished in 0.23s
04:30:34 | INFO: Starting glTF 2.0 export
04:30:34 | INFO: Extracting primitive: Mesh_0
04:30:34 | INFO: Primitives created: 1
04:30:34 | INFO: Finished glTF 2.0 export in 0.19335150718688965 s

04:30:34 | INFO: Data are loaded, start creating Blender stuff
04:30:34 | INFO: Blender create Mesh node Mesh_0
04:30:34 | INFO: glTF import finished in 0.14s
04:30:39 | INFO: Data are loaded, start creating Blender stuff
04:30:39 | INFO: Blender create Mesh node 0
04:30:39 | INFO: Draco Decoder: Decode primitive [unnamed]
04:30:39 | INFO: glTF import finished in 0.05s
[CPU-BAKE] obj_0082 global_fixed_low
04:30:52 | INFO: Data are loaded, start creating Blender stuff
04:30:52 | INFO: Blender create Mesh node 0
04:30:52 | INFO: Draco Decoder: Decode primitive [unnamed]
04:30:52 | INFO: glTF import finished in 0.05s
04:30:55 | INFO: Starting glTF 2.0 export
04:30:55 | INFO: Extracting primitive: Mesh_0
04:30:55 | INFO: Primitives created: 1
04:30:55 | INFO: Finished glTF 2.0 export in 0.05408596992492676 s

04:30:55 | INFO: Data are loaded, start creating Blender stuff
04:30:55 | INFO: Blender create Mesh node Mesh_0
04:30:55 | INFO: glTF import finished in 0.03s
[CPU-BAKE] obj_0082 global_c3
04:31:21 | INFO: Data are loaded, start creating Blender stuff
04:31:21 | INFO: Blender create Mesh node 0
04:31:21 | INFO: Draco Decoder: Decode primitive [unnamed]
04:31:21 | INFO: glTF import finished in 0.05s
04:31:24 | INFO: Starting glTF 2.0 export
04:31:24 | INFO: Extracting primitive: Mesh_0
04:31:24 | INFO: Primitives created: 1
04:31:24 | INFO: Finished glTF 2.0 export in 0.05362200736999512 s

04:31:24 | INFO: Data are loaded, start creating Blender stuff
04:31:24 | INFO: Blender create Mesh node Mesh_0
04:31:24 | INFO: glTF import finished in 0.03s
04:31:26 | INFO: Data are loaded, start creating Blender stuff
04:31:26 | INFO: Blender create Mesh node 0
04:31:26 | INFO: Draco Decoder: Decode primitive [unnamed]
04:31:26 | INFO: glTF import finished in 0.22s
[CPU-BAKE] obj_0083 global_fixed_low
04:32:28 | INFO: Data are loaded, start creating Blender stuff
04:32:28 | INFO: Blender create Mesh node 0
04:32:28 | INFO: Draco Decoder: Decode primitive [unnamed]
04:32:28 | INFO: glTF import finished in 0.21s
04:32:35 | INFO: Starting glTF 2.0 export
04:32:35 | INFO: Extracting primitive: Mesh_0
04:32:36 | INFO: Primitives created: 1
04:32:36 | INFO: Finished glTF 2.0 export in 0.20365452766418457 s

04:32:36 | INFO: Data are loaded, start creating Blender stuff
04:32:36 | INFO: Blender create Mesh node Mesh_0
04:32:36 | INFO: glTF import finished in 0.13s
[CPU-BAKE] obj_0083 global_c3
04:34:35 | INFO: Data are loaded, start creating Blender stuff
04:34:35 | INFO: Blender create Mesh node 0
04:34:35 | INFO: Draco Decoder: Decode primitive [unnamed]
04:34:35 | INFO: glTF import finished in 0.22s
04:34:43 | INFO: Starting glTF 2.0 export
04:34:43 | INFO: Extracting primitive: Mesh_0
04:34:43 | INFO: Primitives created: 1
04:34:43 | INFO: Finished glTF 2.0 export in 0.20616769790649414 s

04:34:43 | INFO: Data are loaded, start creating Blender stuff
04:34:43 | INFO: Blender create Mesh node Mesh_0
04:34:43 | INFO: glTF import finished in 0.13s
04:34:49 | INFO: Data are loaded, start creating Blender stuff
04:34:49 | INFO: Blender create Mesh node 0
04:34:49 | INFO: Draco Decoder: Decode primitive [unnamed]
04:34:49 | INFO: glTF import finished in 0.04s
[CPU-BAKE] obj_0110 global_fixed_low
04:35:02 | INFO: Data are loaded, start creating Blender stuff
04:35:02 | INFO: Blender create Mesh node 0
04:35:02 | INFO: Draco Decoder: Decode primitive [unnamed]
04:35:03 | INFO: glTF import finished in 0.04s
04:35:06 | INFO: Starting glTF 2.0 export
04:35:06 | INFO: Extracting primitive: Mesh_0
04:35:06 | INFO: Primitives created: 1
04:35:06 | INFO: Finished glTF 2.0 export in 0.0611882209777832 s

04:35:06 | INFO: Data are loaded, start creating Blender stuff
04:35:06 | INFO: Blender create Mesh node Mesh_0
04:35:06 | INFO: glTF import finished in 0.03s
[CPU-BAKE] obj_0110 global_c3
04:35:34 | INFO: Data are loaded, start creating Blender stuff
04:35:34 | INFO: Blender create Mesh node 0
04:35:34 | INFO: Draco Decoder: Decode primitive [unnamed]
04:35:34 | INFO: glTF import finished in 0.04s
04:35:37 | INFO: Starting glTF 2.0 export
04:35:37 | INFO: Extracting primitive: Mesh_0
04:35:37 | INFO: Primitives created: 1
04:35:37 | INFO: Finished glTF 2.0 export in 0.05848336219787598 s

04:35:37 | INFO: Data are loaded, start creating Blender stuff
04:35:37 | INFO: Blender create Mesh node Mesh_0
04:35:37 | INFO: glTF import finished in 0.03s
04:35:39 | INFO: Data are loaded, start creating Blender stuff
04:35:39 | INFO: Blender create Mesh node 0
04:35:39 | INFO: Draco Decoder: Decode primitive [unnamed]
04:35:39 | WARNING: Draco Decoder: Vertex count of accessor and decoded vertex count does not match for attribute NORMAL. Updating accessor.
04:35:39 | WARNING: Draco Decoder: Vertex count of accessor and decoded vertex count does not match for attribute POSITION. Updating accessor.
04:35:39 | WARNING: Draco Decoder: Vertex count of accessor and decoded vertex count does not match for attribute TEXCOORD_0. Updating accessor.
04:35:39 | INFO: glTF import finished in 0.29s
[CPU-BAKE] obj_0111 global_fixed_low
04:36:45 | INFO: Data are loaded, start creating Blender stuff
04:36:45 | INFO: Blender create Mesh node 0
04:36:45 | INFO: Draco Decoder: Decode primitive [unnamed]
04:36:46 | WARNING: Draco Decoder: Vertex count of accessor and decoded vertex count does not match for attribute NORMAL. Updating accessor.
04:36:46 | WARNING: Draco Decoder: Vertex count of accessor and decoded vertex count does not match for attribute POSITION. Updating accessor.
04:36:46 | WARNING: Draco Decoder: Vertex count of accessor and decoded vertex count does not match for attribute TEXCOORD_0. Updating accessor.
04:36:46 | INFO: glTF import finished in 0.28s
04:36:51 | INFO: Starting glTF 2.0 export
04:36:51 | INFO: Extracting primitive: Mesh_0
04:36:52 | INFO: Primitives created: 1
04:36:52 | INFO: Finished glTF 2.0 export in 0.19860219955444336 s

04:36:52 | INFO: Data are loaded, start creating Blender stuff
04:36:52 | INFO: Blender create Mesh node Mesh_0
04:36:52 | INFO: glTF import finished in 0.16s
[CPU-BAKE] obj_0111 global_c3
04:38:59 | INFO: Data are loaded, start creating Blender stuff
04:38:59 | INFO: Blender create Mesh node 0
04:38:59 | INFO: Draco Decoder: Decode primitive [unnamed]
04:38:59 | WARNING: Draco Decoder: Vertex count of accessor and decoded vertex count does not match for attribute NORMAL. Updating accessor.
04:38:59 | WARNING: Draco Decoder: Vertex count of accessor and decoded vertex count does not match for attribute POSITION. Updating accessor.
04:38:59 | WARNING: Draco Decoder: Vertex count of accessor and decoded vertex count does not match for attribute TEXCOORD_0. Updating accessor.
04:38:59 | INFO: glTF import finished in 0.28s
04:39:05 | INFO: Starting glTF 2.0 export
04:39:05 | INFO: Extracting primitive: Mesh_0
04:39:05 | INFO: Primitives created: 1
04:39:05 | INFO: Finished glTF 2.0 export in 0.19517993927001953 s

04:39:05 | INFO: Data are loaded, start creating Blender stuff
04:39:05 | INFO: Blender create Mesh node Mesh_0
04:39:06 | INFO: glTF import finished in 0.16s
{
  "objects": 12,
  "methods": [
    "global_fixed_low",
    "global_c3"
  ],
  "records": 24,
  "output_dir": "/4T/CXY/MV-Painter/final/round2/main_adapter_baking/cpu_bake_12_layerwise"
}
77076 indices
DracoDecoder | Decoded 68914 vertices, 377076 indices
DracoDecoder | Decoded 137315 vertices, 450000 indices
DracoDecoder | Decoded 137315 vertices, 450000 indices
DracoDecoder | Decoded 137315 vertices, 450000 indices
DracoDecoder | Decoded 105354 vertices, 450000 indices
DracoDecoder | Decoded 105354 vertices, 450000 indices
DracoDecoder | Decoded 105354 vertices, 450000 indices
DracoDecoder | Decoded 17912 vertices, 91266 indices
DracoDecoder | Decoded 17912 vertices, 91266 indices
DracoDecoder | Decoded 17912 vertices, 91266 indices
DracoDecoder | Decoded 91201 vertices, 449994 indices
DracoDecoder | Decoded 91201 vertices, 449994 indices
DracoDecoder | Decoded 91201 vertices, 449994 indices
DracoDecoder | Decoded 15098 vertices, 87060 indices
DracoDecoder | Decoded 15098 vertices, 87060 indices
DracoDecoder | Decoded 15098 vertices, 87060 indices
DracoDecoder | Decoded 141230 vertices, 450000 indices
DracoDecoder | Decoded 141230 vertices, 450000 indices
DracoDecoder | Decoded 141230 vertices, 450000 indices

Blender quit
