Loading MV-Painter pipeline...
Loading pipeline components...:   0%|          | 0/7 [00:00<?, ?it/s]Loading pipeline components...:  14%|█▍        | 1/7 [00:00<00:04,  1.29it/s]Loading pipeline components...:  29%|██▊       | 2/7 [00:01<00:02,  1.95it/s]Loading pipeline components...:  43%|████▎     | 3/7 [00:01<00:01,  2.18it/s]Loading pipeline components...: 100%|██████████| 7/7 [00:03<00:00,  1.83it/s]Loading pipeline components...: 100%|██████████| 7/7 [00:03<00:00,  1.84it/s]
libpng warning: eXIf: duplicate
libpng warning: eXIf: duplicate
libpng warning: eXIf: duplicate
libpng warning: eXIf: duplicate
libpng warning: eXIf: duplicate
libpng warning: eXIf: duplicate
libpng warning: eXIf: duplicate
libpng warning: eXIf: duplicate
libpng warning: eXIf: duplicate
libpng warning: eXIf: duplicate
libpng warning: eXIf: duplicate
libpng warning: eXIf: duplicate
libpng warning: eXIf: duplicate
libpng warning: eXIf: duplicate
libpng warning: eXIf: duplicate
libpng warning: eXIf: duplicate
libpng warning: eXIf: duplicate
libpng warning: eXIf: duplicate
libpng warning: eXIf: duplicate
libpng warning: eXIf: duplicate
libpng warning: eXIf: duplicate
libpng warning: eXIf: duplicate
libpng warning: eXIf: duplicate
libpng warning: eXIf: duplicate
libpng warning: eXIf: duplicate
libpng warning: eXIf: duplicate
libpng warning: eXIf: duplicate
libpng warning: eXIf: duplicate
libpng warning: eXIf: duplicate
libpng warning: eXIf: duplicate
libpng warning: eXIf: duplicate
libpng warning: eXIf: duplicate
libpng warning: eXIf: duplicate
libpng warning: eXIf: duplicate
libpng warning: eXIf: duplicate
libpng warning: eXIf: duplicate
Gradient checkpointing DISABLED for GeoTex-Adapter compatibility
Injected 9 GeoTex adapters (up_only mode)
FAC disabled — using legacy static scaling
GeoTex adapter params: 1.57M
GeoTex encoder params: 0.63M
Total trainable: 2.20M / 2569.03M UNet (0.09%)
Loaded GeoTex weights from /4T/CXY/MV-Painter/mvpoutput/reviewer1_main_rerun_20260928/checkpoints/geotex_step_0002000.pt
============= length of dataset 2 =============
base dir name: ['', '4T', 'CXY', 'MV-Painter', 'data', 'train_data']
alpha count: 223051 176765
reverse true
base dir name: ['', '4T', 'CXY', 'MV-Painter', 'data', 'train_data']
alpha count: 211668 199622
reverse true
============= length of dataset 2 =============
base dir name: ['', '4T', 'CXY', 'MV-Painter', '1006', 'data', 'fresh_c']
alpha count: 200825 200961
reverse false
base dir name: ['', '4T', 'CXY', 'MV-Painter', '1006', 'data', 'fresh_c']
alpha count: 230213 239313
reverse false
{
  "status": "complete",
  "generation_count": 64,
  "generation_seconds": 485.0864715720527,
  "outputs": "/4T/CXY/MV-Painter-r1color/1009/engineering/color_cast_repair_v2/runs/phase_b"
}
