Loading MV-Painter pipeline...
Loading pipeline components...:   0%|          | 0/7 [00:00<?, ?it/s]Loading pipeline components...:  29%|██▊       | 2/7 [00:00<00:00,  8.19it/s]Loading pipeline components...:  43%|████▎     | 3/7 [00:00<00:00,  8.55it/s]Loading pipeline components...:  57%|█████▋    | 4/7 [00:01<00:01,  1.59it/s]Loading pipeline components...:  71%|███████▏  | 5/7 [00:02<00:01,  1.38it/s]Loading pipeline components...: 100%|██████████| 7/7 [00:02<00:00,  2.48it/s]
Gradient checkpointing DISABLED for GeoTex-Adapter compatibility
Injected 9 GeoTex adapters (up_only mode)
FAC disabled — using legacy static scaling
GeoTex adapter params: 1.57M
GeoTex encoder params: 0.63M
Total trainable: 2.20M / 2569.03M UNet (0.09%)
Loaded GeoTex weights from /4T/CXY/MV-Painter/mvpoutput/reviewer1_main_rerun_20260928/checkpoints/geotex_step_0002000.pt
============= length of dataset 2 =============
base dir name: ['', '4T', 'CXY', 'MV-Painter', 'data', 'train_data']
libpng warning: eXIf: duplicate
libpng warning: eXIf: duplicate
alpha count: 223051 176765
reverse true
libpng warning: eXIf: duplicate
libpng warning: eXIf: duplicate
libpng warning: eXIf: duplicate
libpng warning: eXIf: duplicate
libpng warning: eXIf: duplicate
libpng warning: eXIf: duplicate
libpng warning: eXIf: duplicate
libpng warning: eXIf: duplicate
base dir name: ['', '4T', 'CXY', 'MV-Painter', 'data', 'train_data']
libpng warning: eXIf: duplicate
libpng warning: eXIf: duplicate
alpha count: 211668 199622
reverse true
libpng warning: eXIf: duplicate
libpng warning: eXIf: duplicate
libpng warning: eXIf: duplicate
libpng warning: eXIf: duplicate
libpng warning: eXIf: duplicate
libpng warning: eXIf: duplicate
libpng warning: eXIf: duplicate
libpng warning: eXIf: duplicate
============= length of dataset 2 =============
base dir name: ['', '4T', 'CXY', 'MV-Painter', '1006', 'data', 'fresh_c']
libpng warning: eXIf: duplicate
libpng warning: eXIf: duplicate
alpha count: 200825 200961
reverse false
libpng warning: eXIf: duplicate
libpng warning: eXIf: duplicate
libpng warning: eXIf: duplicate
libpng warning: eXIf: duplicate
libpng warning: eXIf: duplicate
libpng warning: eXIf: duplicate
libpng warning: eXIf: duplicate
libpng warning: eXIf: duplicate
base dir name: ['', '4T', 'CXY', 'MV-Painter', '1006', 'data', 'fresh_c']
libpng warning: eXIf: duplicate
libpng warning: eXIf: duplicate
alpha count: 230213 239313
reverse false
libpng warning: eXIf: duplicate
libpng warning: eXIf: duplicate
libpng warning: eXIf: duplicate
libpng warning: eXIf: duplicate
libpng warning: eXIf: duplicate
libpng warning: eXIf: duplicate
libpng warning: eXIf: duplicate
libpng warning: eXIf: duplicate
{
  "status": "preflight_complete",
  "objects": 4,
  "gpu_generation_count": 0,
  "trace": "/4T/CXY/MV-Painter-r1color/1009/engineering/color_cast_repair_v2/runs/phase_b/A_CONDITION_ENCODING_TRACE.csv"
}
