Loading MV-Painter pipeline...
Loading pipeline components...:   0%|          | 0/7 [00:00<?, ?it/s]Loading pipeline components...:  14%|█▍        | 1/7 [00:00<00:00,  7.00it/s]Loading pipeline components...:  29%|██▊       | 2/7 [00:01<00:03,  1.38it/s]Loading pipeline components...:  57%|█████▋    | 4/7 [00:01<00:00,  3.10it/s]Loading pipeline components...:  71%|███████▏  | 5/7 [00:02<00:00,  2.42it/s]Loading pipeline components...: 100%|██████████| 7/7 [00:02<00:00,  3.31it/s]
libpng warning: eXIf: duplicate
libpng warning: eXIf: duplicate
libpng warning: eXIf: duplicate
libpng warning: eXIf: duplicate
libpng warning: eXIf: duplicate
libpng warning: eXIf: duplicate
libpng warning: eXIf: duplicate
libpng warning: eXIf: duplicate
libpng warning: eXIf: duplicate
Gradient checkpointing DISABLED for GeoTex-Adapter compatibility
Injected 9 GeoTex adapters (up_only mode)
FAC disabled — using legacy static scaling
GeoTex adapter params: 1.57M
GeoTex encoder params: 0.63M
Total trainable: 2.20M / 2569.03M UNet (0.09%)
Loaded GeoTex weights from /4T/CXY/MV-Painter/mvpoutput/reviewer1_main_rerun_20260928/checkpoints/geotex_step_0002000.pt
============= length of dataset 276 =============
base dir name: ['', '4T', 'CXY', 'MV-Painter', 'data', 'train_data']
alpha count: 227931 206577
reverse true
[pass2] 26d71822-a2e0-5c23-b7cd-f802367af116 global_fixed_low done
libpng warning: eXIf: duplicate
libpng warning: eXIf: duplicate
libpng warning: eXIf: duplicate
libpng warning: eXIf: duplicate
libpng warning: eXIf: duplicate
libpng warning: eXIf: duplicate
libpng warning: eXIf: duplicate
libpng warning: eXIf: duplicate
libpng warning: eXIf: duplicate
base dir name: ['', '4T', 'CXY', 'MV-Painter', 'data', 'train_data']
alpha count: 227931 206577
reverse true
[pass2] 26d71822-a2e0-5c23-b7cd-f802367af116 global_c3 done
libpng warning: eXIf: duplicate
libpng warning: eXIf: duplicate
libpng warning: eXIf: duplicate
libpng warning: eXIf: duplicate
libpng warning: eXIf: duplicate
libpng warning: eXIf: duplicate
libpng warning: eXIf: duplicate
libpng warning: eXIf: duplicate
libpng warning: eXIf: duplicate
base dir name: ['', '4T', 'CXY', 'MV-Painter', 'data', 'train_data']
alpha count: 227931 206577
reverse true
[pass2] 26d71822-a2e0-5c23-b7cd-f802367af116 layer_fixed_mean done
libpng warning: eXIf: duplicate
libpng warning: eXIf: duplicate
libpng warning: eXIf: duplicate
libpng warning: eXIf: duplicate
libpng warning: eXIf: duplicate
libpng warning: eXIf: duplicate
libpng warning: eXIf: duplicate
libpng warning: eXIf: duplicate
libpng warning: eXIf: duplicate
base dir name: ['', '4T', 'CXY', 'MV-Painter', 'data', 'train_data']
alpha count: 227931 206577
reverse true
[pass2] 26d71822-a2e0-5c23-b7cd-f802367af116 layer_lhl done
libpng warning: eXIf: duplicate
libpng warning: eXIf: duplicate
libpng warning: eXIf: duplicate
libpng warning: eXIf: duplicate
libpng warning: eXIf: duplicate
libpng warning: eXIf: duplicate
libpng warning: eXIf: duplicate
libpng warning: eXIf: duplicate
libpng warning: eXIf: duplicate
base dir name: ['', '4T', 'CXY', 'MV-Painter', 'data', 'train_data']
alpha count: 227931 206577
reverse true
[pass2] 26d71822-a2e0-5c23-b7cd-f802367af116 layer_llh done
libpng warning: eXIf: duplicate
libpng warning: eXIf: duplicate
libpng warning: eXIf: duplicate
libpng warning: eXIf: duplicate
libpng warning: eXIf: duplicate
libpng warning: eXIf: duplicate
libpng warning: eXIf: duplicate
libpng warning: eXIf: duplicate
libpng warning: eXIf: duplicate
base dir name: ['', '4T', 'CXY', 'MV-Painter', 'data', 'train_data']
alpha count: 226345 233989
reverse false
[pass2] 3171c9c4-5169-5d3d-bb8a-40adfd1b2dcb global_fixed_low done
libpng warning: eXIf: duplicate
libpng warning: eXIf: duplicate
libpng warning: eXIf: duplicate
libpng warning: eXIf: duplicate
libpng warning: eXIf: duplicate
libpng warning: eXIf: duplicate
libpng warning: eXIf: duplicate
libpng warning: eXIf: duplicate
libpng warning: eXIf: duplicate
base dir name: ['', '4T', 'CXY', 'MV-Painter', 'data', 'train_data']
alpha count: 226345 233989
reverse false
[pass2] 3171c9c4-5169-5d3d-bb8a-40adfd1b2dcb global_c3 done
libpng warning: eXIf: duplicate
libpng warning: eXIf: duplicate
libpng warning: eXIf: duplicate
libpng warning: eXIf: duplicate
libpng warning: eXIf: duplicate
libpng warning: eXIf: duplicate
libpng warning: eXIf: duplicate
libpng warning: eXIf: duplicate
libpng warning: eXIf: duplicate
base dir name: ['', '4T', 'CXY', 'MV-Painter', 'data', 'train_data']
alpha count: 226345 233989
reverse false
[pass2] 3171c9c4-5169-5d3d-bb8a-40adfd1b2dcb layer_fixed_mean done
libpng warning: eXIf: duplicate
libpng warning: eXIf: duplicate
libpng warning: eXIf: duplicate
libpng warning: eXIf: duplicate
libpng warning: eXIf: duplicate
libpng warning: eXIf: duplicate
libpng warning: eXIf: duplicate
libpng warning: eXIf: duplicate
libpng warning: eXIf: duplicate
base dir name: ['', '4T', 'CXY', 'MV-Painter', 'data', 'train_data']
alpha count: 226345 233989
reverse false
[pass2] 3171c9c4-5169-5d3d-bb8a-40adfd1b2dcb layer_lhl done
libpng warning: eXIf: duplicate
libpng warning: eXIf: duplicate
libpng warning: eXIf: duplicate
libpng warning: eXIf: duplicate
libpng warning: eXIf: duplicate
libpng warning: eXIf: duplicate
libpng warning: eXIf: duplicate
libpng warning: eXIf: duplicate
libpng warning: eXIf: duplicate
base dir name: ['', '4T', 'CXY', 'MV-Painter', 'data', 'train_data']
alpha count: 226345 233989
reverse false
[pass2] 3171c9c4-5169-5d3d-bb8a-40adfd1b2dcb layer_llh done
libpng warning: eXIf: duplicate
libpng warning: eXIf: duplicate
libpng warning: eXIf: duplicate
libpng warning: eXIf: duplicate
libpng warning: eXIf: duplicate
libpng warning: eXIf: duplicate
libpng warning: eXIf: duplicate
libpng warning: eXIf: duplicate
libpng warning: eXIf: duplicate
base dir name: ['', '4T', 'CXY', 'MV-Painter', 'data', 'train_data']
alpha count: 199623 198733
reverse true
[pass2] abo_07e17b7a9ccb70116480 global_fixed_low done
libpng warning: eXIf: duplicate
libpng warning: eXIf: duplicate
libpng warning: eXIf: duplicate
libpng warning: eXIf: duplicate
libpng warning: eXIf: duplicate
libpng warning: eXIf: duplicate
libpng warning: eXIf: duplicate
libpng warning: eXIf: duplicate
libpng warning: eXIf: duplicate
base dir name: ['', '4T', 'CXY', 'MV-Painter', 'data', 'train_data']
alpha count: 199623 198733
reverse true
[pass2] abo_07e17b7a9ccb70116480 global_c3 done
libpng warning: eXIf: duplicate
libpng warning: eXIf: duplicate
libpng warning: eXIf: duplicate
libpng warning: eXIf: duplicate
libpng warning: eXIf: duplicate
libpng warning: eXIf: duplicate
libpng warning: eXIf: duplicate
libpng warning: eXIf: duplicate
libpng warning: eXIf: duplicate
base dir name: ['', '4T', 'CXY', 'MV-Painter', 'data', 'train_data']
alpha count: 199623 198733
reverse true
[pass2] abo_07e17b7a9ccb70116480 layer_fixed_mean done
libpng warning: eXIf: duplicate
libpng warning: eXIf: duplicate
libpng warning: eXIf: duplicate
libpng warning: eXIf: duplicate
libpng warning: eXIf: duplicate
libpng warning: eXIf: duplicate
libpng warning: eXIf: duplicate
libpng warning: eXIf: duplicate
libpng warning: eXIf: duplicate
base dir name: ['', '4T', 'CXY', 'MV-Painter', 'data', 'train_data']
alpha count: 199623 198733
reverse true
[pass2] abo_07e17b7a9ccb70116480 layer_lhl done
libpng warning: eXIf: duplicate
libpng warning: eXIf: duplicate
libpng warning: eXIf: duplicate
libpng warning: eXIf: duplicate
libpng warning: eXIf: duplicate
libpng warning: eXIf: duplicate
libpng warning: eXIf: duplicate
libpng warning: eXIf: duplicate
libpng warning: eXIf: duplicate
base dir name: ['', '4T', 'CXY', 'MV-Painter', 'data', 'train_data']
alpha count: 199623 198733
reverse true
[pass2] abo_07e17b7a9ccb70116480 layer_llh done
libpng warning: eXIf: duplicate
libpng warning: eXIf: duplicate
libpng warning: eXIf: duplicate
libpng warning: eXIf: duplicate
libpng warning: eXIf: duplicate
libpng warning: eXIf: duplicate
libpng warning: eXIf: duplicate
libpng warning: eXIf: duplicate
libpng warning: eXIf: duplicate
base dir name: ['', '4T', 'CXY', 'MV-Painter', 'data', 'train_data']
alpha count: 201583 195179
reverse true
[pass2] abo_37cedc4394f0e732b931 global_fixed_low done
libpng warning: eXIf: duplicate
libpng warning: eXIf: duplicate
libpng warning: eXIf: duplicate
libpng warning: eXIf: duplicate
libpng warning: eXIf: duplicate
libpng warning: eXIf: duplicate
libpng warning: eXIf: duplicate
libpng warning: eXIf: duplicate
libpng warning: eXIf: duplicate
base dir name: ['', '4T', 'CXY', 'MV-Painter', 'data', 'train_data']
alpha count: 201583 195179
reverse true
[pass2] abo_37cedc4394f0e732b931 global_c3 done
libpng warning: eXIf: duplicate
libpng warning: eXIf: duplicate
libpng warning: eXIf: duplicate
libpng warning: eXIf: duplicate
libpng warning: eXIf: duplicate
libpng warning: eXIf: duplicate
libpng warning: eXIf: duplicate
libpng warning: eXIf: duplicate
libpng warning: eXIf: duplicate
base dir name: ['', '4T', 'CXY', 'MV-Painter', 'data', 'train_data']
alpha count: 201583 195179
reverse true
[pass2] abo_37cedc4394f0e732b931 layer_fixed_mean done
libpng warning: eXIf: duplicate
libpng warning: eXIf: duplicate
libpng warning: eXIf: duplicate
libpng warning: eXIf: duplicate
libpng warning: eXIf: duplicate
libpng warning: eXIf: duplicate
libpng warning: eXIf: duplicate
libpng warning: eXIf: duplicate
libpng warning: eXIf: duplicate
base dir name: ['', '4T', 'CXY', 'MV-Painter', 'data', 'train_data']
alpha count: 201583 195179
reverse true
[pass2] abo_37cedc4394f0e732b931 layer_lhl done
libpng warning: eXIf: duplicate
libpng warning: eXIf: duplicate
libpng warning: eXIf: duplicate
libpng warning: eXIf: duplicate
libpng warning: eXIf: duplicate
libpng warning: eXIf: duplicate
libpng warning: eXIf: duplicate
libpng warning: eXIf: duplicate
libpng warning: eXIf: duplicate
base dir name: ['', '4T', 'CXY', 'MV-Painter', 'data', 'train_data']
alpha count: 201583 195179
reverse true
[pass2] abo_37cedc4394f0e732b931 layer_llh done
libpng warning: eXIf: duplicate
libpng warning: eXIf: duplicate
libpng warning: eXIf: duplicate
libpng warning: eXIf: duplicate
libpng warning: eXIf: duplicate
libpng warning: eXIf: duplicate
libpng warning: eXIf: duplicate
libpng warning: eXIf: duplicate
libpng warning: eXIf: duplicate
base dir name: ['', '4T', 'CXY', 'MV-Painter', 'data', 'train_data']
alpha count: 202761 196739
reverse true
[pass2] objaverse_5e5137fdf925962b311a84f5 global_fixed_low done
libpng warning: eXIf: duplicate
libpng warning: eXIf: duplicate
libpng warning: eXIf: duplicate
libpng warning: eXIf: duplicate
libpng warning: eXIf: duplicate
libpng warning: eXIf: duplicate
libpng warning: eXIf: duplicate
libpng warning: eXIf: duplicate
libpng warning: eXIf: duplicate
base dir name: ['', '4T', 'CXY', 'MV-Painter', 'data', 'train_data']
alpha count: 202761 196739
reverse true
[pass2] objaverse_5e5137fdf925962b311a84f5 global_c3 done
libpng warning: eXIf: duplicate
libpng warning: eXIf: duplicate
libpng warning: eXIf: duplicate
libpng warning: eXIf: duplicate
libpng warning: eXIf: duplicate
libpng warning: eXIf: duplicate
libpng warning: eXIf: duplicate
libpng warning: eXIf: duplicate
libpng warning: eXIf: duplicate
base dir name: ['', '4T', 'CXY', 'MV-Painter', 'data', 'train_data']
alpha count: 202761 196739
reverse true
[pass2] objaverse_5e5137fdf925962b311a84f5 layer_fixed_mean done
libpng warning: eXIf: duplicate
libpng warning: eXIf: duplicate
libpng warning: eXIf: duplicate
libpng warning: eXIf: duplicate
libpng warning: eXIf: duplicate
libpng warning: eXIf: duplicate
libpng warning: eXIf: duplicate
libpng warning: eXIf: duplicate
libpng warning: eXIf: duplicate
base dir name: ['', '4T', 'CXY', 'MV-Painter', 'data', 'train_data']
alpha count: 202761 196739
reverse true
[pass2] objaverse_5e5137fdf925962b311a84f5 layer_lhl done
libpng warning: eXIf: duplicate
libpng warning: eXIf: duplicate
libpng warning: eXIf: duplicate
libpng warning: eXIf: duplicate
libpng warning: eXIf: duplicate
libpng warning: eXIf: duplicate
libpng warning: eXIf: duplicate
libpng warning: eXIf: duplicate
libpng warning: eXIf: duplicate
base dir name: ['', '4T', 'CXY', 'MV-Painter', 'data', 'train_data']
alpha count: 202761 196739
reverse true
[pass2] objaverse_5e5137fdf925962b311a84f5 layer_llh done
libpng warning: eXIf: duplicate
libpng warning: eXIf: duplicate
libpng warning: eXIf: duplicate
libpng warning: eXIf: duplicate
libpng warning: eXIf: duplicate
libpng warning: eXIf: duplicate
libpng warning: eXIf: duplicate
libpng warning: eXIf: duplicate
libpng warning: eXIf: duplicate
base dir name: ['', '4T', 'CXY', 'MV-Painter', 'data', 'train_data']
alpha count: 201865 199831
reverse true
[pass2] objaverse_90c8e8d8535d0467207f47fa global_fixed_low done
libpng warning: eXIf: duplicate
libpng warning: eXIf: duplicate
libpng warning: eXIf: duplicate
libpng warning: eXIf: duplicate
libpng warning: eXIf: duplicate
libpng warning: eXIf: duplicate
libpng warning: eXIf: duplicate
libpng warning: eXIf: duplicate
libpng warning: eXIf: duplicate
base dir name: ['', '4T', 'CXY', 'MV-Painter', 'data', 'train_data']
alpha count: 201865 199831
reverse true
[pass2] objaverse_90c8e8d8535d0467207f47fa global_c3 done
libpng warning: eXIf: duplicate
libpng warning: eXIf: duplicate
libpng warning: eXIf: duplicate
libpng warning: eXIf: duplicate
libpng warning: eXIf: duplicate
libpng warning: eXIf: duplicate
libpng warning: eXIf: duplicate
libpng warning: eXIf: duplicate
libpng warning: eXIf: duplicate
base dir name: ['', '4T', 'CXY', 'MV-Painter', 'data', 'train_data']
alpha count: 201865 199831
reverse true
[pass2] objaverse_90c8e8d8535d0467207f47fa layer_fixed_mean done
libpng warning: eXIf: duplicate
libpng warning: eXIf: duplicate
libpng warning: eXIf: duplicate
libpng warning: eXIf: duplicate
libpng warning: eXIf: duplicate
libpng warning: eXIf: duplicate
libpng warning: eXIf: duplicate
libpng warning: eXIf: duplicate
libpng warning: eXIf: duplicate
base dir name: ['', '4T', 'CXY', 'MV-Painter', 'data', 'train_data']
alpha count: 201865 199831
reverse true
[pass2] objaverse_90c8e8d8535d0467207f47fa layer_lhl done
libpng warning: eXIf: duplicate
libpng warning: eXIf: duplicate
libpng warning: eXIf: duplicate
libpng warning: eXIf: duplicate
libpng warning: eXIf: duplicate
libpng warning: eXIf: duplicate
libpng warning: eXIf: duplicate
libpng warning: eXIf: duplicate
libpng warning: eXIf: duplicate
base dir name: ['', '4T', 'CXY', 'MV-Painter', 'data', 'train_data']
alpha count: 201865 199831
reverse true
[pass2] objaverse_90c8e8d8535d0467207f47fa layer_llh done
libpng warning: eXIf: duplicate
libpng warning: eXIf: duplicate
libpng warning: eXIf: duplicate
libpng warning: eXIf: duplicate
libpng warning: eXIf: duplicate
libpng warning: eXIf: duplicate
libpng warning: eXIf: duplicate
libpng warning: eXIf: duplicate
libpng warning: eXIf: duplicate
base dir name: ['', '4T', 'CXY', 'MV-Painter', 'data', 'train_data']
alpha count: 257298 236800
reverse true
[pass2] objaverse_da16066dacff49bb651367ae global_fixed_low done
libpng warning: eXIf: duplicate
libpng warning: eXIf: duplicate
libpng warning: eXIf: duplicate
libpng warning: eXIf: duplicate
libpng warning: eXIf: duplicate
libpng warning: eXIf: duplicate
libpng warning: eXIf: duplicate
libpng warning: eXIf: duplicate
libpng warning: eXIf: duplicate
base dir name: ['', '4T', 'CXY', 'MV-Painter', 'data', 'train_data']
alpha count: 257298 236800
reverse true
[pass2] objaverse_da16066dacff49bb651367ae global_c3 done
libpng warning: eXIf: duplicate
libpng warning: eXIf: duplicate
libpng warning: eXIf: duplicate
libpng warning: eXIf: duplicate
libpng warning: eXIf: duplicate
libpng warning: eXIf: duplicate
libpng warning: eXIf: duplicate
libpng warning: eXIf: duplicate
libpng warning: eXIf: duplicate
base dir name: ['', '4T', 'CXY', 'MV-Painter', 'data', 'train_data']
alpha count: 257298 236800
reverse true
[pass2] objaverse_da16066dacff49bb651367ae layer_fixed_mean done
libpng warning: eXIf: duplicate
libpng warning: eXIf: duplicate
libpng warning: eXIf: duplicate
libpng warning: eXIf: duplicate
libpng warning: eXIf: duplicate
libpng warning: eXIf: duplicate
libpng warning: eXIf: duplicate
libpng warning: eXIf: duplicate
libpng warning: eXIf: duplicate
base dir name: ['', '4T', 'CXY', 'MV-Painter', 'data', 'train_data']
alpha count: 257298 236800
reverse true
[pass2] objaverse_da16066dacff49bb651367ae layer_lhl done
libpng warning: eXIf: duplicate
libpng warning: eXIf: duplicate
libpng warning: eXIf: duplicate
libpng warning: eXIf: duplicate
libpng warning: eXIf: duplicate
libpng warning: eXIf: duplicate
libpng warning: eXIf: duplicate
libpng warning: eXIf: duplicate
libpng warning: eXIf: duplicate
base dir name: ['', '4T', 'CXY', 'MV-Painter', 'data', 'train_data']
alpha count: 257298 236800
reverse true
[pass2] objaverse_da16066dacff49bb651367ae layer_llh done
libpng warning: eXIf: duplicate
libpng warning: eXIf: duplicate
libpng warning: eXIf: duplicate
libpng warning: eXIf: duplicate
libpng warning: eXIf: duplicate
libpng warning: eXIf: duplicate
libpng warning: eXIf: duplicate
libpng warning: eXIf: duplicate
libpng warning: eXIf: duplicate
base dir name: ['', '4T', 'CXY', 'MV-Painter', 'data', 'train_data']
alpha count: 195639 177120
reverse true
[pass2] objaverse_fbb993e14373cf02355a35aa global_fixed_low done
libpng warning: eXIf: duplicate
libpng warning: eXIf: duplicate
libpng warning: eXIf: duplicate
libpng warning: eXIf: duplicate
libpng warning: eXIf: duplicate
libpng warning: eXIf: duplicate
libpng warning: eXIf: duplicate
libpng warning: eXIf: duplicate
libpng warning: eXIf: duplicate
base dir name: ['', '4T', 'CXY', 'MV-Painter', 'data', 'train_data']
alpha count: 195639 177120
reverse true
[pass2] objaverse_fbb993e14373cf02355a35aa global_c3 done
libpng warning: eXIf: duplicate
libpng warning: eXIf: duplicate
libpng warning: eXIf: duplicate
libpng warning: eXIf: duplicate
libpng warning: eXIf: duplicate
libpng warning: eXIf: duplicate
libpng warning: eXIf: duplicate
libpng warning: eXIf: duplicate
libpng warning: eXIf: duplicate
base dir name: ['', '4T', 'CXY', 'MV-Painter', 'data', 'train_data']
alpha count: 195639 177120
reverse true
[pass2] objaverse_fbb993e14373cf02355a35aa layer_fixed_mean done
libpng warning: eXIf: duplicate
libpng warning: eXIf: duplicate
libpng warning: eXIf: duplicate
libpng warning: eXIf: duplicate
libpng warning: eXIf: duplicate
libpng warning: eXIf: duplicate
libpng warning: eXIf: duplicate
libpng warning: eXIf: duplicate
libpng warning: eXIf: duplicate
base dir name: ['', '4T', 'CXY', 'MV-Painter', 'data', 'train_data']
alpha count: 195639 177120
reverse true
[pass2] objaverse_fbb993e14373cf02355a35aa layer_lhl done
libpng warning: eXIf: duplicate
libpng warning: eXIf: duplicate
libpng warning: eXIf: duplicate
libpng warning: eXIf: duplicate
libpng warning: eXIf: duplicate
libpng warning: eXIf: duplicate
libpng warning: eXIf: duplicate
libpng warning: eXIf: duplicate
libpng warning: eXIf: duplicate
base dir name: ['', '4T', 'CXY', 'MV-Painter', 'data', 'train_data']
alpha count: 195639 177120
reverse true
[pass2] objaverse_fbb993e14373cf02355a35aa layer_llh done
libpng warning: eXIf: duplicate
libpng warning: eXIf: duplicate
libpng warning: eXIf: duplicate
libpng warning: eXIf: duplicate
libpng warning: eXIf: duplicate
libpng warning: eXIf: duplicate
libpng warning: eXIf: duplicate
libpng warning: eXIf: duplicate
libpng warning: eXIf: duplicate
base dir name: ['', '4T', 'CXY', 'MV-Painter', 'data', 'train_data']
alpha count: 252146 201107
reverse true
[pass2] objaverse_f2ea5ebc8f13c88db11c406d global_fixed_low done
libpng warning: eXIf: duplicate
libpng warning: eXIf: duplicate
libpng warning: eXIf: duplicate
libpng warning: eXIf: duplicate
libpng warning: eXIf: duplicate
libpng warning: eXIf: duplicate
libpng warning: eXIf: duplicate
libpng warning: eXIf: duplicate
libpng warning: eXIf: duplicate
base dir name: ['', '4T', 'CXY', 'MV-Painter', 'data', 'train_data']
alpha count: 252146 201107
reverse true
[pass2] objaverse_f2ea5ebc8f13c88db11c406d global_c3 done
libpng warning: eXIf: duplicate
libpng warning: eXIf: duplicate
libpng warning: eXIf: duplicate
libpng warning: eXIf: duplicate
libpng warning: eXIf: duplicate
libpng warning: eXIf: duplicate
libpng warning: eXIf: duplicate
libpng warning: eXIf: duplicate
libpng warning: eXIf: duplicate
base dir name: ['', '4T', 'CXY', 'MV-Painter', 'data', 'train_data']
alpha count: 252146 201107
reverse true
[pass2] objaverse_f2ea5ebc8f13c88db11c406d layer_fixed_mean done
libpng warning: eXIf: duplicate
libpng warning: eXIf: duplicate
libpng warning: eXIf: duplicate
libpng warning: eXIf: duplicate
libpng warning: eXIf: duplicate
libpng warning: eXIf: duplicate
libpng warning: eXIf: duplicate
libpng warning: eXIf: duplicate
libpng warning: eXIf: duplicate
base dir name: ['', '4T', 'CXY', 'MV-Painter', 'data', 'train_data']
alpha count: 252146 201107
reverse true
[pass2] objaverse_f2ea5ebc8f13c88db11c406d layer_lhl done
libpng warning: eXIf: duplicate
libpng warning: eXIf: duplicate
libpng warning: eXIf: duplicate
libpng warning: eXIf: duplicate
libpng warning: eXIf: duplicate
libpng warning: eXIf: duplicate
libpng warning: eXIf: duplicate
libpng warning: eXIf: duplicate
libpng warning: eXIf: duplicate
base dir name: ['', '4T', 'CXY', 'MV-Painter', 'data', 'train_data']
alpha count: 252146 201107
reverse true
[pass2] objaverse_f2ea5ebc8f13c88db11c406d layer_llh done
libpng warning: eXIf: duplicate
libpng warning: eXIf: duplicate
libpng warning: eXIf: duplicate
libpng warning: eXIf: duplicate
libpng warning: eXIf: duplicate
libpng warning: eXIf: duplicate
libpng warning: eXIf: duplicate
libpng warning: eXIf: duplicate
libpng warning: eXIf: duplicate
base dir name: ['', '4T', 'CXY', 'MV-Painter', 'data', 'train_data']
alpha count: 206410 179973
reverse true
[pass2] objaverse_90b2ef794601a80bfac3c90a global_fixed_low done
libpng warning: eXIf: duplicate
libpng warning: eXIf: duplicate
libpng warning: eXIf: duplicate
libpng warning: eXIf: duplicate
libpng warning: eXIf: duplicate
libpng warning: eXIf: duplicate
libpng warning: eXIf: duplicate
libpng warning: eXIf: duplicate
libpng warning: eXIf: duplicate
base dir name: ['', '4T', 'CXY', 'MV-Painter', 'data', 'train_data']
alpha count: 206410 179973
reverse true
[pass2] objaverse_90b2ef794601a80bfac3c90a global_c3 done
libpng warning: eXIf: duplicate
libpng warning: eXIf: duplicate
libpng warning: eXIf: duplicate
libpng warning: eXIf: duplicate
libpng warning: eXIf: duplicate
libpng warning: eXIf: duplicate
libpng warning: eXIf: duplicate
libpng warning: eXIf: duplicate
libpng warning: eXIf: duplicate
base dir name: ['', '4T', 'CXY', 'MV-Painter', 'data', 'train_data']
alpha count: 206410 179973
reverse true
[pass2] objaverse_90b2ef794601a80bfac3c90a layer_fixed_mean done
libpng warning: eXIf: duplicate
libpng warning: eXIf: duplicate
libpng warning: eXIf: duplicate
libpng warning: eXIf: duplicate
libpng warning: eXIf: duplicate
libpng warning: eXIf: duplicate
libpng warning: eXIf: duplicate
libpng warning: eXIf: duplicate
libpng warning: eXIf: duplicate
base dir name: ['', '4T', 'CXY', 'MV-Painter', 'data', 'train_data']
alpha count: 206410 179973
reverse true
[pass2] objaverse_90b2ef794601a80bfac3c90a layer_lhl done
libpng warning: eXIf: duplicate
libpng warning: eXIf: duplicate
libpng warning: eXIf: duplicate
libpng warning: eXIf: duplicate
libpng warning: eXIf: duplicate
libpng warning: eXIf: duplicate
libpng warning: eXIf: duplicate
libpng warning: eXIf: duplicate
libpng warning: eXIf: duplicate
base dir name: ['', '4T', 'CXY', 'MV-Painter', 'data', 'train_data']
alpha count: 206410 179973
reverse true
[pass2] objaverse_90b2ef794601a80bfac3c90a layer_llh done
written /4T/CXY/MV-Painter/final/round2/coordination/main_backbone_robustness1_20260930/ROBUSTNESS1_SHARED_INPUT_AUDIT.pass2.json
